#
# A fatal error has been detected by the Java Runtime Environment:
#
#  EXCEPTION_ACCESS_VIOLATION (0xc0000005) at pc=0x00007ff8067726c4, pid=33268, tid=17492
#
# JRE version: Java(TM) SE Runtime Environment (24.0.1+9) (build 24.0.1+9-30)
# Java VM: Java HotSpot(TM) 64-Bit Server VM (24.0.1+9-30, mixed mode, sharing, tiered, compressed oops, compressed class ptrs, g1 gc, windows-amd64)
# Problematic frame:
# C  0x00007ff8067726c4
#
# No core dump will be written. Minidumps are not enabled by default on client versions of Windows
#
# JFR recording file will be written. Location: C:\Users\lukas\Desktop\Uni\GameCraft\Snake-Gamecraft\hs_err_pid33268.jfr
#
# If you would like to submit a bug report, please visit:
#   https://bugreport.java.com/bugreport/crash.jsp
# The crash happened outside the Java Virtual Machine in native code.
# See problematic frame for where to report the bug.
#

---------------  S U M M A R Y ------------

Command Line: -javaagent:C:\Program Files\JetBrains\IntelliJ IDEA 2025.1\lib\idea_rt.jar=64012 -Dfile.encoding=UTF-8 -Dsun.stdout.encoding=UTF-8 -Dsun.stderr.encoding=UTF-8 --module-path=C:\Users\lukas\.m2\repository\com\github\almasb\fxgl\17.3\fxgl-17.3.jar;C:\Users\lukas\.m2\repository\net\synedra\validatorfx\0.5.0\validatorfx-0.5.0.jar;C:\Users\lukas\.m2\repository\org\kordamp\ikonli\ikonli-core\12.3.1\ikonli-core-12.3.1.jar;C:\Users\lukas\.m2\repository\com\gluonhq\attach\lifecycle\4.0.17\lifecycle-4.0.17.jar;C:\Users\lukas\.m2\repository\org\openjfx\javafx-swing\17.0.6\javafx-swing-17.0.6-win.jar;C:\Users\lukas\.m2\repository\org\kordamp\bootstrapfx\bootstrapfx-core\0.4.0\bootstrapfx-core-0.4.0.jar;C:\Users\lukas\.m2\repository\org\controlsfx\controlsfx\11.2.1\controlsfx-11.2.1.jar;C:\Users\lukas\.m2\repository\eu\hansolo\toolboxfx\21.0.3\toolboxfx-21.0.3.jar;C:\Users\lukas\.m2\repository\org\openjfx\javafx-graphics\24.0.1\javafx-graphics-24.0.1-win.jar;C:\Users\lukas\.m2\repository\eu\hansolo\fx\heatmap\21.0.3\heatmap-21.0.3.jar;C:\Users\lukas\.m2\repository\org\openjfx\javafx-media\17.0.6\javafx-media-17.0.6-win.jar;C:\Users\lukas\.m2\repository\com\gluonhq\attach\util\4.0.17\util-4.0.17.jar;C:\Users\lukas\.m2\repository\org\openjfx\javafx-base\24.0.1\javafx-base-24.0.1-win.jar;C:\Users\lukas\.m2\repository\com\gluonhq\attach\storage\4.0.17\storage-4.0.17.jar;C:\Users\lukas\.m2\repository\io\github\mkpaz\atlantafx-base\2.0.1\atlantafx-base-2.0.1.jar;C:\Users\lukas\.m2\repository\com\fasterxml\jackson\core\jackson-annotations\2.14.2\jackson-annotations-2.14.2.jar;C:\Users\lukas\.m2\repository\com\github\almasb\fxgl-gameplay\17.3\fxgl-gameplay-17.3.jar;C:\Users\lukas\.m2\repository\org\openjfx\javafx-fxml\17.0.6\javafx-fxml-17.0.6-win.jar;C:\Users\lukas\.m2\repository\eu\hansolo\fx\countries\21.0.3\countries-21.0.3.jar;C:\Users\lukas\.m2\repository\org\openjfx\javafx-controls\24.0.1\javafx-controls-24.0.1-win.jar;C:\Users\lukas\.m2\repository\com\dlsc\formsfx\formsfx-core\11.6.0\formsfx-core-11.6.0.jar;C:\Users\lukas\.m2\repository\org\openjfx\javafx-web\17.0.6\javafx-web-17.0.6-win.jar;C:\Users\lukas\.m2\repository\com\github\al-Djdk.module.main=com.cosmic.snakegamecraft com.cosmic.snakegamecraft/com.cosmic.snakegamecraft.Main

Host: AMD Ryzen 7 7800X3D 8-Core Processor           , 16 cores, 31G,  Windows 11 , 64 bit Build 26100 (10.0.26100.3912)
Time: Mon Jun  9 17:30:03 2025 Mitteleuropäische Sommerzeit elapsed time: 2.257729 seconds (0d 0h 0m 2s)

---------------  T H R E A D  ---------------

Current thread (0x0000020d45010300):  JavaThread "Attach Listener" daemon [_thread_in_native, id=17492, stack(0x00000054ea000000,0x00000054ea100000) (1024K)]

Stack: [0x00000054ea000000,0x00000054ea100000],  sp=0x00000054ea0ff350,  free space=1020k
Native frames: (J=compiled Java code, j=interpreted, Vv=VM code, C=native code)
C  0x00007ff8067726c4  (no source info available)
C  0x00007ff806772b9b  (no source info available)
C  0x00007ff8067717f4  (no source info available)
C  0x00007ff80677206a  (no source info available)
C  0x00007ff80676cc21  (no source info available)
C  0x00007ff80675e5e1  (no source info available)
C  0x00007ff80675d2f8  (no source info available)
C  0x00007ff80675d1e0  (no source info available)
C  0x00007ff8067641b9  (no source info available)
V  [jvm.dll+0x57eff7]  (no source info available)
V  [jvm.dll+0x57fdac]  (no source info available)
V  [jvm.dll+0x14ca17]  (no source info available)
V  [jvm.dll+0x14dfe1]  (no source info available)
V  [jvm.dll+0x42f456]  (no source info available)
V  [jvm.dll+0x87d76b]  (no source info available)
V  [jvm.dll+0x72ee55]  (no source info available)
C  [ucrtbase.dll+0x37b0]  (no source info available)
C  [KERNEL32.DLL+0x2e8d7]  (no source info available)
C  [ntdll.dll+0x9c5dc]  (no source info available)


siginfo: EXCEPTION_ACCESS_VIOLATION (0xc0000005), reading address 0xffffffffffffffff


Registers:
RAX=0x0000000000000010, RBX=0x0000000000000000, RCX=0xffffffffffffffff, RDX=0x007fff5ca6301010
RSP=0x00000054ea0ff350, RBP=0x0000020d52729348, RSI=0x00000054ea0ff4c0, RDI=0x0000020d52729348
R8 =0x0000000000000042, R9 =0x0000000628417b30, R10=0x00007fff5ccd9fb0, R11=0x000000000000000a
R12=0x00000054ea0ff4c0, R13=0x0000020d51d49550, R14=0x0000020d450106c8, R15=0x0000020d450106c8
RIP=0x00007ff8067726c4, EFLAGS=0x0000000000010202

XMM[0]=0x0000000000000000 0x0000000000000000
XMM[1]=0x0000000000000000 0x0000000000000000
XMM[2]=0x0000000000000000 0x0000000000000000
XMM[3]=0x0000000000000000 0x0000000000000000
XMM[4]=0x0000000000000000 0x0000000000000000
XMM[5]=0x0000000000000000 0x0000000000000000
XMM[6]=0x0000000000000000 0x0000000000000000
XMM[7]=0x0000000000000000 0x0000000000000000
XMM[8]=0x0000000000000000 0x0000000000000000
XMM[9]=0x0000000000000000 0x0000000000000000
XMM[10]=0x0000000000000000 0x0000000000000000
XMM[11]=0x0000000000000000 0x0000000000000000
XMM[12]=0x0000000000000000 0x0000000000000000
XMM[13]=0x0000000000000000 0x0000000000000000
XMM[14]=0x0000000000000000 0x0000000000000000
XMM[15]=0x0000000000000000 0x0000000000000000
  MXCSR=0x00001fa0


Register to memory mapping:

RAX=0x0000000000000010 is an unknown value
RBX=0x0 is null
RCX=0xffffffffffffffff is an unknown value
RDX=0x007fff5ca6301010 is an unknown value
RSP=0x00000054ea0ff350 is pointing into the stack for thread: 0x0000020d45010300
RBP=0x0000020d52729348 points into unknown readable memory: 0x0000000628417b30 | 30 7b 41 28 06 00 00 00
RSI=0x00000054ea0ff4c0 is pointing into the stack for thread: 0x0000020d45010300
RDI=0x0000020d52729348 points into unknown readable memory: 0x0000000628417b30 | 30 7b 41 28 06 00 00 00
R8 =0x0000000000000042 is an unknown value
R9 =0x0000000628417b30 is an oop: java.lang.Thread 
{0x0000000628417b30} - klass: 'java/lang/Thread' - flags: 

 - ---- fields (total size 14 words):
 - 'threadLocalRandomProbe' 'I' @12  0 (0x00000000)
 - private volatile 'eetop' 'J' @16  2256359427312 (0x0000020d59808cf0)
 - private final 'tid' 'J' @24  3 (0x0000000000000003)
 - 'threadLocalRandomSeed' 'J' @32  0 (0x0000000000000000)
 - injected 'jvmti_thread_state' 'J' @40  2256230629984 (0x0000020d51d34260)
 - 'threadLocalRandomSecondarySeed' 'I' @48  0 (0x00000000)
 - injected 'jvmti_VTMS_transition_disable_count' 'I' @52  0 (0x00000000)
 - injected 'jfr_epoch' 'S' @56  0 (0x0000)
 - volatile 'interrupted' 'Z' @58  false (0x00)
 - injected 'jvmti_is_in_VTMS_transition' 'Z' @59  false (0x00)
 - private volatile 'name' 'Ljava/lang/String;' @60  "main"{0x00000006283ce290} (0xc5079c52)
 - private volatile 'contextClassLoader' 'Ljava/lang/ClassLoader;' @64  a 'jdk/internal/loader/ClassLoaders$AppClassLoader'{0x000000062845f488} (0xc508be91)
 - private final 'holder' 'Ljava/lang/Thread$FieldHolder;' @68  a 'java/lang/Thread$FieldHolder'{0x00000006283ce2c0} (0xc5079c58)
 - 'threadLocals' 'Ljava/lang/ThreadLocal$ThreadLocalMap;' @72  a 'java/lang/ThreadLocal$ThreadLocalMap'{0x00000006283ce2e8} (0xc5079c5d)
 - 'inheritableThreadLocals' 'Ljava/lang/ThreadLocal$ThreadLocalMap;' @76  null (0x00000000)
 - private 'scopedValueBindings' 'Ljava/lang/Object;' @80  a 'java/lang/Class'{0x00000007ffc7c890} = 'java/lang/Thread' (0xfff8f912)
 - final 'interruptLock' 'Ljava/lang/Object;' @84  a 'java/lang/Object'{0x00000006283ce6d0} (0xc5079cda)
 - private volatile 'parkBlocker' 'Ljava/lang/Object;' @88  a 'java/util/concurrent/CountDownLatch$Sync'{0x0000000628417b10} (0xc5082f62)
 - private 'nioBlocker' 'Lsun/nio/ch/Interruptible;' @92  null (0x00000000)
 - private 'cont' 'Ljdk/internal/vm/Continuation;' @96  null (0x00000000)
 - private volatile 'uncaughtExceptionHandler' 'Ljava/lang/Thread$UncaughtExceptionHandler;' @100  null (0x00000000)
 - private 'container' 'Ljdk/internal/vm/ThreadContainer;' @104  null (0x00000000)
 - private volatile 'headStackableScopes' 'Ljdk/internal/vm/StackableScope;' @108  null (0x00000000)
R10=0x00007fff5ccd9fb0 jvm.dll
R11=0x000000000000000a is an unknown value
R12=0x00000054ea0ff4c0 is pointing into the stack for thread: 0x0000020d45010300
R13=0x0000020d51d49550 points into unknown readable memory: 0x00007fff5cc4a510 | 10 a5 c4 5c ff 7f 00 00
R14=0x0000020d450106c8 points into unknown readable memory: 0x00007fff5cc417b0 | b0 17 c4 5c ff 7f 00 00
R15=0x0000020d450106c8 points into unknown readable memory: 0x00007fff5cc417b0 | b0 17 c4 5c ff 7f 00 00

Top of Stack: (sp=0x00000054ea0ff350)
0x00000054ea0ff350:   00000054ea0ff4c0 0000020d52729348   ....T...H.rR....
0x00000054ea0ff360:   0000000000000000 0000020d45010a50   ........P..E....
0x00000054ea0ff370:   0000000000000049 00007ff806772b9b   I........+w.....
0x00000054ea0ff380:   0000000000000000 0000020d450106c8   ...........E....
0x00000054ea0ff390:   00000054ea0ff401 0000000000000000   ....T...........
0x00000054ea0ff3a0:   0000020d521517a0 00007ff8067717f4   ...R......w.....
0x00000054ea0ff3b0:   0000000000000000 0000000000000049   ........I.......
0x00000054ea0ff3c0:   0000000000000000 0000000000000049   ........I.......
0x00000054ea0ff3d0:   0000001400000002 0000020d51f847a0   .........G.Q....
0x00000054ea0ff3e0:   0000020d521517a0 0000020d521518c4   ...R.......R....
0x00000054ea0ff3f0:   0000020d52151918 0000000000004a24   ...R....$J......
0x00000054ea0ff400:   0000000000000000 0000000000000000   ................
0x00000054ea0ff410:   0000000000000000 00007fff5c4a57d4   .........WJ\....
0x00000054ea0ff420:   00007ff8068b4ca0 00000000000081f4   .L..............
0x00000054ea0ff430:   00007ff8068b4ca0 00000000ffffffff   .L..............
0x00000054ea0ff440:   0000000000000000 00007ff80677206a   ........j w.....
0x00000054ea0ff450:   0000020d450106c8 0000000000000000   ...E............
0x00000054ea0ff460:   00000054ea0ff4c9 0000020d51d49550   ....T...P..Q....
0x00000054ea0ff470:   0000000000000004 0000000000000048   ........H.......
0x00000054ea0ff480:   0000000800800310 0000000000000020   ........ .......
0x00000054ea0ff490:   0000020d450106c8 00007ff8068b4ca0   ...E.....L......
0x00000054ea0ff4a0:   0000020d45011a90 0000020d51d34260   ...E....`B.Q....
0x00000054ea0ff4b0:   0000000800800390 0000020d450106c8   ...........E....
0x00000054ea0ff4c0:   0000020d52f78330 0000020d52f78c50   0..R....P..R....
0x00000054ea0ff4d0:   0000020d52f78c50 00007ff8068b4ca0   P..R.....L......
0x00000054ea0ff4e0:   0000020d51dfa058 00000054ea0ff658   X..Q....X...T...
0x00000054ea0ff4f0:   00000054ea0ff790 0000000000008840   ....T...@.......
0x00000054ea0ff500:   00000054ea0ff970 00007ff8068b4cf0   p...T....L......
0x00000054ea0ff510:   0000000000989680 0000000000989680   ................
0x00000054ea0ff520:   00000054ea0ff630 00007ff80676cc21   0...T...!.v.....
0x00000054ea0ff530:   00007ff8068b4ca0 00007ff8068b4cf8   .L.......L......
0x00000054ea0ff540:   00007ff800000000 00007fff00000001   ................

Instructions: (pc=0x00007ff8067726c4)
  0x00007ff8067725c4:   cc cc cc cc cc cc cc cc cc cc cc cc cc cc cc cc
  0x00007ff8067725d4:   cc cc cc cc cc cc cc cc cc cc cc cc cc cc cc cc
  0x00007ff8067725e4:   cc cc cc cc cc cc cc cc cc cc cc cc cc cc cc cc
  0x00007ff8067725f4:   cc cc cc cc cc cc cc cc cc cc cc cc cc cc cc cc
  0x00007ff806772604:   cc cc cc cc cc cc cc cc cc cc cc cc cc cc cc cc
  0x00007ff806772614:   cc cc cc cc cc cc cc cc cc cc cc cc cc cc cc cc
  0x00007ff806772624:   cc cc cc cc cc cc cc cc cc cc cc cc cc cc cc cc
  0x00007ff806772634:   cc cc cc cc cc cc cc cc cc cc cc cc cc cc cc cc
  0x00007ff806772644:   cc cc cc cc cc cc cc cc cc cc cc cc 40 57 48 83
  0x00007ff806772654:   ec 20 48 8b f9 48 8b 0d 10 28 14 00 48 85 c9 74
  0x00007ff806772664:   20 48 8b 01 48 8d 54 24 38 41 b8 06 00 01 00 4c
  0x00007ff806772674:   8b 48 30 41 ff d1 85 c0 75 07 48 8b 4c 24 38 eb
  0x00007ff806772684:   02 33 c9 4c 8b 05 ea 28 14 00 48 89 5c 24 30 4d
  0x00007ff806772694:   85 c0 74 4a 48 8b 01 48 8b d7 4c 8b 88 28 03 00
  0x00007ff8067726a4:   00 41 ff d1 48 85 c0 74 35 48 63 0d f8 e6 13 00
  0x00007ff8067726b4:   48 8b 14 01 48 85 d2 74 15 48 63 05 fc e6 13 00
=>0x00007ff8067726c4:   8b 04 10 48 8b 5c 24 30 48 83 c4 20 5f c3 b8 ff
  0x00007ff8067726d4:   ff ff ff 48 8b 5c 24 30 48 83 c4 20 5f c3 80 3d
  0x00007ff8067726e4:   9b 27 14 00 00 bb ff ff ff ff 74 20 4c 8b 0d 31
  0x00007ff8067726f4:   24 14 00 4c 8d 44 24 38 48 8b 0d 15 24 14 00 48
  0x00007ff806772704:   8b d7 41 ff d1 85 c0 0f 44 5c 24 38 8b c3 48 8b
  0x00007ff806772714:   5c 24 30 48 83 c4 20 5f c3 cc cc cc cc cc cc cc
  0x00007ff806772724:   cc cc cc cc cc cc cc cc cc cc cc cc cc cc cc cc
  0x00007ff806772734:   cc cc cc cc cc cc cc cc cc cc cc cc cc cc cc cc
  0x00007ff806772744:   cc cc cc cc cc cc cc cc cc cc cc cc 48 89 54 24
  0x00007ff806772754:   10 53 55 56 57 41 56 41 57 48 83 ec 28 48 8b f2
  0x00007ff806772764:   4c 8b f1 48 89 4c 24 78 45 33 ff 44 89 7c 24 68
  0x00007ff806772774:   c7 44 24 60 01 00 00 00 48 8d 4c 24 68 e8 ed 42
  0x00007ff806772784:   f7 ff 8b d8 48 8d 4c 24 60 e8 e1 42 f7 ff 8b e8
  0x00007ff806772794:   49 8b ce e8 00 fc f6 ff 48 8b f8 90 8b c3 f0 0f
  0x00007ff8067727a4:   b1 2f 74 04 f3 90 eb f4 4c 89 3e 4c 89 7e 08 4c
  0x00007ff8067727b4:   89 7e 10 49 8b 6e 08 4d 8b 76 10 49 3b ee 0f 84


Stack slot to memory mapping:

stack at sp + 0 slots: 0x00000054ea0ff4c0 is pointing into the stack for thread: 0x0000020d45010300
stack at sp + 1 slots: 0x0000020d52729348 points into unknown readable memory: 0x0000000628417b30 | 30 7b 41 28 06 00 00 00
stack at sp + 2 slots: 0x0 is null
stack at sp + 3 slots: 0x0000020d45010a50 points into unknown readable memory: 0x6e616c2e6176616a | 6a 61 76 61 2e 6c 61 6e
stack at sp + 4 slots: 0x0000000000000049 is an unknown value
stack at sp + 5 slots: 0x00007ff806772b9b points into unknown readable memory: 44 8b d8 83 f8
stack at sp + 6 slots: 0x0 is null
stack at sp + 7 slots: 0x0000020d450106c8 points into unknown readable memory: 0x00007fff5cc417b0 | b0 17 c4 5c ff 7f 00 00

Lock stack of current Java thread (top to bottom):


---------------  P R O C E S S  ---------------

Threads class SMR info:
_java_thread_list=0x0000020d51f48cb0, length=27, elements={
0x0000020d59808cf0, 0x0000020d4500a4f0, 0x0000020d4500ad30, 0x0000020d4500f220,
0x0000020d45010300, 0x0000020d450159c0, 0x0000020d45017060, 0x0000020d4501ad60,
0x0000020d4502d1a0, 0x0000020d4508dce0, 0x0000020d45182730, 0x0000020d4518cae0,
0x0000020d4518d5b0, 0x0000020d472fd920, 0x0000020d46c4d780, 0x0000020d471b4af0,
0x0000020d4541a9e0, 0x0000020d462444f0, 0x0000020d476421d0, 0x0000020d46568c60,
0x0000020d460006d0, 0x0000020d47732490, 0x0000020d4784eb40, 0x0000020d4784ce00,
0x0000020d47850130, 0x0000020d52e99520, 0x0000020d52e977e0
}

Java Threads: ( => current thread )
  0x0000020d59808cf0 JavaThread "main"                              [_thread_blocked, id=21240, stack(0x00000054e9500000,0x00000054e9600000) (1024K)]
  0x0000020d4500a4f0 JavaThread "Reference Handler"          daemon [_thread_blocked, id=26780, stack(0x00000054e9d00000,0x00000054e9e00000) (1024K)]
  0x0000020d4500ad30 JavaThread "Finalizer"                  daemon [_thread_blocked, id=14316, stack(0x00000054e9e00000,0x00000054e9f00000) (1024K)]
  0x0000020d4500f220 JavaThread "Signal Dispatcher"          daemon [_thread_blocked, id=26944, stack(0x00000054e9f00000,0x00000054ea000000) (1024K)]
=>0x0000020d45010300 JavaThread "Attach Listener"            daemon [_thread_in_native, id=17492, stack(0x00000054ea000000,0x00000054ea100000) (1024K)]
  0x0000020d450159c0 JavaThread "Service Thread"             daemon [_thread_blocked, id=25964, stack(0x00000054ea100000,0x00000054ea200000) (1024K)]
  0x0000020d45017060 JavaThread "Monitor Deflation Thread"   daemon [_thread_blocked, id=18620, stack(0x00000054ea200000,0x00000054ea300000) (1024K)]
  0x0000020d4501ad60 JavaThread "C2 CompilerThread0"         daemon [_thread_blocked, id=7244, stack(0x00000054ea300000,0x00000054ea400000) (1024K)]
  0x0000020d4502d1a0 JavaThread "C1 CompilerThread0"         daemon [_thread_blocked, id=6364, stack(0x00000054ea400000,0x00000054ea500000) (1024K)]
  0x0000020d4508dce0 JavaThread "C1 CompilerThread1"         daemon [_thread_blocked, id=17048, stack(0x00000054ea500000,0x00000054ea600000) (1024K)]
  0x0000020d45182730 JavaThread "Common-Cleaner"             daemon [_thread_blocked, id=31716, stack(0x00000054ea600000,0x00000054ea700000) (1024K)]
  0x0000020d4518cae0 JavaThread "C1 CompilerThread2"         daemon [_thread_blocked, id=19060, stack(0x00000054ea700000,0x00000054ea800000) (1024K)]
  0x0000020d4518d5b0 JavaThread "C1 CompilerThread3"         daemon [_thread_blocked, id=18568, stack(0x00000054ea800000,0x00000054ea900000) (1024K)]
  0x0000020d472fd920 JavaThread "Monitor Ctrl-Break"         daemon [_thread_in_native, id=33936, stack(0x00000054eb000000,0x00000054eb100000) (1024K)]
  0x0000020d46c4d780 JavaThread "Notification Thread"        daemon [_thread_blocked, id=25704, stack(0x00000054eb100000,0x00000054eb200000) (1024K)]
  0x0000020d471b4af0 JavaThread "JavaFX-Launcher"                   [_thread_blocked, id=16392, stack(0x00000054eb200000,0x00000054eb300000) (1024K)]
  0x0000020d4541a9e0 JavaThread "RMI TCP Accept-0"           daemon [_thread_in_native, id=2984, stack(0x00000054eb300000,0x00000054eb400000) (1024K)]
  0x0000020d462444f0 JavaThread "RMI TCP Connection(1)-192.168.178.77" daemon [_thread_in_native, id=32896, stack(0x00000054eb400000,0x00000054eb500000) (1024K)]
  0x0000020d476421d0 JavaThread "RMI Scheduler(0)"           daemon [_thread_blocked, id=12160, stack(0x00000054eb500000,0x00000054eb600000) (1024K)]
  0x0000020d46568c60 JavaThread "JMX server connection timeout 41" daemon [_thread_blocked, id=34644, stack(0x00000054eb600000,0x00000054eb700000) (1024K)]
  0x0000020d460006d0 JavaThread "QuantumRenderer-0"          daemon [_thread_blocked, id=5264, stack(0x00000054eb700000,0x00000054eb800000) (1024K)]
  0x0000020d47732490 JavaThread "InvokeLaterDispatcher"      daemon [_thread_blocked, id=31404, stack(0x00000054eb800000,0x00000054eb900000) (1024K)]
  0x0000020d4784eb40 JavaThread "JavaFX Application Thread"         [_thread_in_native, id=27512, stack(0x00000054eb900000,0x00000054eba00000) (1024K)]
  0x0000020d4784ce00 JavaThread "Thread-2"                   daemon [_thread_in_native, id=12308, stack(0x00000054eab00000,0x00000054eac00000) (1024K)]
  0x0000020d47850130 JavaThread "Prism Font Disposer"        daemon [_thread_blocked, id=23440, stack(0x00000054eda00000,0x00000054edb00000) (1024K)]
  0x0000020d52e99520 JavaThread "JFR Recorder Thread"        daemon [_thread_in_native, id=30608, stack(0x00000054ed700000,0x00000054ed800000) (1024K)]
  0x0000020d52e977e0 JavaThread "JFR Periodic Tasks"         daemon [_thread_blocked, id=18980, stack(0x00000054ed800000,0x00000054ed900000) (1024K)]
Total: 27

Other Threads:
  0x0000020d7b866cd0 VMThread "VM Thread"                           [id=24012, stack(0x00000054e9c00000,0x00000054e9d00000) (1024K)]
  0x0000020d7b7391f0 WatcherThread "VM Periodic Task Thread"        [id=25188, stack(0x00000054e9b00000,0x00000054e9c00000) (1024K)]
  0x0000020d7b6afb70 WorkerThread "GC Thread#0"                     [id=14300, stack(0x00000054e9600000,0x00000054e9700000) (1024K)]
  0x0000020d47b70030 WorkerThread "GC Thread#1"                     [id=32728, stack(0x00000054eac00000,0x00000054ead00000) (1024K)]
  0x0000020d51a3bdc0 WorkerThread "GC Thread#2"                     [id=10088, stack(0x00000054ead00000,0x00000054eae00000) (1024K)]
  0x0000020d47b8da00 WorkerThread "GC Thread#3"                     [id=24488, stack(0x00000054eae00000,0x00000054eaf00000) (1024K)]
  0x0000020d51a46c40 WorkerThread "GC Thread#4"                     [id=33836, stack(0x00000054eaf00000,0x00000054eb000000) (1024K)]
  0x0000020d51a12af0 WorkerThread "GC Thread#5"                     [id=15264, stack(0x00000054ecd00000,0x00000054ece00000) (1024K)]
  0x0000020d51a12740 WorkerThread "GC Thread#6"                     [id=19776, stack(0x00000054ece00000,0x00000054ecf00000) (1024K)]
  0x0000020d51a12ea0 WorkerThread "GC Thread#7"                     [id=11172, stack(0x00000054ecf00000,0x00000054ed000000) (1024K)]
  0x0000020d51a11fe0 WorkerThread "GC Thread#8"                     [id=17596, stack(0x00000054ed000000,0x00000054ed100000) (1024K)]
  0x0000020d51a12390 WorkerThread "GC Thread#9"                     [id=23008, stack(0x00000054ed100000,0x00000054ed200000) (1024K)]
  0x0000020d51a13250 WorkerThread "GC Thread#10"                    [id=17256, stack(0x00000054ed200000,0x00000054ed300000) (1024K)]
  0x0000020d51a13600 WorkerThread "GC Thread#11"                    [id=11304, stack(0x00000054ed300000,0x00000054ed400000) (1024K)]
  0x0000020d59884370 ConcurrentGCThread "G1 Main Marker"            [id=23236, stack(0x00000054e9700000,0x00000054e9800000) (1024K)]
  0x0000020d59886630 WorkerThread "G1 Conc#0"                       [id=12996, stack(0x00000054e9800000,0x00000054e9900000) (1024K)]
  0x0000020d51bd5f40 WorkerThread "G1 Conc#1"                       [id=4260, stack(0x00000054ed500000,0x00000054ed600000) (1024K)]
  0x0000020d51bd5b90 WorkerThread "G1 Conc#2"                       [id=17388, stack(0x00000054ed600000,0x00000054ed700000) (1024K)]
  0x0000020d7b7229e0 ConcurrentGCThread "G1 Refine#0"               [id=17296, stack(0x00000054e9900000,0x00000054e9a00000) (1024K)]
  0x0000020d7b723560 ConcurrentGCThread "G1 Service"                [id=32264, stack(0x00000054e9a00000,0x00000054e9b00000) (1024K)]
Total: 20

Threads with active compile tasks:
Total: 0

VM state: not at safepoint (normal execution)

VM Mutex/Monitor currently owned by a thread: None

Heap address: 0x000000060e800000, size: 7960 MB, Compressed Oops mode: Zero based, Oop shift amount: 3

CDS archive(s) mapped at: [0x0000020d00000000-0x0000020d00d40000-0x0000020d00d40000), size 13893632, SharedBaseAddress: 0x0000020d00000000, ArchiveRelocationMode: 1.
Compressed class space mapped at: 0x0000020d01000000-0x0000020d41000000, reserved size: 1073741824
UseCompressedClassPointers 1, UseCompactObjectHeaders 0
Narrow klass pointer bits 32, Max shift 3
Narrow klass base: 0x0000020d00000000, Narrow klass shift: 0
Encoding Range: [0x0000020d00000000 - 0x0000020e00000000), (4294967296 bytes)
Klass Range:    [0x0000020d00000000 - 0x0000020d41000000), (1090519040 bytes)
Klass ID Range:  [8 - 1090519033) (1090519025)

GC Precious Log:
 CardTable entry size: 512
 Card Set container configuration: InlinePtr #cards 4 size 8 Array Of Cards #cards 32 size 80 Howl #buckets 8 coarsen threshold 7372 Howl Bitmap #cards 1024 size 144 coarsen threshold 921 Card regions per heap region 1 cards per card region 8192
 CPUs: 16 total, 16 available
 Memory: 31831M
 Large Page Support: Disabled
 NUMA Support: Disabled
 Compressed Oops: Enabled (Zero based)
 Heap Region Size: 4M
 Heap Min Capacity: 8M
 Heap Initial Capacity: 500M
 Heap Max Capacity: 7960M
 Pre-touch: Disabled
 Parallel Workers: 13
 Concurrent Workers: 3
 Concurrent Refinement Workers: 13
 Periodic GC: Disabled

Heap:
 garbage-first heap   total reserved 8151040K, committed 81920K, used 41247K [0x000000060e800000, 0x0000000800000000)
  region size 4096K, 10 young (40960K), 4 survivors (16384K)
 Metaspace       used 22287K, committed 22592K, reserved 1114112K
  class space    used 2784K, committed 2944K, reserved 1048576K

Heap Regions: E=young(eden), S=young(survivor), O=old, HS=humongous(starts), HC=humongous(continues), CS=collection set, F=free, TAMS=top-at-mark-start, PB=parsable bottom
|   0|0x000000060e800000, 0x000000060ec00000, 0x000000060ec00000|100%|HS|  |TAMS 0x000000060e800000| PB 0x000000060e800000| Complete |  0
|   1|0x000000060ec00000, 0x000000060ec00000, 0x000000060f000000|  0%| F|  |TAMS 0x000000060ec00000| PB 0x000000060ec00000| Untracked |  0
|   2|0x000000060f000000, 0x000000060f000000, 0x000000060f400000|  0%| F|  |TAMS 0x000000060f000000| PB 0x000000060f000000| Untracked |  0
|   3|0x000000060f400000, 0x000000060f400000, 0x000000060f800000|  0%| F|  |TAMS 0x000000060f400000| PB 0x000000060f400000| Untracked |  0
|   4|0x000000060f800000, 0x000000060f800000, 0x000000060fc00000|  0%| F|  |TAMS 0x000000060f800000| PB 0x000000060f800000| Untracked |  0
|   5|0x000000060fc00000, 0x000000060fc00000, 0x0000000610000000|  0%| F|  |TAMS 0x000000060fc00000| PB 0x000000060fc00000| Untracked |  0
|   6|0x0000000610000000, 0x0000000610000000, 0x0000000610400000|  0%| F|  |TAMS 0x0000000610000000| PB 0x0000000610000000| Untracked |  0
|   7|0x0000000610400000, 0x0000000610400000, 0x0000000610800000|  0%| F|  |TAMS 0x0000000610400000| PB 0x0000000610400000| Untracked |  0
|   8|0x0000000610800000, 0x0000000610800000, 0x0000000610c00000|  0%| F|  |TAMS 0x0000000610800000| PB 0x0000000610800000| Untracked |  0
|   9|0x0000000610c00000, 0x0000000610e6a800, 0x0000000611000000| 60%| E|  |TAMS 0x0000000610c00000| PB 0x0000000610c00000| Complete |  0
|  10|0x0000000611000000, 0x0000000611400000, 0x0000000611400000|100%| E|CS|TAMS 0x0000000611000000| PB 0x0000000611000000| Complete |  0
|  11|0x0000000611400000, 0x0000000611800000, 0x0000000611800000|100%| E|CS|TAMS 0x0000000611400000| PB 0x0000000611400000| Complete |  0
|  12|0x0000000611800000, 0x0000000611c00000, 0x0000000611c00000|100%| E|CS|TAMS 0x0000000611800000| PB 0x0000000611800000| Complete |  0
|  13|0x0000000611c00000, 0x0000000612000000, 0x0000000612000000|100%| E|CS|TAMS 0x0000000611c00000| PB 0x0000000611c00000| Complete |  0
| 100|0x0000000627800000, 0x0000000627b2aae0, 0x0000000627c00000| 79%| S|CS|TAMS 0x0000000627800000| PB 0x0000000627800000| Complete |  0
| 101|0x0000000627c00000, 0x0000000628000000, 0x0000000628000000|100%| S|CS|TAMS 0x0000000627c00000| PB 0x0000000627c00000| Complete |  0
| 102|0x0000000628000000, 0x0000000628400000, 0x0000000628400000|100%| S|CS|TAMS 0x0000000628000000| PB 0x0000000628000000| Complete |  0
| 103|0x0000000628400000, 0x0000000628800000, 0x0000000628800000|100%| S|CS|TAMS 0x0000000628400000| PB 0x0000000628400000| Complete |  0
| 124|0x000000062d800000, 0x000000062dc00000, 0x000000062dc00000|100%| E|CS|TAMS 0x000000062d800000| PB 0x000000062d800000| Complete |  0
|1989|0x00000007ffc00000, 0x00000007ffd1d1c0, 0x0000000800000000| 27%| O|Cm|TAMS 0x00000007ffc00000| PB 0x00000007ffc00000| Complete |  0

Card table byte_map: [0x0000020d729c0000,0x0000020d73950000] _byte_map_base: 0x0000020d6f94c000

Marking Bits: (CMBitMap*) 0x0000020d5986f4f0
 Bits: [0x0000020d73950000, 0x0000020d7b5b0000)

Polling page: 0x0000020d58f50000

Metaspace:

Usage:
  Non-class:     19.05 MB used.
      Class:      2.72 MB used.
       Both:     21.77 MB used.

Virtual space:
  Non-class space:       64.00 MB reserved,      19.19 MB ( 30%) committed,  1 nodes.
      Class space:        1.00 GB reserved,       2.88 MB ( <1%) committed,  1 nodes.
             Both:        1.06 GB reserved,      22.06 MB (  2%) committed. 

Chunk freelists:
   Non-Class:  12.20 MB
       Class:  13.16 MB
        Both:  25.36 MB

MaxMetaspaceSize: unlimited
CompressedClassSpaceSize: 1.00 GB
Initial GC threshold: 21.00 MB
Current GC threshold: 35.12 MB
CDS: on
 - commit_granule_bytes: 65536.
 - commit_granule_words: 8192.
 - virtual_space_node_default_size: 8388608.
 - enlarge_chunks_in_place: 1.
UseCompressedClassPointers 1, UseCompactObjectHeaders 0
Narrow klass pointer bits 32, Max shift 3
Narrow klass base: 0x0000020d00000000, Narrow klass shift: 0
Encoding Range: [0x0000020d00000000 - 0x0000020e00000000), (4294967296 bytes)
Klass Range:    [0x0000020d00000000 - 0x0000020d41000000), (1090519040 bytes)
Klass ID Range:  [8 - 1090519033) (1090519025)


Internal statistics:

num_allocs_failed_limit: 3.
num_arena_births: 320.
num_arena_deaths: 0.
num_vsnodes_births: 2.
num_vsnodes_deaths: 0.
num_space_committed: 353.
num_space_uncommitted: 0.
num_chunks_returned_to_freelist: 3.
num_chunks_taken_from_freelist: 878.
num_chunk_merges: 0.
num_chunk_splits: 597.
num_chunks_enlarged: 429.
num_inconsistent_stats: 0.

CodeHeap 'non-profiled nmethods': size=119232Kb used=1691Kb max_used=1691Kb free=117540Kb
 bounds [0x0000020d69c30000, 0x0000020d69ea0000, 0x0000020d710a0000]
CodeHeap 'profiled nmethods': size=119104Kb used=7718Kb max_used=7718Kb free=111385Kb
 bounds [0x0000020d620a0000, 0x0000020d62830000, 0x0000020d694f0000]
CodeHeap 'non-nmethods': size=7424Kb used=3558Kb max_used=3607Kb free=3865Kb
 bounds [0x0000020d694f0000, 0x0000020d69880000, 0x0000020d69c30000]
CodeCache: size=245760Kb, used=12967Kb, max_used=13016Kb, free=232790Kb
 total_blobs=5541, nmethods=4711, adapters=730, full_count=0
Compilation: enabled, stopped_count=0, restarted_count=0

Compilation events (20 events):
Event: 2.208 Thread 0x0000020d4518cae0 nmethod 4706 0x0000020d69dd1808 code [0x0000020d69dd1900, 0x0000020d69dd19c8]
Event: 2.208 Thread 0x0000020d4508dce0 nmethod 4707 0x0000020d69dd1b08 code [0x0000020d69dd1c00, 0x0000020d69dd1cc8]
Event: 2.208 Thread 0x0000020d4502d1a0 4708   !   3       jdk.jfr.internal.Control::setValue (102 bytes)
Event: 2.208 Thread 0x0000020d4518d5b0 4709       3       jdk.jfr.internal.SettingsManager$InternalSetting::getValues (35 bytes)
Event: 2.208 Thread 0x0000020d4518cae0 4710       3       jdk.jfr.internal.Control::apply (10 bytes)
Event: 2.208 Thread 0x0000020d4508dce0 4711       3       jdk.jfr.internal.Control::findCombine (121 bytes)
Event: 2.208 Thread 0x0000020d4518d5b0 nmethod 4709 0x0000020d62822b88 code [0x0000020d62822ce0, 0x0000020d628231a8]
Event: 2.208 Thread 0x0000020d4518cae0 nmethod 4710 0x0000020d62823208 code [0x0000020d62823340, 0x0000020d62823548]
Event: 2.208 Thread 0x0000020d4508dce0 nmethod 4711 0x0000020d62823588 code [0x0000020d628237a0, 0x0000020d62824788]
Event: 2.208 Thread 0x0000020d4502d1a0 nmethod 4708 0x0000020d62824808 code [0x0000020d62824aa0, 0x0000020d62825ef8]
Event: 2.209 Thread 0x0000020d51c720c0 nmethod 4697 0x0000020d69dd1e08 code [0x0000020d69dd1f20, 0x0000020d69dd24d8]
Event: 2.214 Thread 0x0000020d4502d1a0 4712       1       jdk.jfr.internal.periodic.EventTask::getEventType (5 bytes)
Event: 2.214 Thread 0x0000020d4502d1a0 nmethod 4712 0x0000020d69dd2508 code [0x0000020d69dd2600, 0x0000020d69dd26c8]
Event: 2.214 Thread 0x0000020d4518d5b0 4713       1       jdk.jfr.internal.periodic.PeriodicTask::getPeriod (5 bytes)
Event: 2.214 Thread 0x0000020d4518cae0 4715       3       java.util.Comparator::lambda$comparingLong$6043328a$1 (18 bytes)
Event: 2.214 Thread 0x0000020d4508dce0 4714       3       java.util.Comparator$$Lambda/0x0000020d01165348::compare (10 bytes)
Event: 2.214 Thread 0x0000020d4518d5b0 nmethod 4713 0x0000020d69dd2808 code [0x0000020d69dd2900, 0x0000020d69dd29c8]
Event: 2.215 Thread 0x0000020d4508dce0 nmethod 4714 0x0000020d62825f88 code [0x0000020d628260e0, 0x0000020d62826558]
Event: 2.215 Thread 0x0000020d4518cae0 nmethod 4715 0x0000020d62826588 code [0x0000020d628266e0, 0x0000020d62826ac0]
Event: 2.215 Thread 0x0000020d4501ad60 nmethod 4670 0x0000020d69dd2b08 code [0x0000020d69dd3020, 0x0000020d69dd6cc0]

GC Heap History (4 events):
Event: 0.551 GC heap before
{Heap before GC invocations=0 (full 0):
 garbage-first heap   total reserved 8151040K, committed 516096K, used 46196K [0x000000060e800000, 0x0000000800000000)
  region size 4096K, 12 young (49152K), 0 survivors (0K)
 Metaspace       used 9608K, committed 9920K, reserved 1114112K
  class space    used 873K, committed 1024K, reserved 1048576K
}
Event: 0.554 GC heap after
{Heap after GC invocations=1 (full 0):
 garbage-first heap   total reserved 8151040K, committed 516096K, used 6020K [0x000000060e800000, 0x0000000800000000)
  region size 4096K, 2 young (8192K), 2 survivors (8192K)
 Metaspace       used 9608K, committed 9920K, reserved 1114112K
  class space    used 873K, committed 1024K, reserved 1048576K
}
Event: 2.114 GC heap before
{Heap before GC invocations=1 (full 0):
 garbage-first heap   total reserved 8151040K, committed 516096K, used 83844K [0x000000060e800000, 0x0000000800000000)
  region size 4096K, 21 young (86016K), 2 survivors (8192K)
 Metaspace       used 21199K, committed 21504K, reserved 1114112K
  class space    used 2660K, committed 2816K, reserved 1048576K
}
Event: 2.117 GC heap after
{Heap after GC invocations=2 (full 0):
 garbage-first heap   total reserved 8151040K, committed 516096K, used 20767K [0x000000060e800000, 0x0000000800000000)
  region size 4096K, 4 young (16384K), 4 survivors (16384K)
 Metaspace       used 21199K, committed 21504K, reserved 1114112K
  class space    used 2660K, committed 2816K, reserved 1048576K
}

Dll operation events (20 events):
Event: 0.358 Loaded shared library C:\Users\lukas\.openjfx\cache\24.0.1+4\amd64\api-ms-win-crt-locale-l1-1-0.dll
Event: 0.361 Loaded shared library C:\Users\lukas\.openjfx\cache\24.0.1+4\amd64\api-ms-win-crt-math-l1-1-0.dll
Event: 0.364 Loaded shared library C:\Users\lukas\.openjfx\cache\24.0.1+4\amd64\api-ms-win-crt-multibyte-l1-1-0.dll
Event: 0.368 Loaded shared library C:\Users\lukas\.openjfx\cache\24.0.1+4\amd64\api-ms-win-crt-private-l1-1-0.dll
Event: 0.370 Loaded shared library C:\Users\lukas\.openjfx\cache\24.0.1+4\amd64\api-ms-win-crt-process-l1-1-0.dll
Event: 0.373 Loaded shared library C:\Users\lukas\.openjfx\cache\24.0.1+4\amd64\api-ms-win-crt-runtime-l1-1-0.dll
Event: 0.376 Loaded shared library C:\Users\lukas\.openjfx\cache\24.0.1+4\amd64\api-ms-win-crt-stdio-l1-1-0.dll
Event: 0.379 Loaded shared library C:\Users\lukas\.openjfx\cache\24.0.1+4\amd64\api-ms-win-crt-string-l1-1-0.dll
Event: 0.382 Loaded shared library C:\Users\lukas\.openjfx\cache\24.0.1+4\amd64\api-ms-win-crt-time-l1-1-0.dll
Event: 0.384 Loaded shared library C:\Users\lukas\.openjfx\cache\24.0.1+4\amd64\api-ms-win-crt-utility-l1-1-0.dll
Event: 0.394 Loaded shared library C:\Users\lukas\.openjfx\cache\24.0.1+4\amd64\ucrtbase.dll
Event: 0.397 Loaded shared library C:\Users\lukas\.openjfx\cache\24.0.1+4\amd64\vcruntime140.dll
Event: 0.400 Loaded shared library C:\Users\lukas\.openjfx\cache\24.0.1+4\amd64\vcruntime140_1.dll
Event: 0.406 Loaded shared library C:\Users\lukas\.openjfx\cache\24.0.1+4\amd64\msvcp140.dll
Event: 0.409 Loaded shared library C:\Users\lukas\.openjfx\cache\24.0.1+4\amd64\msvcp140_1.dll
Event: 0.412 Loaded shared library C:\Users\lukas\.openjfx\cache\24.0.1+4\amd64\msvcp140_2.dll
Event: 0.427 Loaded shared library C:\Users\lukas\.openjfx\cache\24.0.1+4\amd64\prism_d3d.dll
Event: 0.462 Loaded shared library C:\Users\lukas\.openjfx\cache\24.0.1+4\amd64\glass.dll
Event: 0.766 Loaded shared library C:\Users\lukas\.openjfx\cache\24.0.1+4\amd64\javafx_font.dll
Event: 2.091 Loaded shared library C:\Users\lukas\AppData\Local\Temp\idea_libasyncProfiler_dll_temp_folder1\libasyncProfiler.dll

Deoptimization events (20 events):
Event: 2.163 Thread 0x0000020d45010300 Uncommon trap: trap_request=0xffffffde fr.pc=0x0000020d69dbac10 relative=0x0000000000000070
Event: 2.163 Thread 0x0000020d45010300 Uncommon trap: reason=class_check action=maybe_recompile pc=0x0000020d69dbac10 method=jdk.jfr.FlightRecorderPermission$InternalAccess.getType(Ljava/lang/Object;)Ljdk/jfr/internal/Type; @ 18 c2
Event: 2.163 Thread 0x0000020d45010300 DEOPT PACKING pc=0x0000020d69dbac10 sp=0x00000054ea0fe8b0
Event: 2.163 Thread 0x0000020d45010300 DEOPT UNPACKING pc=0x0000020d696a0002 sp=0x00000054ea0fe848 mode 2
Event: 2.163 Thread 0x0000020d45010300 Uncommon trap: trap_request=0xffffffde fr.pc=0x0000020d69dbac10 relative=0x0000000000000070
Event: 2.163 Thread 0x0000020d45010300 Uncommon trap: reason=class_check action=maybe_recompile pc=0x0000020d69dbac10 method=jdk.jfr.FlightRecorderPermission$InternalAccess.getType(Ljava/lang/Object;)Ljdk/jfr/internal/Type; @ 18 c2
Event: 2.163 Thread 0x0000020d45010300 DEOPT PACKING pc=0x0000020d69dbac10 sp=0x00000054ea0fe8b0
Event: 2.163 Thread 0x0000020d45010300 DEOPT UNPACKING pc=0x0000020d696a0002 sp=0x00000054ea0fe848 mode 2
Event: 2.163 Thread 0x0000020d45010300 Uncommon trap: trap_request=0xffffffde fr.pc=0x0000020d69dbac10 relative=0x0000000000000070
Event: 2.163 Thread 0x0000020d45010300 Uncommon trap: reason=class_check action=maybe_recompile pc=0x0000020d69dbac10 method=jdk.jfr.FlightRecorderPermission$InternalAccess.getType(Ljava/lang/Object;)Ljdk/jfr/internal/Type; @ 18 c2
Event: 2.163 Thread 0x0000020d45010300 DEOPT PACKING pc=0x0000020d69dbac10 sp=0x00000054ea0fe8b0
Event: 2.163 Thread 0x0000020d45010300 DEOPT UNPACKING pc=0x0000020d696a0002 sp=0x00000054ea0fe848 mode 2
Event: 2.164 Thread 0x0000020d45010300 Uncommon trap: trap_request=0xffffffde fr.pc=0x0000020d69dbac10 relative=0x0000000000000070
Event: 2.164 Thread 0x0000020d45010300 Uncommon trap: reason=class_check action=maybe_recompile pc=0x0000020d69dbac10 method=jdk.jfr.FlightRecorderPermission$InternalAccess.getType(Ljava/lang/Object;)Ljdk/jfr/internal/Type; @ 18 c2
Event: 2.164 Thread 0x0000020d45010300 DEOPT PACKING pc=0x0000020d69dbac10 sp=0x00000054ea0fe8b0
Event: 2.164 Thread 0x0000020d45010300 DEOPT UNPACKING pc=0x0000020d696a0002 sp=0x00000054ea0fe848 mode 2
Event: 2.169 Thread 0x0000020d45010300 Uncommon trap: trap_request=0xffffff6e fr.pc=0x0000020d69d54474 relative=0x00000000000003d4
Event: 2.169 Thread 0x0000020d45010300 Uncommon trap: reason=loop_limit_check action=maybe_recompile pc=0x0000020d69d54474 method=java.lang.StringLatin1.indexOf([BI[BII)I @ 37 c2
Event: 2.169 Thread 0x0000020d45010300 DEOPT PACKING pc=0x0000020d69d54474 sp=0x00000054ea0fe820
Event: 2.169 Thread 0x0000020d45010300 DEOPT UNPACKING pc=0x0000020d696a0002 sp=0x00000054ea0fe780 mode 2

Classes loaded (20 events):
Event: 2.183 Loading class jdk/jfr/internal/MetadataWriter
Event: 2.183 Loading class jdk/jfr/internal/MetadataWriter done
Event: 2.183 Loading class jdk/jfr/internal/MetadataDescriptor$Element
Event: 2.183 Loading class jdk/jfr/internal/MetadataDescriptor$Element done
Event: 2.183 Loading class jdk/jfr/internal/MetadataDescriptor$Attribute
Event: 2.183 Loading class jdk/jfr/internal/MetadataDescriptor$Attribute done
Event: 2.187 Loading class jdk/jfr/internal/consumer/StringParser$Encoding
Event: 2.187 Loading class jdk/jfr/internal/consumer/StringParser$Encoding done
Event: 2.191 Loading class jdk/jfr/internal/consumer/RepositoryFiles
Event: 2.191 Loading class jdk/jfr/internal/consumer/RepositoryFiles done
Event: 2.206 Loading class jdk/jfr/internal/SettingsManager$InternalSetting
Event: 2.206 Loading class jdk/jfr/internal/SettingsManager$InternalSetting done
Event: 2.207 Loading class jdk/jfr/internal/util/Rate
Event: 2.207 Loading class jdk/jfr/internal/util/Rate done
Event: 2.207 Loading class jdk/jfr/internal/util/TimespanUnit
Event: 2.207 Loading class jdk/jfr/internal/util/TimespanUnit done
Event: 2.207 Loading class jdk/jfr/internal/util/ValueParser
Event: 2.207 Loading class jdk/jfr/internal/util/ValueParser done
Event: 2.208 Loading class jdk/jfr/internal/periodic/PeriodicType
Event: 2.208 Loading class jdk/jfr/internal/periodic/PeriodicType done

Classes unloaded (0 events):
No events

Classes redefined (0 events):
No events

Internal exceptions (20 events):
Event: 0.983 Thread 0x0000020d4784eb40 Exception <a 'java/lang/ClassNotFoundException'{0x0000000629e31218}: com/sun/javafx/scene/control/skin/resources/controls> (0x0000000629e31218) 
thrown [s\open\src\hotspot\share\prims\jni.cpp, line 536]
Event: 0.984 Thread 0x0000020d4784eb40 Exception <a 'java/lang/ClassNotFoundException'{0x0000000629e3e5f0}: com/sun/javafx/scene/control/skin/resources/controls_de> (0x0000000629e3e5f0) 
thrown [s\open\src\hotspot\share\prims\jni.cpp, line 536]
Event: 0.984 Thread 0x0000020d4784eb40 Exception <a 'java/lang/ClassNotFoundException'{0x0000000629e4b3e8}: com/sun/javafx/scene/control/skin/resources/controls_de_DE> (0x0000000629e4b3e8) 
thrown [s\open\src\hotspot\share\prims\jni.cpp, line 536]
Event: 0.997 Thread 0x0000020d4784eb40 Exception <a 'java/lang/NoSuchMethodError'{0x000000062991eee8}: 'void java.lang.invoke.DirectMethodHandle$Holder.invokeSpecial(java.lang.Object, java.lang.Object, java.lang.Object, java.lang.Object, java.lang.Object, java.lang.Object)'> (0x000000062991eee8) 
thrown [s\open\src\hotspot\share\interpreter\linkResolver.cpp, line 805]
Event: 1.029 Thread 0x0000020d4784eb40 Exception <a 'java/lang/NoSuchMethodError'{0x0000000629685dd0}: 'int java.lang.invoke.DirectMethodHandle$Holder.invokeSpecial(java.lang.Object, java.lang.Object, int)'> (0x0000000629685dd0) 
thrown [s\open\src\hotspot\share\interpreter\linkResolver.cpp, line 805]
Event: 1.056 Thread 0x0000020d4784eb40 Exception <a 'java/io/FileNotFoundException'{0x000000062906cb60}> (0x000000062906cb60) 
thrown [s\open\src\hotspot\share\prims\jni.cpp, line 518]
Event: 1.056 Thread 0x0000020d4784eb40 Exception <a 'java/io/FileNotFoundException'{0x000000062906e1c8}> (0x000000062906e1c8) 
thrown [s\open\src\hotspot\share\prims\jni.cpp, line 518]
Event: 1.057 Thread 0x0000020d4784eb40 Exception <a 'java/io/FileNotFoundException'{0x00000006290933f8}> (0x00000006290933f8) 
thrown [s\open\src\hotspot\share\prims\jni.cpp, line 518]
Event: 1.057 Thread 0x0000020d4784eb40 Exception <a 'java/io/FileNotFoundException'{0x0000000629094510}> (0x0000000629094510) 
thrown [s\open\src\hotspot\share\prims\jni.cpp, line 518]
Event: 1.106 Thread 0x0000020d4784eb40 Exception <a 'java/lang/NoSuchMethodError'{0x000000062938aae0}: 'long java.lang.invoke.DirectMethodHandle$Holder.invokeStatic(java.lang.Object, java.lang.Object, java.lang.Object)'> (0x000000062938aae0) 
thrown [s\open\src\hotspot\share\interpreter\linkResolver.cpp, line 805]
Event: 1.106 Thread 0x0000020d4784eb40 Exception <a 'java/lang/NoSuchMethodError'{0x0000000629392920}: 'long java.lang.invoke.DirectMethodHandle$Holder.invokeStaticInit(java.lang.Object, java.lang.Object, java.lang.Object)'> (0x0000000629392920) 
thrown [s\open\src\hotspot\share\interpreter\linkResolver.cpp, line 805]
Event: 1.117 Thread 0x0000020d460006d0 Exception <a 'java/lang/NoSuchMethodError'{0x0000000628d666e0}: 'int java.lang.invoke.DirectMethodHandle$Holder.invokeStaticInit(java.lang.Object, java.lang.Object)'> (0x0000000628d666e0) 
thrown [s\open\src\hotspot\share\interpreter\linkResolver.cpp, line 805]
Event: 2.111 Thread 0x0000020d45010300 Exception <a 'sun/nio/fs/WindowsException'{0x0000000628a80ab0}> (0x0000000628a80ab0) 
thrown [s\open\src\hotspot\share\prims\jni.cpp, line 518]
Event: 2.113 Thread 0x0000020d45010300 Exception <a 'java/lang/NoSuchMethodError'{0x0000000628a85e00}: 'java.lang.Object java.lang.invoke.DirectMethodHandle$Holder.invokeStatic(java.lang.Object, int, java.lang.Object)'> (0x0000000628a85e00) 
thrown [s\open\src\hotspot\share\interpreter\linkResolver.cpp, line 805]
Event: 2.141 Thread 0x0000020d45010300 Exception <a 'java/lang/NoSuchMethodError'{0x000000061140aff8}: 'int java.lang.invoke.DirectMethodHandle$Holder.invokeStatic(java.lang.Object, java.lang.Object, java.lang.Object, java.lang.Object)'> (0x000000061140aff8) 
thrown [s\open\src\hotspot\share\interpreter\linkResolver.cpp, line 805]
Event: 2.176 Thread 0x0000020d45010300 Exception <a 'java/lang/NoSuchMethodError'{0x0000000611208428}: 'void java.lang.invoke.Invokers$Holder.invokeExact_MT(java.lang.Object, int, java.lang.Object)'> (0x0000000611208428) 
thrown [s\open\src\hotspot\share\interpreter\linkResolver.cpp, line 805]
Event: 2.177 Thread 0x0000020d45010300 Exception <a 'java/lang/NoSuchMethodError'{0x0000000611222430}: 'void java.lang.invoke.DirectMethodHandle$Holder.invokeStatic(java.lang.Object, java.lang.Object, int)'> (0x0000000611222430) 
thrown [s\open\src\hotspot\share\interpreter\linkResolver.cpp, line 805]
Event: 2.178 Thread 0x0000020d45010300 Exception <a 'sun/nio/fs/WindowsException'{0x000000061125d028}> (0x000000061125d028) 
thrown [s\open\src\hotspot\share\prims\jni.cpp, line 518]
Event: 2.179 Thread 0x0000020d45010300 Exception <a 'sun/nio/fs/WindowsException'{0x0000000611269d90}> (0x0000000611269d90) 
thrown [s\open\src\hotspot\share\prims\jni.cpp, line 518]
Event: 2.182 Thread 0x0000020d45010300 Exception <a 'sun/nio/fs/WindowsException'{0x000000061127b9b8}> (0x000000061127b9b8) 
thrown [s\open\src\hotspot\share\prims\jni.cpp, line 518]

VM Operations (20 events):
Event: 0.768 Executing VM operation: HandshakeAllThreads (Deoptimize)
Event: 0.768 Executing VM operation: HandshakeAllThreads (Deoptimize) done
Event: 0.838 Executing VM operation: HandshakeAllThreads (Deoptimize)
Event: 0.838 Executing VM operation: HandshakeAllThreads (Deoptimize) done
Event: 0.912 Executing VM operation: HandshakeAllThreads (Deoptimize)
Event: 0.912 Executing VM operation: HandshakeAllThreads (Deoptimize) done
Event: 0.913 Executing VM operation: HandshakeAllThreads (Deoptimize)
Event: 0.913 Executing VM operation: HandshakeAllThreads (Deoptimize) done
Event: 1.062 Executing VM operation: HandshakeAllThreads (Deoptimize)
Event: 1.062 Executing VM operation: HandshakeAllThreads (Deoptimize) done
Event: 2.114 Executing VM operation: CollectForMetadataAllocation (Metadata GC Threshold)
Event: 2.117 Executing VM operation: CollectForMetadataAllocation (Metadata GC Threshold) done
Event: 2.120 Executing VM operation: G1PauseRemark
Event: 2.121 Executing VM operation: G1PauseRemark done
Event: 2.121 Executing VM operation: G1PauseCleanup
Event: 2.121 Executing VM operation: G1PauseCleanup done
Event: 2.177 Executing VM operation: HandshakeAllThreads (Deoptimize)
Event: 2.177 Executing VM operation: HandshakeAllThreads (Deoptimize) done
Event: 2.192 Executing VM operation: JFRSafepointClear
Event: 2.192 Executing VM operation: JFRSafepointClear done

Memory protections (0 events):
No events

Nmethod flushes (0 events):
No events

Events (20 events):
Event: 0.515 Thread 0x0000020d45227e90 Thread exited: 0x0000020d45227e90
Event: 0.554 Thread 0x0000020d4784ce00 Thread added: 0x0000020d4784ce00
Event: 0.575 Thread 0x0000020d4518d5b0 Thread added: 0x0000020d51c4b710
Event: 0.581 Thread 0x0000020d51c4b710 Thread added: 0x0000020d51c73f00
Event: 0.583 Thread 0x0000020d4508dce0 Thread added: 0x0000020d51c71930
Event: 0.594 Thread 0x0000020d51c71930 Thread added: 0x0000020d51c711a0
Event: 0.595 Thread 0x0000020d51c71930 Thread added: 0x0000020d51c720c0
Event: 0.595 Thread 0x0000020d51c71930 Thread added: 0x0000020d51c72850
Event: 0.943 Thread 0x0000020d4784eb40 Thread added: 0x0000020d47850130
Event: 1.167 Thread 0x0000020d51c72850 Thread exited: 0x0000020d51c72850
Event: 1.167 Thread 0x0000020d51c720c0 Thread exited: 0x0000020d51c720c0
Event: 1.167 Thread 0x0000020d51c711a0 Thread exited: 0x0000020d51c711a0
Event: 1.167 Thread 0x0000020d51c71930 Thread exited: 0x0000020d51c71930
Event: 1.896 Thread 0x0000020d51c73f00 Thread exited: 0x0000020d51c73f00
Event: 1.896 Thread 0x0000020d51c4b710 Thread exited: 0x0000020d51c4b710
Event: 1.896 Thread 0x0000020d452241b0 Thread exited: 0x0000020d452241b0
Event: 2.104 Thread 0x0000020d4518d5b0 Thread added: 0x0000020d51c720c0
Event: 2.106 Thread 0x0000020d51c720c0 Thread added: 0x0000020d51c73f00
Event: 2.123 Thread 0x0000020d45010300 Thread added: 0x0000020d52e99520
Event: 2.177 Thread 0x0000020d45010300 Thread added: 0x0000020d52e977e0


Dynamic libraries:
0x00007ff74c770000 - 0x00007ff74c780000 	C:\Program Files\Java\jdk-24\bin\java.exe
0x00007ff862d00000 - 0x00007ff862f66000 	C:\WINDOWS\SYSTEM32\ntdll.dll
0x00007ff862150000 - 0x00007ff862219000 	C:\WINDOWS\System32\KERNEL32.DLL
0x00007ff8600a0000 - 0x00007ff86046c000 	C:\WINDOWS\System32\KERNELBASE.dll
0x00007ff860970000 - 0x00007ff860abb000 	C:\WINDOWS\System32\ucrtbase.dll
0x00007ff85c030000 - 0x00007ff85c04b000 	C:\Program Files\Java\jdk-24\bin\VCRUNTIME140.dll
0x00007ff808840000 - 0x00007ff808856000 	C:\Program Files\Java\jdk-24\bin\jli.dll
0x00007ff861d30000 - 0x00007ff861efa000 	C:\WINDOWS\System32\USER32.dll
0x00007ff860670000 - 0x00007ff860697000 	C:\WINDOWS\System32\win32u.dll
0x00007ff861310000 - 0x00007ff86133b000 	C:\WINDOWS\System32\GDI32.dll
0x00007ff860470000 - 0x00007ff8605a2000 	C:\WINDOWS\System32\gdi32full.dll
0x00007ff84e1b0000 - 0x00007ff84e44a000 	C:\WINDOWS\WinSxS\amd64_microsoft.windows.common-controls_6595b64144ccf1df_6.0.26100.3912_none_3e07963ce335137e\COMCTL32.dll
0x00007ff860740000 - 0x00007ff8607e3000 	C:\WINDOWS\System32\msvcp_win.dll
0x00007ff862c10000 - 0x00007ff862cb9000 	C:\WINDOWS\System32\msvcrt.dll
0x00007ff862470000 - 0x00007ff8624a0000 	C:\WINDOWS\System32\IMM32.DLL
0x00007ff835670000 - 0x00007ff83567c000 	C:\Program Files\Java\jdk-24\bin\vcruntime140_1.dll
0x00007ff8087b0000 - 0x00007ff80883e000 	C:\Program Files\Java\jdk-24\bin\msvcp140.dll
0x00007fff5c010000 - 0x00007fff5cdb2000 	C:\Program Files\Java\jdk-24\bin\server\jvm.dll
0x00007ff861b50000 - 0x00007ff861c02000 	C:\WINDOWS\System32\ADVAPI32.dll
0x00007ff862850000 - 0x00007ff8628f6000 	C:\WINDOWS\System32\sechost.dll
0x00007ff861a30000 - 0x00007ff861b46000 	C:\WINDOWS\System32\RPCRT4.dll
0x00007ff861980000 - 0x00007ff8619f4000 	C:\WINDOWS\System32\WS2_32.dll
0x00007ff85f6d0000 - 0x00007ff85f72e000 	C:\WINDOWS\SYSTEM32\POWRPROF.dll
0x00007ff853b70000 - 0x00007ff853b7b000 	C:\WINDOWS\SYSTEM32\VERSION.dll
0x00007ff854010000 - 0x00007ff854046000 	C:\WINDOWS\SYSTEM32\WINMM.dll
0x00007ff85f3e0000 - 0x00007ff85f3f4000 	C:\WINDOWS\SYSTEM32\UMPDC.dll
0x00007ff85e2e0000 - 0x00007ff85e2fa000 	C:\WINDOWS\SYSTEM32\kernel.appcore.dll
0x00007ff82e590000 - 0x00007ff82e59a000 	C:\Program Files\Java\jdk-24\bin\jimage.dll
0x00007ff85f740000 - 0x00007ff85f981000 	C:\WINDOWS\SYSTEM32\DBGHELP.DLL
0x00007ff8624c0000 - 0x00007ff862844000 	C:\WINDOWS\System32\combase.dll
0x00007ff862b20000 - 0x00007ff862c00000 	C:\WINDOWS\System32\OLEAUT32.dll
0x00007ff85f5c0000 - 0x00007ff85f5f9000 	C:\WINDOWS\SYSTEM32\dbgcore.DLL
0x00007ff8606a0000 - 0x00007ff860739000 	C:\WINDOWS\System32\bcryptPrimitives.dll
0x00007ff82b530000 - 0x00007ff82b53f000 	C:\Program Files\Java\jdk-24\bin\instrument.dll
0x00007ff808790000 - 0x00007ff8087ae000 	C:\Program Files\Java\jdk-24\bin\java.dll
0x00007ff861340000 - 0x00007ff8614df000 	C:\WINDOWS\System32\ole32.dll
0x00007ff860bc0000 - 0x00007ff8612ed000 	C:\WINDOWS\System32\SHELL32.dll
0x00007ff8607f0000 - 0x00007ff860964000 	C:\WINDOWS\System32\wintypes.dll
0x00007ff85d060000 - 0x00007ff85d8b6000 	C:\WINDOWS\SYSTEM32\windows.storage.dll
0x00007ff860ac0000 - 0x00007ff860baf000 	C:\WINDOWS\System32\SHCORE.dll
0x00007ff861f00000 - 0x00007ff861f69000 	C:\WINDOWS\System32\shlwapi.dll
0x00007ff85fda0000 - 0x00007ff85fdcf000 	C:\WINDOWS\SYSTEM32\profapi.dll
0x00007ff806b00000 - 0x00007ff806bd7000 	C:\Program Files\Java\jdk-24\bin\jsvml.dll
0x00007ff814560000 - 0x00007ff814570000 	C:\Program Files\Java\jdk-24\bin\net.dll
0x00007ff85e7f0000 - 0x00007ff85e85a000 	C:\WINDOWS\system32\mswsock.dll
0x00007ff808770000 - 0x00007ff808786000 	C:\Program Files\Java\jdk-24\bin\nio.dll
0x00007ff808750000 - 0x00007ff808767000 	C:\Program Files\Java\jdk-24\bin\zip.dll
0x00007ff85de30000 - 0x00007ff85df57000 	C:\WINDOWS\SYSTEM32\DNSAPI.dll
0x00007ff85dd40000 - 0x00007ff85dd73000 	C:\WINDOWS\SYSTEM32\IPHLPAPI.DLL
0x00007ff8612f0000 - 0x00007ff8612fa000 	C:\WINDOWS\System32\NSI.dll
0x00007ff851b90000 - 0x00007ff851b9b000 	C:\Windows\System32\rasadhlp.dll
0x00007ff853bd0000 - 0x00007ff853c56000 	C:\WINDOWS\System32\fwpuclnt.dll
0x00007ff808720000 - 0x00007ff80872a000 	C:\Program Files\Java\jdk-24\bin\management.dll
0x00007ff8086d0000 - 0x00007ff8086db000 	C:\Program Files\Java\jdk-24\bin\management_ext.dll
0x00007ff8624b0000 - 0x00007ff8624b8000 	C:\WINDOWS\System32\PSAPI.DLL
0x0000020d47bb0000 - 0x0000020d47bb4000 	C:\Users\lukas\.openjfx\cache\24.0.1+4\amd64\api-ms-win-core-console-l1-1-0.dll
0x0000020d47bc0000 - 0x0000020d47bc4000 	C:\Users\lukas\.openjfx\cache\24.0.1+4\amd64\api-ms-win-core-console-l1-2-0.dll
0x0000020d48020000 - 0x0000020d48024000 	C:\Users\lukas\.openjfx\cache\24.0.1+4\amd64\api-ms-win-core-datetime-l1-1-0.dll
0x0000020d48170000 - 0x0000020d48174000 	C:\Users\lukas\.openjfx\cache\24.0.1+4\amd64\api-ms-win-core-debug-l1-1-0.dll
0x0000020d48180000 - 0x0000020d48184000 	C:\Users\lukas\.openjfx\cache\24.0.1+4\amd64\api-ms-win-core-errorhandling-l1-1-0.dll
0x0000020d48190000 - 0x0000020d48195000 	C:\Users\lukas\.openjfx\cache\24.0.1+4\amd64\api-ms-win-core-file-l1-1-0.dll
0x0000020d481a0000 - 0x0000020d481a4000 	C:\Users\lukas\.openjfx\cache\24.0.1+4\amd64\api-ms-win-core-file-l1-2-0.dll
0x0000020d48030000 - 0x0000020d48034000 	C:\Users\lukas\.openjfx\cache\24.0.1+4\amd64\api-ms-win-core-file-l2-1-0.dll
0x0000020d48040000 - 0x0000020d48044000 	C:\Users\lukas\.openjfx\cache\24.0.1+4\amd64\api-ms-win-core-handle-l1-1-0.dll
0x0000020d48050000 - 0x0000020d48054000 	C:\Users\lukas\.openjfx\cache\24.0.1+4\amd64\api-ms-win-core-heap-l1-1-0.dll
0x0000020d48060000 - 0x0000020d48064000 	C:\Users\lukas\.openjfx\cache\24.0.1+4\amd64\api-ms-win-core-interlocked-l1-1-0.dll
0x0000020d48070000 - 0x0000020d48074000 	C:\Users\lukas\.openjfx\cache\24.0.1+4\amd64\api-ms-win-core-libraryloader-l1-1-0.dll
0x0000020d48080000 - 0x0000020d48084000 	C:\Users\lukas\.openjfx\cache\24.0.1+4\amd64\api-ms-win-core-localization-l1-2-0.dll
0x0000020d48090000 - 0x0000020d48094000 	C:\Users\lukas\.openjfx\cache\24.0.1+4\amd64\api-ms-win-core-memory-l1-1-0.dll
0x0000020d480a0000 - 0x0000020d480a4000 	C:\Users\lukas\.openjfx\cache\24.0.1+4\amd64\api-ms-win-core-namedpipe-l1-1-0.dll
0x0000020d480b0000 - 0x0000020d480b4000 	C:\Users\lukas\.openjfx\cache\24.0.1+4\amd64\api-ms-win-core-processenvironment-l1-1-0.dll
0x0000020d480c0000 - 0x0000020d480c4000 	C:\Users\lukas\.openjfx\cache\24.0.1+4\amd64\api-ms-win-core-processthreads-l1-1-0.dll
0x0000020d480d0000 - 0x0000020d480d4000 	C:\Users\lukas\.openjfx\cache\24.0.1+4\amd64\api-ms-win-core-processthreads-l1-1-1.dll
0x0000020d480e0000 - 0x0000020d480e4000 	C:\Users\lukas\.openjfx\cache\24.0.1+4\amd64\api-ms-win-core-profile-l1-1-0.dll
0x0000020d480f0000 - 0x0000020d480f4000 	C:\Users\lukas\.openjfx\cache\24.0.1+4\amd64\api-ms-win-core-rtlsupport-l1-1-0.dll
0x0000020d48100000 - 0x0000020d48104000 	C:\Users\lukas\.openjfx\cache\24.0.1+4\amd64\api-ms-win-core-string-l1-1-0.dll
0x0000020d48110000 - 0x0000020d48114000 	C:\Users\lukas\.openjfx\cache\24.0.1+4\amd64\api-ms-win-core-synch-l1-1-0.dll
0x0000020d48120000 - 0x0000020d48124000 	C:\Users\lukas\.openjfx\cache\24.0.1+4\amd64\api-ms-win-core-synch-l1-2-0.dll
0x0000020d48130000 - 0x0000020d48134000 	C:\Users\lukas\.openjfx\cache\24.0.1+4\amd64\api-ms-win-core-sysinfo-l1-1-0.dll
0x0000020d48140000 - 0x0000020d48144000 	C:\Users\lukas\.openjfx\cache\24.0.1+4\amd64\api-ms-win-core-timezone-l1-1-0.dll
0x0000020d48150000 - 0x0000020d48154000 	C:\Users\lukas\.openjfx\cache\24.0.1+4\amd64\api-ms-win-core-util-l1-1-0.dll
0x0000020d48160000 - 0x0000020d48164000 	C:\Users\lukas\.openjfx\cache\24.0.1+4\amd64\api-ms-win-crt-conio-l1-1-0.dll
0x0000020d481b0000 - 0x0000020d481b5000 	C:\Users\lukas\.openjfx\cache\24.0.1+4\amd64\api-ms-win-crt-convert-l1-1-0.dll
0x0000020d481c0000 - 0x0000020d481c4000 	C:\Users\lukas\.openjfx\cache\24.0.1+4\amd64\api-ms-win-crt-environment-l1-1-0.dll
0x00007ff85fab0000 - 0x00007ff85facc000 	C:\WINDOWS\SYSTEM32\CRYPTSP.dll
0x00007ff85ee60000 - 0x00007ff85ee9a000 	C:\WINDOWS\system32\rsaenh.dll
0x00007ff85e860000 - 0x00007ff85e88b000 	C:\WINDOWS\SYSTEM32\USERENV.dll
0x0000020d481d0000 - 0x0000020d481d4000 	C:\Users\lukas\.openjfx\cache\24.0.1+4\amd64\api-ms-win-crt-filesystem-l1-1-0.dll
0x00007ff85fd70000 - 0x00007ff85fd96000 	C:\WINDOWS\SYSTEM32\bcrypt.dll
0x00007ff85ee50000 - 0x00007ff85ee5c000 	C:\WINDOWS\SYSTEM32\CRYPTBASE.dll
0x0000020d481e0000 - 0x0000020d481e4000 	C:\Users\lukas\.openjfx\cache\24.0.1+4\amd64\api-ms-win-crt-heap-l1-1-0.dll
0x0000020d481f0000 - 0x0000020d481f4000 	C:\Users\lukas\.openjfx\cache\24.0.1+4\amd64\api-ms-win-crt-locale-l1-1-0.dll
0x0000020d48200000 - 0x0000020d48206000 	C:\Users\lukas\.openjfx\cache\24.0.1+4\amd64\api-ms-win-crt-math-l1-1-0.dll
0x0000020d48210000 - 0x0000020d48216000 	C:\Users\lukas\.openjfx\cache\24.0.1+4\amd64\api-ms-win-crt-multibyte-l1-1-0.dll
0x00007ff83c450000 - 0x00007ff83c468000 	C:\WINDOWS\system32\napinsp.dll
0x00007ff83c430000 - 0x00007ff83c442000 	C:\WINDOWS\System32\winrnr.dll
0x0000020d48320000 - 0x0000020d48331000 	C:\Users\lukas\.openjfx\cache\24.0.1+4\amd64\api-ms-win-crt-private-l1-1-0.dll
0x00007ff83c3f0000 - 0x00007ff83c420000 	C:\WINDOWS\system32\nlansp_c.dll
0x00007ff8577b0000 - 0x00007ff8577d0000 	C:\WINDOWS\system32\wshbth.dll
0x0000020d48340000 - 0x0000020d48344000 	C:\Users\lukas\.openjfx\cache\24.0.1+4\amd64\api-ms-win-crt-process-l1-1-0.dll
0x0000020d48350000 - 0x0000020d48355000 	C:\Users\lukas\.openjfx\cache\24.0.1+4\amd64\api-ms-win-crt-runtime-l1-1-0.dll
0x0000020d48360000 - 0x0000020d48365000 	C:\Users\lukas\.openjfx\cache\24.0.1+4\amd64\api-ms-win-crt-stdio-l1-1-0.dll
0x0000020d47bd0000 - 0x0000020d47bd5000 	C:\Users\lukas\.openjfx\cache\24.0.1+4\amd64\api-ms-win-crt-string-l1-1-0.dll
0x0000020d47be0000 - 0x0000020d47be4000 	C:\Users\lukas\.openjfx\cache\24.0.1+4\amd64\api-ms-win-crt-time-l1-1-0.dll
0x0000020d47bf0000 - 0x0000020d47bf4000 	C:\Users\lukas\.openjfx\cache\24.0.1+4\amd64\api-ms-win-crt-utility-l1-1-0.dll
0x00007ff806910000 - 0x00007ff806a21000 	C:\Users\lukas\.openjfx\cache\24.0.1+4\amd64\ucrtbase.dll
0x00007ff806ae0000 - 0x00007ff806afb000 	C:\Users\lukas\.openjfx\cache\24.0.1+4\amd64\vcruntime140.dll
0x00007ff806900000 - 0x00007ff80690c000 	C:\Users\lukas\.openjfx\cache\24.0.1+4\amd64\vcruntime140_1.dll
0x00007ff806650000 - 0x00007ff8066de000 	C:\Users\lukas\.openjfx\cache\24.0.1+4\amd64\msvcp140.dll
0x00007ff851210000 - 0x00007ff85125e000 	C:\WINDOWS\SYSTEM32\pdh.dll
0x00007ff8068f0000 - 0x00007ff8068f9000 	C:\Users\lukas\.openjfx\cache\24.0.1+4\amd64\msvcp140_1.dll
0x00007ffff75e0000 - 0x00007ffff7621000 	C:\Users\lukas\.openjfx\cache\24.0.1+4\amd64\msvcp140_2.dll
0x00007ff806620000 - 0x00007ff806650000 	C:\Users\lukas\.openjfx\cache\24.0.1+4\amd64\prism_d3d.dll
0x00007ffff9ea0000 - 0x00007ffffa055000 	C:\WINDOWS\system32\d3d9.dll
0x00007ff85c5c0000 - 0x00007ff85c5f6000 	C:\WINDOWS\SYSTEM32\dwmapi.dll
0x00007ff85c3a0000 - 0x00007ff85c3e7000 	C:\WINDOWS\SYSTEM32\dxcore.dll
0x00007ff85c2a0000 - 0x00007ff85c34f000 	C:\WINDOWS\system32\uxtheme.dll
0x00007ff82ed10000 - 0x00007ff82ed30000 	C:\WINDOWS\System32\DriverStore\FileRepository\u0416003.inf_amd64_706cc64a85ddf686\B415817\atidx9loader64.dll
0x00007ffff7780000 - 0x00007ffff9e9b000 	C:\WINDOWS\System32\DriverStore\FileRepository\u0416003.inf_amd64_706cc64a85ddf686\B415817\AMDXN64.DLL
0x00007ff8614f0000 - 0x00007ff861976000 	C:\WINDOWS\System32\SETUPAPI.dll
0x00007ff85c460000 - 0x00007ff85c593000 	C:\WINDOWS\SYSTEM32\dxgi.dll
0x00007ff85c3f0000 - 0x00007ff85c450000 	C:\WINDOWS\SYSTEM32\directxdatabasehelper.dll
0x00007ff85fb00000 - 0x00007ff85fb57000 	C:\WINDOWS\SYSTEM32\cfgmgr32.dll
0x00007ff8525e0000 - 0x00007ff85261c000 	C:\WINDOWS\System32\DriverStore\FileRepository\u0416003.inf_amd64_706cc64a85ddf686\B415817\amdihk64.dll
0x00007fff75d90000 - 0x00007fff75dd8000 	C:\Users\lukas\.openjfx\cache\24.0.1+4\amd64\glass.dll
0x00007ff861c30000 - 0x00007ff861d24000 	C:\WINDOWS\System32\COMDLG32.dll
0x00007ff8629f0000 - 0x00007ff862a98000 	C:\WINDOWS\System32\clbcatq.dll
0x00007ff84daf0000 - 0x00007ff84dc46000 	C:\Windows\System32\Windows.UI.dll

JVMTI agents:
C:\Program Files\JetBrains\IntelliJ IDEA 2025.1\lib\idea_rt.jar path:C:\Program Files\Java\jdk-24\bin\instrument.dll, loaded, initialized, instrumentlib options:64012

dbghelp: loaded successfully - version: 4.0.5 - missing functions: none
symbol engine: initialized successfully - sym options: 0x614 - pdb path: .;C:\Program Files\Java\jdk-24\bin;C:\WINDOWS\SYSTEM32;C:\WINDOWS\WinSxS\amd64_microsoft.windows.common-controls_6595b64144ccf1df_6.0.26100.3912_none_3e07963ce335137e;C:\Program Files\Java\jdk-24\bin\server;C:\Users\lukas\.openjfx\cache\24.0.1+4\amd64;C:\WINDOWS\System32\DriverStore\FileRepository\u0416003.inf_amd64_706cc64a85ddf686\B415817;C:\Program Files\Common Files\Microsoft Shared\Ink;C:\Users\lukas\AppData\Local\Temp\idea_libasyncProfiler_dll_temp_folder1

VM Arguments:
jvm_args: -javaagent:C:\Program Files\JetBrains\IntelliJ IDEA 2025.1\lib\idea_rt.jar=64012 -Dfile.encoding=UTF-8 -Dsun.stdout.encoding=UTF-8 -Dsun.stderr.encoding=UTF-8 --module-path=C:\Users\lukas\.m2\repository\com\github\almasb\fxgl\17.3\fxgl-17.3.jar;C:\Users\lukas\.m2\repository\net\synedra\validatorfx\0.5.0\validatorfx-0.5.0.jar;C:\Users\lukas\.m2\repository\org\kordamp\ikonli\ikonli-core\12.3.1\ikonli-core-12.3.1.jar;C:\Users\lukas\.m2\repository\com\gluonhq\attach\lifecycle\4.0.17\lifecycle-4.0.17.jar;C:\Users\lukas\.m2\repository\org\openjfx\javafx-swing\17.0.6\javafx-swing-17.0.6-win.jar;C:\Users\lukas\.m2\repository\org\kordamp\bootstrapfx\bootstrapfx-core\0.4.0\bootstrapfx-core-0.4.0.jar;C:\Users\lukas\.m2\repository\org\controlsfx\controlsfx\11.2.1\controlsfx-11.2.1.jar;C:\Users\lukas\.m2\repository\eu\hansolo\toolboxfx\21.0.3\toolboxfx-21.0.3.jar;C:\Users\lukas\.m2\repository\org\openjfx\javafx-graphics\24.0.1\javafx-graphics-24.0.1-win.jar;C:\Users\lukas\.m2\repository\eu\hansolo\fx\heatmap\21.0.3\heatmap-21.0.3.jar;C:\Users\lukas\.m2\repository\org\openjfx\javafx-media\17.0.6\javafx-media-17.0.6-win.jar;C:\Users\lukas\.m2\repository\com\gluonhq\attach\util\4.0.17\util-4.0.17.jar;C:\Users\lukas\.m2\repository\org\openjfx\javafx-base\24.0.1\javafx-base-24.0.1-win.jar;C:\Users\lukas\.m2\repository\com\gluonhq\attach\storage\4.0.17\storage-4.0.17.jar;C:\Users\lukas\.m2\repository\io\github\mkpaz\atlantafx-base\2.0.1\atlantafx-base-2.0.1.jar;C:\Users\lukas\.m2\repository\com\fasterxml\jackson\core\jackson-annotations\2.14.2\jackson-annotations-2.14.2.jar;C:\Users\lukas\.m2\repository\com\github\almasb\fxgl-gameplay\17.3\fxgl-gameplay-17.3.jar;C:\Users\lukas\.m2\repository\org\openjfx\javafx-fxml\17.0.6\javafx-fxml-17.0.6-win.jar;C:\Users\lukas\.m2\repository\eu\hansolo\fx\countries\21.0.3\countries-21.0.3.jar;C:\Users\lukas\.m2\repository\org\openjfx\javafx-controls\24.0.1\javafx-controls-24.0.1-win.jar;C:\Users\lukas\.m2\repository\com\dlsc\formsfx\formsfx-core\11.6.0\formsfx-core-11.6.0.jar;C:\Users\lukas\.m2\repository\org\openjfx\javafx-web\17.0.6\javafx-web-17.0.6-win.jar;C:\Users\lukas\.m2\repository\com\github\al-Djdk.module.main=com.cosmic.snakegamecraft 
java_command: com.cosmic.snakegamecraft/com.cosmic.snakegamecraft.Main
java_class_path (initial): C:\Users\lukas\.m2\repository\org\openjfx\javafx-controls\24.0.1\javafx-controls-24.0.1.jar;C:\Users\lukas\.m2\repository\org\openjfx\javafx-graphics\24.0.1\javafx-graphics-24.0.1.jar;C:\Users\lukas\.m2\repository\org\openjfx\javafx-base\24.0.1\javafx-base-24.0.1.jar;C:\Users\lukas\.m2\repository\org\openjfx\javafx-fxml\17.0.6\javafx-fxml-17.0.6.jar;C:\Users\lukas\.m2\repository\org\openjfx\javafx-web\17.0.6\javafx-web-17.0.6.jar;C:\Users\lukas\.m2\repository\org\openjfx\javafx-swing\17.0.6\javafx-swing-17.0.6.jar;C:\Users\lukas\.m2\repository\org\openjfx\javafx-media\17.0.6\javafx-media-17.0.6.jar;C:\Users\lukas\.m2\repository\org\jetbrains\kotlin\kotlin-stdlib-common\1.8.10\kotlin-stdlib-common-1.8.10.jar
Launcher Type: SUN_STANDARD

[Global flags]
     intx CICompilerCount                          = 12                                        {product} {ergonomic}
     uint ConcGCThreads                            = 3                                         {product} {ergonomic}
     bool FlightRecorder                           = true                                      {product} {management}
     uint G1ConcRefinementThreads                  = 13                                        {product} {ergonomic}
   size_t G1HeapRegionSize                         = 4194304                                   {product} {ergonomic}
   size_t InitialHeapSize                          = 524288000                                 {product} {ergonomic}
   size_t MarkStackSize                            = 4194304                                   {product} {ergonomic}
   size_t MarkStackSizeMax                         = 536870912                                 {product} {ergonomic}
   size_t MaxHeapSize                              = 8346664960                                {product} {ergonomic}
   size_t MaxNewSize                               = 5007998976                                {product} {ergonomic}
   size_t MinHeapDeltaBytes                        = 4194304                                   {product} {ergonomic}
   size_t MinHeapSize                              = 8388608                                   {product} {ergonomic}
    uintx NonNMethodCodeHeapSize                   = 7602176                                {pd product} {ergonomic}
    uintx NonProfiledCodeHeapSize                  = 122093568                              {pd product} {ergonomic}
    uintx ProfiledCodeHeapSize                     = 121962496                              {pd product} {ergonomic}
    uintx ReservedCodeCacheSize                    = 251658240                              {pd product} {ergonomic}
     bool SegmentedCodeCache                       = true                                      {product} {ergonomic}
   size_t SoftMaxHeapSize                          = 8346664960                             {manageable} {ergonomic}
     bool UseCompressedOops                        = true                           {product lp64_product} {ergonomic}
     bool UseG1GC                                  = true                                      {product} {ergonomic}
     bool UseLargePagesIndividualAllocation        = false                                  {pd product} {ergonomic}

Logging:
Log output configuration:
 #0: stdout all=warning uptime,level,tags foldmultilines=false
 #1: stderr all=off uptime,level,tags foldmultilines=false

Environment Variables:
PATH=C:\Program Files\Common Files\Oracle\Java\javapath;C:\Program Files (x86)\Common Files\Oracle\Java\java8path;C:\Program Files (x86)\Common Files\Oracle\Java\javapath;C:\WINDOWS\system32;C:\WINDOWS;C:\WINDOWS\System32\Wbem;C:\WINDOWS\System32\WindowsPowerShell\v1.0\;C:\WINDOWS\System32\OpenSSH\;C:\Program Files\Git\cmd;C:\Program Files\Docker\Docker\resources\bin;C:\Program Files\dotnet\;C:\Program Files\nodejs\;C:\Users\lukas\scoop\apps\maven\current\bin;C:\Users\lukas\scoop\shims;C:\Program Files\Common Files\Oracle\Java\javapath;C:\Program Files (x86)\Common Files\Oracle\Java\java8path;C:\Program Files (x86)\Common Files\Oracle\Java\javapath;C:\WINDOWS\system32;C:\WINDOWS;C:\WINDOWS\System32\Wbem;C:\WINDOWS\System32\WindowsPowerShell\v1.0\;C:\WINDOWS\System32\OpenSSH\;C:\Program Files\Git\cmd;C:\Program Files\Docker\Docker\resources\bin;C:\Program Files\dotnet\;C:\Users\lukas\AppData\Local\Microsoft\WindowsApps;C:\Program Files\JetBrains\PyCharm 2024.3.5\bin;C:\Users\lukas\AppData\Local\Programs\Microsoft VS Code\bin;C:\Users\lukas\\scoop\\apps\\maven\\current\\bin;C:\Users\lukas\AppData\Roaming\npm
USERNAME=lukas
OS=Windows_NT
PROCESSOR_IDENTIFIER=AMD64 Family 25 Model 97 Stepping 2, AuthenticAMD
TMP=C:\Users\lukas\AppData\Local\Temp
TEMP=C:\Users\lukas\AppData\Local\Temp




Periodic native trim disabled

---------------  S Y S T E M  ---------------

OS:
 Windows 11 , 64 bit Build 26100 (10.0.26100.3912)
OS uptime: 0 days 23:11 hours
Hyper-V role detected

CPU: total 16 (initial active 16) (16 cores per cpu, 2 threads per core) family 25 model 97 stepping 2 microcode 0xa601209, cx8, cmov, fxsr, ht, mmx, 3dnowpref, sse, sse2, sse3, ssse3, sse4a, sse4.1, sse4.2, popcnt, lzcnt, tsc, tscinvbit, avx, avx2, aes, erms, clmul, bmi1, bmi2, adx, avx512f, avx512dq, avx512cd, avx512bw, avx512vl, sha, fma, vzeroupper, avx512_vpopcntdq, avx512_vpclmulqdq, avx512_vaes, avx512_vnni, clflush, clflushopt, avx512_vbmi2, avx512_vbmi, hv, rdtscp, rdpid, fsrm, gfni, avx512_bitalg, f16c, cet_ss, avx512_ifma
Processor Information for the first 16 processors :
  Max Mhz: 4201, Current Mhz: 4201, Mhz Limit: 4201

Memory: 4k page, system-wide physical 31831M (14385M free)
TotalPageFile size 51287M (AvailPageFile size 22525M)
current process WorkingSet (physical memory assigned to process): 247M, peak: 311M
current process commit charge ("private bytes"): 407M, peak: 821M

vm_info: Java HotSpot(TM) 64-Bit Server VM (24.0.1+9-30) for windows-amd64 JRE (24.0.1+9-30), built on 2025-03-05T07:23:45Z with MS VC++ 17.6 (VS2022)

END.
