#
# A fatal error has been detected by the Java Runtime Environment:
#
#  EXCEPTION_ACCESS_VIOLATION (0xc0000005) at pc=0x00007ffac94126c4, pid=19280, tid=24956
#
# JRE version: Java(TM) SE Runtime Environment (24.0.1+9) (build 24.0.1+9-30)
# Java VM: Java HotSpot(TM) 64-Bit Server VM (24.0.1+9-30, mixed mode, sharing, tiered, compressed oops, compressed class ptrs, g1 gc, windows-amd64)
# Problematic frame:
# C  0x00007ffac94126c4
#
# No core dump will be written. Minidumps are not enabled by default on client versions of Windows
#
# JFR recording file will be written. Location: C:\Users\lukas\Desktop\Uni\GameCraft\Snake-Gamecraft\hs_err_pid19280.jfr
#
# If you would like to submit a bug report, please visit:
#   https://bugreport.java.com/bugreport/crash.jsp
# The crash happened outside the Java Virtual Machine in native code.
# See problematic frame for where to report the bug.
#

---------------  S U M M A R Y ------------

Command Line: -javaagent:C:\Program Files\JetBrains\IntelliJ IDEA 2025.1\lib\idea_rt.jar=62637 -Dfile.encoding=UTF-8 -Dsun.stdout.encoding=UTF-8 -Dsun.stderr.encoding=UTF-8 --module-path=C:\Users\lukas\.m2\repository\eu\hansolo\toolbox\21.0.5\toolbox-21.0.5.jar;C:\Users\lukas\.m2\repository\org\kordamp\bootstrapfx\bootstrapfx-core\0.4.0\bootstrapfx-core-0.4.0.jar;C:\Users\lukas\.m2\repository\org\controlsfx\controlsfx\11.2.1\controlsfx-11.2.1.jar;C:\Users\lukas\.m2\repository\com\gluonhq\attach\util\4.0.17\util-4.0.17.jar;C:\Users\lukas\.m2\repository\com\fasterxml\jackson\core\jackson-annotations\2.14.2\jackson-annotations-2.14.2.jar;C:\Users\lukas\.m2\repository\org\openjfx\javafx-fxml\17.0.6\javafx-fxml-17.0.6-win.jar;C:\Users\lukas\.m2\repository\io\github\mkpaz\atlantafx-base\2.0.1\atlantafx-base-2.0.1.jar;C:\Users\lukas\.m2\repository\net\synedra\validatorfx\0.5.0\validatorfx-0.5.0.jar;C:\Users\lukas\.m2\repository\com\gluonhq\attach\lifecycle\4.0.17\lifecycle-4.0.17.jar;C:\Users\lukas\.m2\repository\org\jetbrains\annotations\13.0\annotations-13.0.jar;C:\Users\lukas\.m2\repository\com\fasterxml\jackson\core\jackson-databind\2.14.2\jackson-databind-2.14.2.jar;C:\Users\lukas\.m2\repository\com\github\almasb\fxgl-io\17.3\fxgl-io-17.3.jar;C:\Users\lukas\.m2\repository\com\gluonhq\attach\audio\4.0.17\audio-4.0.17.jar;C:\Users\lukas\.m2\repository\org\jetbrains\kotlin\kotlin-stdlib\1.8.10\kotlin-stdlib-1.8.10.jar;C:\Users\lukas\.m2\repository\org\openjfx\javafx-swing\17.0.6\javafx-swing-17.0.6-win.jar;C:\Users\lukas\.m2\repository\org\openjfx\javafx-graphics\24.0.1\javafx-graphics-24.0.1-win.jar;C:\Users\lukas\.m2\repository\eu\hansolo\fx\heatmap\21.0.3\heatmap-21.0.3.jar;C:\Users\lukas\.m2\repository\org\kordamp\ikonli\ikonli-javafx\12.3.1\ikonli-javafx-12.3.1.jar;C:\Users\lukas\.m2\repository\com\github\almasb\fxgl-scene\17.3\fxgl-scene-17.3.jar;C:\Users\lukas\.m2\repository\com\fasterxml\jackson\core\jackson-core\2.14.2\jackson-core-2.14.2.jar;C:\Users\lukas\.m2\repository\eu\hansolo\tilesfx\21.0.3\tilesfx-21.0.3.jar;C:\Users\lukas\.m2\repository\com\github\almasb\fxgl-core\17.3\fxgl-core-17.3.jar;C:\Users\lukas\.m2\repository\org\-Djdk.module.main=com.cosmic.snakegamecraft com.cosmic.snakegamecraft/com.cosmic.snakegamecraft.Main

Host: AMD Ryzen 7 7800X3D 8-Core Processor           , 16 cores, 31G,  Windows 11 , 64 bit Build 26100 (10.0.26100.4484)
Time: Fri Aug  1 23:48:15 2025 Mitteleuropäische Sommerzeit elapsed time: 82.206649 seconds (0d 0h 1m 22s)

---------------  T H R E A D  ---------------

Current thread (0x00000297e2923480):  JavaThread "Attach Listener" daemon [_thread_in_native, id=24956, stack(0x000000ba87800000,0x000000ba87900000) (1024K)]

Stack: [0x000000ba87800000,0x000000ba87900000],  sp=0x000000ba878ff200,  free space=1020k
Native frames: (J=compiled Java code, j=interpreted, Vv=VM code, C=native code)
C  0x00007ffac94126c4  (no source info available)
C  0x00007ffac9412b9b  (no source info available)
C  0x00007ffac94117f4  (no source info available)
C  0x00007ffac941206a  (no source info available)
C  0x00007ffac940cc21  (no source info available)
C  0x00007ffac93fe5e1  (no source info available)
C  0x00007ffac93fd2f8  (no source info available)
C  0x00007ffac93fd1e0  (no source info available)
C  0x00007ffac94041b9  (no source info available)
V  [jvm.dll+0x57eff7]  (no source info available)
V  [jvm.dll+0x57fdac]  (no source info available)
V  [jvm.dll+0x14ca17]  (no source info available)
V  [jvm.dll+0x14dfe1]  (no source info available)
V  [jvm.dll+0x42f456]  (no source info available)
V  [jvm.dll+0x87d76b]  (no source info available)
V  [jvm.dll+0x72ee55]  (no source info available)
C  [ucrtbase.dll+0x37b0]  (no source info available)
C  [KERNEL32.DLL+0x2e8d7]  (no source info available)
C  [ntdll.dll+0x3c34c]  (no source info available)


siginfo: EXCEPTION_ACCESS_VIOLATION (0xc0000005), reading address 0xffffffffffffffff


Registers:
RAX=0x0000000000000010, RBX=0x0000000000000000, RCX=0xffffffffffffffff, RDX=0x007ffac564301010
RSP=0x000000ba878ff200, RBP=0x000002982b998258, RSI=0x000000ba878ff370, RDI=0x000002982b998258
R8 =0x0000000000000042, R9 =0x000000060f000178, R10=0x00007ffac58b9fb0, R11=0x0000000000000034
R12=0x000000ba878ff370, R13=0x000002983e219620, R14=0x00000297e2923848, R15=0x00000297e2923848
RIP=0x00007ffac94126c4, EFLAGS=0x0000000000010202

XMM[0]=0x0000000000000000 0x0000000000000000
XMM[1]=0x0000000000000000 0x0000000000000000
XMM[2]=0x0000000000000000 0x0000000000000000
XMM[3]=0x0000000000000000 0x0000000000000000
XMM[4]=0x0000000000000000 0x0000000000000000
XMM[5]=0x0000000000000000 0x0000000000000000
XMM[6]=0x0000000000000000 0x0000000000000000
XMM[7]=0x0000000000000000 0x0000000000000000
XMM[8]=0x0000000000000000 0x0000000000000000
XMM[9]=0x0000000000000000 0x0000000000000000
XMM[10]=0x0000000000000000 0x0000000000000000
XMM[11]=0x0000000000000000 0x0000000000000000
XMM[12]=0x0000000000000000 0x0000000000000000
XMM[13]=0x0000000000000000 0x0000000000000000
XMM[14]=0x0000000000000000 0x0000000000000000
XMM[15]=0x0000000000000000 0x0000000000000000
  MXCSR=0x00001fa0


Register to memory mapping:

RAX=0x0000000000000010 is an unknown value
RBX=0x0 is null
RCX=0xffffffffffffffff is an unknown value
RDX=0x007ffac564301010 is an unknown value
RSP=0x000000ba878ff200 is pointing into the stack for thread: 0x00000297e2923480
RBP=0x000002982b998258 points into unknown readable memory: 0x000000060f000178 | 78 01 00 0f 06 00 00 00
RSI=0x000000ba878ff370 is pointing into the stack for thread: 0x00000297e2923480
RDI=0x000002982b998258 points into unknown readable memory: 0x000000060f000178 | 78 01 00 0f 06 00 00 00
R8 =0x0000000000000042 is an unknown value
R9 =0x000000060f000178 is an oop: java.lang.Thread 
{0x000000060f000178} - klass: 'java/lang/Thread' - flags: 

 - ---- fields (total size 14 words):
 - 'threadLocalRandomProbe' 'I' @12  0 (0x00000000)
 - private volatile 'eetop' 'J' @16  2850754902384 (0x00000297be3bb970)
 - private final 'tid' 'J' @24  3 (0x0000000000000003)
 - 'threadLocalRandomSeed' 'J' @32  0 (0x0000000000000000)
 - injected 'jvmti_thread_state' 'J' @40  2852889380512 (0x000002983d7546a0)
 - 'threadLocalRandomSecondarySeed' 'I' @48  0 (0x00000000)
 - injected 'jvmti_VTMS_transition_disable_count' 'I' @52  0 (0x00000000)
 - injected 'jfr_epoch' 'S' @56  0 (0x0000)
 - volatile 'interrupted' 'Z' @58  false (0x00)
 - injected 'jvmti_is_in_VTMS_transition' 'Z' @59  false (0x00)
 - private volatile 'name' 'Ljava/lang/String;' @60  "main"{0x00000006107433e0} (0xc20e867c)
 - private volatile 'contextClassLoader' 'Ljava/lang/ClassLoader;' @64  a 'jdk/internal/loader/ClassLoaders$AppClassLoader'{0x000000060f000a38} (0xc1e00147)
 - private final 'holder' 'Ljava/lang/Thread$FieldHolder;' @68  a 'java/lang/Thread$FieldHolder'{0x0000000610743410} (0xc20e8682)
 - 'threadLocals' 'Ljava/lang/ThreadLocal$ThreadLocalMap;' @72  a 'java/lang/ThreadLocal$ThreadLocalMap'{0x0000000610743438} (0xc20e8687)
 - 'inheritableThreadLocals' 'Ljava/lang/ThreadLocal$ThreadLocalMap;' @76  null (0x00000000)
 - private 'scopedValueBindings' 'Ljava/lang/Object;' @80  a 'java/lang/Class'{0x000000060f007988} = 'java/lang/Thread' (0xc1e00f31)
 - final 'interruptLock' 'Ljava/lang/Object;' @84  a 'java/lang/Object'{0x0000000610743668} (0xc20e86cd)
 - private volatile 'parkBlocker' 'Ljava/lang/Object;' @88  a 'java/util/concurrent/CountDownLatch$Sync'{0x000000060f000158} (0xc1e0002b)
 - private 'nioBlocker' 'Lsun/nio/ch/Interruptible;' @92  null (0x00000000)
 - private 'cont' 'Ljdk/internal/vm/Continuation;' @96  null (0x00000000)
 - private volatile 'uncaughtExceptionHandler' 'Ljava/lang/Thread$UncaughtExceptionHandler;' @100  null (0x00000000)
 - private 'container' 'Ljdk/internal/vm/ThreadContainer;' @104  null (0x00000000)
 - private volatile 'headStackableScopes' 'Ljdk/internal/vm/StackableScope;' @108  null (0x00000000)
R10=0x00007ffac58b9fb0 jvm.dll
R11=0x0000000000000034 is an unknown value
R12=0x000000ba878ff370 is pointing into the stack for thread: 0x00000297e2923480
R13=0x000002983e219620 points into unknown readable memory: 0x00007ffac582a510 | 10 a5 82 c5 fa 7f 00 00
R14=0x00000297e2923848 points into unknown readable memory: 0x00007ffac58217b0 | b0 17 82 c5 fa 7f 00 00
R15=0x00000297e2923848 points into unknown readable memory: 0x00007ffac58217b0 | b0 17 82 c5 fa 7f 00 00

Top of Stack: (sp=0x000000ba878ff200)
0x000000ba878ff200:   000000ba878ff370 000002982b998258   p.......X..+....
0x000000ba878ff210:   0000000000000000 00000297e2923bd0   .........;......
0x000000ba878ff220:   00000000000000f8 00007ffac9412b9b   .........+A.....
0x000000ba878ff230:   0000000000000000 00000297e2923848   ........H8......
0x000000ba878ff240:   000000ba878ff301 0000000000000000   ................
0x000000ba878ff250:   000002982b9accc0 00007ffac94117f4   ...+......A.....
0x000000ba878ff260:   0000000000000000 00000000000000f8   ................
0x000000ba878ff270:   0000000000000000 00000000000000f8   ................
0x000000ba878ff280:   0000004e00000002 000002984b19f5d0   ....N......K....
0x000000ba878ff290:   000002982b9accc0 000002982b9ad0a0   ...+.......+....
0x000000ba878ff2a0:   000002982b9ad1b0 0000000000002e68   ...+....h.......
0x000000ba878ff2b0:   0000000000000000 0000000000000000   ................
0x000000ba878ff2c0:   0000000000000000 00007ffac50857d4   .........W......
0x000000ba878ff2d0:   00007ffac9554ca0 0000000000004b50   .LU.....PK......
0x000000ba878ff2e0:   00007ffac9554ca0 00000000ffffffff   .LU.............
0x000000ba878ff2f0:   0000000000000000 00007ffac941206a   ........j A.....
0x000000ba878ff300:   00000297e2923848 0000000000000000   H8..............
0x000000ba878ff310:   000000ba878ff379 000002983e219620   y....... .!>....
0x000000ba878ff320:   0000000000000004 0000000000000048   ........H.......
0x000000ba878ff330:   0000000800800310 0000000000000020   ........ .......
0x000000ba878ff340:   00000297e2923848 00007ffac9554ca0   H8.......LU.....
0x000000ba878ff350:   00000297e2924c10 000002983d7546a0   .L.......Fu=....
0x000000ba878ff360:   0000000800800390 00000297e2923848   ........H8......
0x000000ba878ff370:   000002984b6dc540 000002984b6de440   @.mK....@.mK....
0x000000ba878ff380:   000002984b6de440 00007ffac9554ca0   @.mK.....LU.....
0x000000ba878ff390:   000002982b808208 000000ba878ff508   ...+............
0x000000ba878ff3a0:   000000ba878ff640 0000000000008840   @.......@.......
0x000000ba878ff3b0:   000000ba878ff820 00007ffac9554cf0    ........LU.....
0x000000ba878ff3c0:   0000000000989680 0000000000989680   ................
0x000000ba878ff3d0:   000000ba878ff4e0 00007ffac940cc21   ........!.@.....
0x000000ba878ff3e0:   00007ffac9554ca0 00007ffac9554cf8   .LU......LU.....
0x000000ba878ff3f0:   00007ffa00000000 00007ffa00000001   ................

Instructions: (pc=0x00007ffac94126c4)
  0x00007ffac94125c4:   cc cc cc cc cc cc cc cc cc cc cc cc cc cc cc cc
  0x00007ffac94125d4:   cc cc cc cc cc cc cc cc cc cc cc cc cc cc cc cc
  0x00007ffac94125e4:   cc cc cc cc cc cc cc cc cc cc cc cc cc cc cc cc
  0x00007ffac94125f4:   cc cc cc cc cc cc cc cc cc cc cc cc cc cc cc cc
  0x00007ffac9412604:   cc cc cc cc cc cc cc cc cc cc cc cc cc cc cc cc
  0x00007ffac9412614:   cc cc cc cc cc cc cc cc cc cc cc cc cc cc cc cc
  0x00007ffac9412624:   cc cc cc cc cc cc cc cc cc cc cc cc cc cc cc cc
  0x00007ffac9412634:   cc cc cc cc cc cc cc cc cc cc cc cc cc cc cc cc
  0x00007ffac9412644:   cc cc cc cc cc cc cc cc cc cc cc cc 40 57 48 83
  0x00007ffac9412654:   ec 20 48 8b f9 48 8b 0d 10 28 14 00 48 85 c9 74
  0x00007ffac9412664:   20 48 8b 01 48 8d 54 24 38 41 b8 06 00 01 00 4c
  0x00007ffac9412674:   8b 48 30 41 ff d1 85 c0 75 07 48 8b 4c 24 38 eb
  0x00007ffac9412684:   02 33 c9 4c 8b 05 ea 28 14 00 48 89 5c 24 30 4d
  0x00007ffac9412694:   85 c0 74 4a 48 8b 01 48 8b d7 4c 8b 88 28 03 00
  0x00007ffac94126a4:   00 41 ff d1 48 85 c0 74 35 48 63 0d f8 e6 13 00
  0x00007ffac94126b4:   48 8b 14 01 48 85 d2 74 15 48 63 05 fc e6 13 00
=>0x00007ffac94126c4:   8b 04 10 48 8b 5c 24 30 48 83 c4 20 5f c3 b8 ff
  0x00007ffac94126d4:   ff ff ff 48 8b 5c 24 30 48 83 c4 20 5f c3 80 3d
  0x00007ffac94126e4:   9b 27 14 00 00 bb ff ff ff ff 74 20 4c 8b 0d 31
  0x00007ffac94126f4:   24 14 00 4c 8d 44 24 38 48 8b 0d 15 24 14 00 48
  0x00007ffac9412704:   8b d7 41 ff d1 85 c0 0f 44 5c 24 38 8b c3 48 8b
  0x00007ffac9412714:   5c 24 30 48 83 c4 20 5f c3 cc cc cc cc cc cc cc
  0x00007ffac9412724:   cc cc cc cc cc cc cc cc cc cc cc cc cc cc cc cc
  0x00007ffac9412734:   cc cc cc cc cc cc cc cc cc cc cc cc cc cc cc cc
  0x00007ffac9412744:   cc cc cc cc cc cc cc cc cc cc cc cc 48 89 54 24
  0x00007ffac9412754:   10 53 55 56 57 41 56 41 57 48 83 ec 28 48 8b f2
  0x00007ffac9412764:   4c 8b f1 48 89 4c 24 78 45 33 ff 44 89 7c 24 68
  0x00007ffac9412774:   c7 44 24 60 01 00 00 00 48 8d 4c 24 68 e8 ed 42
  0x00007ffac9412784:   f7 ff 8b d8 48 8d 4c 24 60 e8 e1 42 f7 ff 8b e8
  0x00007ffac9412794:   49 8b ce e8 00 fc f6 ff 48 8b f8 90 8b c3 f0 0f
  0x00007ffac94127a4:   b1 2f 74 04 f3 90 eb f4 4c 89 3e 4c 89 7e 08 4c
  0x00007ffac94127b4:   89 7e 10 49 8b 6e 08 4d 8b 76 10 49 3b ee 0f 84


Stack slot to memory mapping:

stack at sp + 0 slots: 0x000000ba878ff370 is pointing into the stack for thread: 0x00000297e2923480
stack at sp + 1 slots: 0x000002982b998258 points into unknown readable memory: 0x000000060f000178 | 78 01 00 0f 06 00 00 00
stack at sp + 2 slots: 0x0 is null
stack at sp + 3 slots: 0x00000297e2923bd0 points into unknown readable memory: 0x6e616c2e6176616a | 6a 61 76 61 2e 6c 61 6e
stack at sp + 4 slots: 0x00000000000000f8 is an unknown value
stack at sp + 5 slots: 0x00007ffac9412b9b points into unknown readable memory: 44 8b d8 83 f8
stack at sp + 6 slots: 0x0 is null
stack at sp + 7 slots: 0x00000297e2923848 points into unknown readable memory: 0x00007ffac58217b0 | b0 17 82 c5 fa 7f 00 00

Lock stack of current Java thread (top to bottom):


---------------  P R O C E S S  ---------------

Threads class SMR info:
_java_thread_list=0x000002983d67eb50, length=86, elements={
0x00000297be3bb970, 0x00000297e291d5a0, 0x00000297e291dee0, 0x00000297e29203c0,
0x00000297e2923480, 0x00000297e2926b30, 0x00000297e29281d0, 0x00000297e2937430,
0x00000297e2944f50, 0x00000297e5904050, 0x00000297e5903900, 0x00000297e5900d20,
0x00000297e5902a60, 0x00000297e5902310, 0x00000297e5901bc0, 0x00000297e59031b0,
0x00000297e5901470, 0x000002982be48e00, 0x000002982be49ca0, 0x000002982be4a3f0,
0x000002982be49550, 0x000002983ca54e40, 0x000002983ca56b80, 0x000002983ca55590,
0x000002983ca572d0, 0x000002983ca55ce0, 0x000002983d8baac0, 0x000002983d8be540,
0x000002983d8bddf0, 0x000002983d8bc800, 0x000002983d8bb210, 0x000002983d8bf3e0,
0x000002983d8bec90, 0x000002983d8bc0b0, 0x000002983d8c09d0, 0x000002983d8bfb30,
0x000002983d8c0280, 0x000002983d8c1870, 0x000002983d8c1120, 0x000002983e047c40,
0x000002983e04a820, 0x000002983e04af70, 0x000002983e048390, 0x000002983e048ae0,
0x000002983e04ccb0, 0x000002983e04f140, 0x000002983e049980, 0x000002983e04db50,
0x000002983e04d400, 0x000002983e04e9f0, 0x000002983e04e2a0, 0x000002983d7b1230,
0x000002983d7b1980, 0x000002983d7b0ae0, 0x000002983d7b3e10, 0x000002983d7b20d0,
0x000002983d7b4560, 0x000002983d7b5400, 0x000002983d7b2f70, 0x000002983d7b4cb0,
0x000002983d7b5b50, 0x000002983d7b62a0, 0x000002983d7b36c0, 0x000002983d7b69f0,
0x000002983d7b7140, 0x000002983dfe0500, 0x000002982b589b30, 0x000002982b588540,
0x000002982b5d5930, 0x000002982b5d51e0, 0x000002982b5893e0, 0x000002983d128d50,
0x000002983d129bf0, 0x000002983d12aa90, 0x000002983dda9dc0, 0x000002983e1e5370,
0x000002983e1e4c20, 0x000002983d2805a0, 0x000002983d12b1e0, 0x000002983d12a340,
0x00000297e5af6fe0, 0x000002983dda93a0, 0x00000297e5af7770, 0x00000297e5af4a10,
0x00000297e5af60c0, 0x000002982b396270
}

Java Threads: ( => current thread )
  0x00000297be3bb970 JavaThread "main"                              [_thread_blocked, id=43404, stack(0x000000ba86d00000,0x000000ba86e00000) (1024K)]
  0x00000297e291d5a0 JavaThread "Reference Handler"          daemon [_thread_blocked, id=36024, stack(0x000000ba87500000,0x000000ba87600000) (1024K)]
  0x00000297e291dee0 JavaThread "Finalizer"                  daemon [_thread_blocked, id=16492, stack(0x000000ba87600000,0x000000ba87700000) (1024K)]
  0x00000297e29203c0 JavaThread "Signal Dispatcher"          daemon [_thread_blocked, id=34536, stack(0x000000ba87700000,0x000000ba87800000) (1024K)]
=>0x00000297e2923480 JavaThread "Attach Listener"            daemon [_thread_in_native, id=24956, stack(0x000000ba87800000,0x000000ba87900000) (1024K)]
  0x00000297e2926b30 JavaThread "Service Thread"             daemon [_thread_blocked, id=40024, stack(0x000000ba87900000,0x000000ba87a00000) (1024K)]
  0x00000297e29281d0 JavaThread "Monitor Deflation Thread"   daemon [_thread_blocked, id=19204, stack(0x000000ba87a00000,0x000000ba87b00000) (1024K)]
  0x00000297e2937430 JavaThread "C2 CompilerThread0"         daemon [_thread_blocked, id=32812, stack(0x000000ba87b00000,0x000000ba87c00000) (1024K)]
  0x00000297e2944f50 JavaThread "C1 CompilerThread0"         daemon [_thread_blocked, id=18464, stack(0x000000ba87c00000,0x000000ba87d00000) (1024K)]
  0x00000297e5904050 JavaThread "Common-Cleaner"             daemon [_thread_blocked, id=26668, stack(0x000000ba87e00000,0x000000ba87f00000) (1024K)]
  0x00000297e5903900 JavaThread "Monitor Ctrl-Break"         daemon [_thread_in_native, id=36272, stack(0x000000ba88600000,0x000000ba88700000) (1024K)]
  0x00000297e5900d20 JavaThread "Notification Thread"        daemon [_thread_blocked, id=42636, stack(0x000000ba88700000,0x000000ba88800000) (1024K)]
  0x00000297e5902a60 JavaThread "JavaFX-Launcher"                   [_thread_blocked, id=7096, stack(0x000000ba88800000,0x000000ba88900000) (1024K)]
  0x00000297e5902310 JavaThread "RMI TCP Accept-0"           daemon [_thread_in_native, id=39236, stack(0x000000ba88900000,0x000000ba88a00000) (1024K)]
  0x00000297e5901bc0 JavaThread "RMI TCP Connection(1)-192.168.56.1" daemon [_thread_in_native, id=14680, stack(0x000000ba88a00000,0x000000ba88b00000) (1024K)]
  0x00000297e59031b0 JavaThread "RMI Scheduler(0)"           daemon [_thread_blocked, id=11524, stack(0x000000ba88b00000,0x000000ba88c00000) (1024K)]
  0x00000297e5901470 JavaThread "JMX server connection timeout 41" daemon [_thread_blocked, id=6456, stack(0x000000ba88c00000,0x000000ba88d00000) (1024K)]
  0x000002982be48e00 JavaThread "QuantumRenderer-0"          daemon [_thread_blocked, id=43952, stack(0x000000ba88d00000,0x000000ba88e00000) (1024K)]
  0x000002982be49ca0 JavaThread "InvokeLaterDispatcher"      daemon [_thread_blocked, id=31356, stack(0x000000ba88e00000,0x000000ba88f00000) (1024K)]
  0x000002982be4a3f0 JavaThread "JavaFX Application Thread"         [_thread_in_native, id=31944, stack(0x000000ba88f00000,0x000000ba89000000) (1024K)]
  0x000002982be49550 JavaThread "Thread-2"                   daemon [_thread_in_native, id=32524, stack(0x000000ba88300000,0x000000ba88400000) (1024K)]
  0x000002983ca54e40 JavaThread "Prism Font Disposer"        daemon [_thread_blocked, id=32224, stack(0x000000ba8b200000,0x000000ba8b300000) (1024K)]
  0x000002983ca56b80 JavaThread "Cleaner-0"                  daemon [_thread_blocked, id=10372, stack(0x000000ba8ad00000,0x000000ba8ae00000) (1024K)]
  0x000002983ca55590 JavaThread "JFXMedia Player EventQueueThread" daemon [_thread_blocked, id=28676, stack(0x000000ba8b100000,0x000000ba8b200000) (1024K)]
  0x000002983ca572d0 JavaThread "Media Resource Disposer"    daemon [_thread_blocked, id=15628, stack(0x000000ba8b700000,0x000000ba8b800000) (1024K)]
  0x000002983ca55ce0 JavaThread "Timer-0"                    daemon [_thread_blocked, id=19340, stack(0x000000ba8bc00000,0x000000ba8bd00000) (1024K)]
  0x000002983d8baac0 JavaThread "JFXMedia Player EventQueueThread" daemon [_thread_blocked, id=11628, stack(0x000000ba8be00000,0x000000ba8bf00000) (1024K)]
  0x000002983d8be540 JavaThread "Timer-1"                    daemon [_thread_blocked, id=25352, stack(0x000000ba8c300000,0x000000ba8c400000) (1024K)]
  0x000002983d8bddf0 JavaThread "JFXMedia Player EventQueueThread" daemon [_thread_blocked, id=27084, stack(0x000000ba8c400000,0x000000ba8c500000) (1024K)]
  0x000002983d8bc800 JavaThread "Timer-2"                    daemon [_thread_blocked, id=9868, stack(0x000000ba8c900000,0x000000ba8ca00000) (1024K)]
  0x000002983d8bb210 JavaThread "JFXMedia Player EventQueueThread" daemon [_thread_blocked, id=20172, stack(0x000000ba8ca00000,0x000000ba8cb00000) (1024K)]
  0x000002983d8bf3e0 JavaThread "Timer-3"                    daemon [_thread_blocked, id=19812, stack(0x000000ba8cf00000,0x000000ba8d000000) (1024K)]
  0x000002983d8bec90 JavaThread "JFXMedia Player EventQueueThread" daemon [_thread_blocked, id=41036, stack(0x000000ba8d000000,0x000000ba8d100000) (1024K)]
  0x000002983d8bc0b0 JavaThread "Timer-4"                    daemon [_thread_blocked, id=10020, stack(0x000000ba8d500000,0x000000ba8d600000) (1024K)]
  0x000002983d8c09d0 JavaThread "JFXMedia Player EventQueueThread" daemon [_thread_blocked, id=34808, stack(0x000000ba87d00000,0x000000ba87e00000) (1024K)]
  0x000002983d8bfb30 JavaThread "Timer-5"                    daemon [_thread_blocked, id=27784, stack(0x000000ba8d900000,0x000000ba8da00000) (1024K)]
  0x000002983d8c0280 JavaThread "JFXMedia Player EventQueueThread" daemon [_thread_blocked, id=4636, stack(0x000000ba8da00000,0x000000ba8db00000) (1024K)]
  0x000002983d8c1870 JavaThread "Timer-6"                    daemon [_thread_blocked, id=39156, stack(0x000000ba8df00000,0x000000ba8e000000) (1024K)]
  0x000002983d8c1120 JavaThread "JFXMedia Player EventQueueThread" daemon [_thread_blocked, id=15044, stack(0x000000ba8e000000,0x000000ba8e100000) (1024K)]
  0x000002983e047c40 JavaThread "Timer-7"                    daemon [_thread_blocked, id=9948, stack(0x000000ba8e500000,0x000000ba8e600000) (1024K)]
  0x000002983e04a820 JavaThread "JFXMedia Player EventQueueThread" daemon [_thread_blocked, id=6792, stack(0x000000ba8e600000,0x000000ba8e700000) (1024K)]
  0x000002983e04af70 JavaThread "Timer-8"                    daemon [_thread_blocked, id=16016, stack(0x000000ba8eb00000,0x000000ba8ec00000) (1024K)]
  0x000002983e048390 JavaThread "JFXMedia Player EventQueueThread" daemon [_thread_blocked, id=25588, stack(0x000000ba8ec00000,0x000000ba8ed00000) (1024K)]
  0x000002983e048ae0 JavaThread "Timer-9"                    daemon [_thread_blocked, id=42504, stack(0x000000ba8f100000,0x000000ba8f200000) (1024K)]
  0x000002983e04ccb0 JavaThread "JFXMedia Player EventQueueThread" daemon [_thread_blocked, id=3500, stack(0x000000ba8f200000,0x000000ba8f300000) (1024K)]
  0x000002983e04f140 JavaThread "Timer-10"                   daemon [_thread_blocked, id=8152, stack(0x000000ba8f700000,0x000000ba8f800000) (1024K)]
  0x000002983e049980 JavaThread "JFXMedia Player EventQueueThread" daemon [_thread_blocked, id=16644, stack(0x000000ba8f800000,0x000000ba8f900000) (1024K)]
  0x000002983e04db50 JavaThread "Timer-11"                   daemon [_thread_blocked, id=39456, stack(0x000000ba8fd00000,0x000000ba8fe00000) (1024K)]
  0x000002983e04d400 JavaThread "JFXMedia Player EventQueueThread" daemon [_thread_blocked, id=6644, stack(0x000000ba8fe00000,0x000000ba8ff00000) (1024K)]
  0x000002983e04e9f0 JavaThread "Timer-12"                   daemon [_thread_blocked, id=3212, stack(0x000000ba90300000,0x000000ba90400000) (1024K)]
  0x000002983e04e2a0 JavaThread "JFXMedia Player EventQueueThread" daemon [_thread_blocked, id=26760, stack(0x000000ba90400000,0x000000ba90500000) (1024K)]
  0x000002983d7b1230 JavaThread "Timer-13"                   daemon [_thread_blocked, id=30872, stack(0x000000ba90900000,0x000000ba90a00000) (1024K)]
  0x000002983d7b1980 JavaThread "JFXMedia Player EventQueueThread" daemon [_thread_blocked, id=41920, stack(0x000000ba90c00000,0x000000ba90d00000) (1024K)]
  0x000002983d7b0ae0 JavaThread "Timer-14"                   daemon [_thread_blocked, id=8776, stack(0x000000ba91100000,0x000000ba91200000) (1024K)]
  0x000002983d7b3e10 JavaThread "JFXMedia Player EventQueueThread" daemon [_thread_blocked, id=12132, stack(0x000000ba90b00000,0x000000ba90c00000) (1024K)]
  0x000002983d7b20d0 JavaThread "Timer-15"                   daemon [_thread_blocked, id=39640, stack(0x000000ba91500000,0x000000ba91600000) (1024K)]
  0x000002983d7b4560 JavaThread "JFXMedia Player EventQueueThread" daemon [_thread_blocked, id=21952, stack(0x000000ba91600000,0x000000ba91700000) (1024K)]
  0x000002983d7b5400 JavaThread "JFXMedia Player EventQueueThread" daemon [_thread_blocked, id=43292, stack(0x000000ba91900000,0x000000ba91a00000) (1024K)]
  0x000002983d7b2f70 JavaThread "Timer-16"                   daemon [_thread_blocked, id=12908, stack(0x000000ba92000000,0x000000ba92100000) (1024K)]
  0x000002983d7b4cb0 JavaThread "Timer-17"                   daemon [_thread_blocked, id=42788, stack(0x000000ba92100000,0x000000ba92200000) (1024K)]
  0x000002983d7b5b50 JavaThread "JFXMedia Player EventQueueThread" daemon [_thread_blocked, id=38088, stack(0x000000ba92200000,0x000000ba92300000) (1024K)]
  0x000002983d7b62a0 JavaThread "Timer-18"                   daemon [_thread_blocked, id=25676, stack(0x000000ba92700000,0x000000ba92800000) (1024K)]
  0x000002983d7b36c0 JavaThread "JFXMedia Player EventQueueThread" daemon [_thread_blocked, id=22216, stack(0x000000ba92800000,0x000000ba92900000) (1024K)]
  0x000002983d7b69f0 JavaThread "JFXMedia Player EventQueueThread" daemon [_thread_blocked, id=36044, stack(0x000000ba92b00000,0x000000ba92c00000) (1024K)]
  0x000002983d7b7140 JavaThread "Timer-19"                   daemon [_thread_blocked, id=33188, stack(0x000000ba93200000,0x000000ba93300000) (1024K)]
  0x000002983dfe0500 JavaThread "Timer-20"                   daemon [_thread_blocked, id=25584, stack(0x000000ba93300000,0x000000ba93400000) (1024K)]
  0x000002982b589b30 JavaThread "JFXMedia Player EventQueueThread" daemon [_thread_blocked, id=28028, stack(0x000000ba93400000,0x000000ba93500000) (1024K)]
  0x000002982b588540 JavaThread "Timer-21"                   daemon [_thread_blocked, id=15872, stack(0x000000ba93900000,0x000000ba93a00000) (1024K)]
  0x000002982b5d5930 JavaThread "JFXMedia Player EventQueueThread" daemon [_thread_blocked, id=43320, stack(0x000000ba93a00000,0x000000ba93b00000) (1024K)]
  0x000002982b5d51e0 JavaThread "Timer-22"                   daemon [_thread_blocked, id=21104, stack(0x000000ba93f00000,0x000000ba94000000) (1024K)]
  0x000002982b5893e0 JavaThread "JFXMedia Player EventQueueThread" daemon [_thread_blocked, id=35532, stack(0x000000ba86a00000,0x000000ba86b00000) (1024K)]
  0x000002983d128d50 JavaThread "Timer-23"                   daemon [_thread_blocked, id=41376, stack(0x000000ba94200000,0x000000ba94300000) (1024K)]
  0x000002983d129bf0 JavaThread "JFXMedia Player EventQueueThread" daemon [_thread_blocked, id=34360, stack(0x000000ba94300000,0x000000ba94400000) (1024K)]
  0x000002983d12aa90 JavaThread "JFXMedia Player EventQueueThread" daemon [_thread_blocked, id=38680, stack(0x000000ba94600000,0x000000ba94700000) (1024K)]
  0x000002983dda9dc0 JavaThread "Timer-24"                   daemon [_thread_blocked, id=38948, stack(0x000000ba94d00000,0x000000ba94e00000) (1024K)]
  0x000002983e1e5370 JavaThread "Timer-25"                   daemon [_thread_blocked, id=12216, stack(0x000000ba94e00000,0x000000ba94f00000) (1024K)]
  0x000002983e1e4c20 JavaThread "JFXMedia Player EventQueueThread" daemon [_thread_blocked, id=29788, stack(0x000000ba94f00000,0x000000ba95000000) (1024K)]
  0x000002983d2805a0 JavaThread "Timer-26"                   daemon [_thread_blocked, id=41976, stack(0x000000ba95400000,0x000000ba95500000) (1024K)]
  0x000002983d12b1e0 JavaThread "JFXMedia Player EventQueueThread" daemon [_thread_blocked, id=24832, stack(0x000000ba95500000,0x000000ba95600000) (1024K)]
  0x000002983d12a340 JavaThread "Timer-27"                   daemon [_thread_blocked, id=38364, stack(0x000000ba95a00000,0x000000ba95b00000) (1024K)]
  0x00000297e5af6fe0 JavaThread "C2 CompilerThread1"         daemon [_thread_blocked, id=7876, stack(0x000000ba95b00000,0x000000ba95c00000) (1024K)]
  0x000002983dda93a0 JavaThread "JFR Recorder Thread"        daemon [_thread_in_native, id=8752, stack(0x000000ba95c00000,0x000000ba95d00000) (1024K)]
  0x00000297e5af7770 JavaThread "C1 CompilerThread1"         daemon [_thread_blocked, id=15096, stack(0x000000ba95d00000,0x000000ba95e00000) (1024K)]
  0x00000297e5af4a10 JavaThread "C1 CompilerThread2"         daemon [_thread_blocked, id=17932, stack(0x000000ba95e00000,0x000000ba95f00000) (1024K)]
  0x00000297e5af60c0 JavaThread "C2 CompilerThread2"         daemon [_thread_blocked, id=20672, stack(0x000000ba95f00000,0x000000ba96000000) (1024K)]
  0x000002982b396270 JavaThread "JFR Periodic Tasks"         daemon [_thread_blocked, id=11880, stack(0x000000ba96000000,0x000000ba96100000) (1024K)]
Total: 86

Other Threads:
  0x00000297e290a320 VMThread "VM Thread"                           [id=26728, stack(0x000000ba87400000,0x000000ba87500000) (1024K)]
  0x00000297e2856ef0 WatcherThread "VM Periodic Task Thread"        [id=34744, stack(0x000000ba87300000,0x000000ba87400000) (1024K)]
  0x00000297e27bfb70 WorkerThread "GC Thread#0"                     [id=12596, stack(0x000000ba86e00000,0x000000ba86f00000) (1024K)]
  0x000002982be8e240 WorkerThread "GC Thread#1"                     [id=18100, stack(0x000000ba88400000,0x000000ba88500000) (1024K)]
  0x000002982be8cfd0 WorkerThread "GC Thread#2"                     [id=9200, stack(0x000000ba88500000,0x000000ba88600000) (1024K)]
  0x000002982be8dae0 WorkerThread "GC Thread#3"                     [id=31840, stack(0x000000ba8a300000,0x000000ba8a400000) (1024K)]
  0x000002982be8e9a0 WorkerThread "GC Thread#4"                     [id=42952, stack(0x000000ba8a400000,0x000000ba8a500000) (1024K)]
  0x000002982be90370 WorkerThread "GC Thread#5"                     [id=12320, stack(0x000000ba8a500000,0x000000ba8a600000) (1024K)]
  0x000002982be90720 WorkerThread "GC Thread#6"                     [id=30932, stack(0x000000ba8a600000,0x000000ba8a700000) (1024K)]
  0x000002982be8f860 WorkerThread "GC Thread#7"                     [id=11736, stack(0x000000ba8a700000,0x000000ba8a800000) (1024K)]
  0x000002982be8fc10 WorkerThread "GC Thread#8"                     [id=14940, stack(0x000000ba8a800000,0x000000ba8a900000) (1024K)]
  0x000002982be90ad0 WorkerThread "GC Thread#9"                     [id=14804, stack(0x000000ba8a900000,0x000000ba8aa00000) (1024K)]
  0x000002982be8ffc0 WorkerThread "GC Thread#10"                    [id=17648, stack(0x000000ba8aa00000,0x000000ba8ab00000) (1024K)]
  0x000002982be8d380 WorkerThread "GC Thread#11"                    [id=25644, stack(0x000000ba8ab00000,0x000000ba8ac00000) (1024K)]
  0x000002983e0b2de0 WorkerThread "GC Thread#12"                    [id=4612, stack(0x000000ba8ae00000,0x000000ba8af00000) (1024K)]
  0x00000297c098cbb0 ConcurrentGCThread "G1 Main Marker"            [id=41472, stack(0x000000ba86f00000,0x000000ba87000000) (1024K)]
  0x00000297c0990b70 WorkerThread "G1 Conc#0"                       [id=36336, stack(0x000000ba87000000,0x000000ba87100000) (1024K)]
  0x000002983e0b68e0 WorkerThread "G1 Conc#1"                       [id=29052, stack(0x000000ba87f00000,0x000000ba88000000) (1024K)]
  0x000002983e0b5dd0 WorkerThread "G1 Conc#2"                       [id=42928, stack(0x000000ba8ac00000,0x000000ba8ad00000) (1024K)]
  0x00000297e2849040 ConcurrentGCThread "G1 Refine#0"               [id=37072, stack(0x000000ba87100000,0x000000ba87200000) (1024K)]
  0x00000297e2849870 ConcurrentGCThread "G1 Service"                [id=39576, stack(0x000000ba87200000,0x000000ba87300000) (1024K)]
Total: 21

Threads with active compile tasks:
Total: 0

VM state: not at safepoint (normal execution)

VM Mutex/Monitor currently owned by a thread: None

Heap address: 0x000000060e800000, size: 7960 MB, Compressed Oops mode: Zero based, Oop shift amount: 3

CDS archive(s) mapped at: [0x00000297e6000000-0x00000297e6d40000-0x00000297e6d40000), size 13893632, SharedBaseAddress: 0x00000297e6000000, ArchiveRelocationMode: 1.
Compressed class space mapped at: 0x00000297e7000000-0x0000029827000000, reserved size: 1073741824
UseCompressedClassPointers 1, UseCompactObjectHeaders 0
Narrow klass pointer bits 32, Max shift 3
Narrow klass base: 0x00000297e6000000, Narrow klass shift: 0
Encoding Range: [0x00000297e6000000 - 0x00000298e6000000), (4294967296 bytes)
Klass Range:    [0x00000297e6000000 - 0x0000029827000000), (1090519040 bytes)
Klass ID Range:  [8 - 1090519033) (1090519025)

GC Precious Log:
 CardTable entry size: 512
 Card Set container configuration: InlinePtr #cards 4 size 8 Array Of Cards #cards 32 size 80 Howl #buckets 8 coarsen threshold 7372 Howl Bitmap #cards 1024 size 144 coarsen threshold 921 Card regions per heap region 1 cards per card region 8192
 CPUs: 16 total, 16 available
 Memory: 31831M
 Large Page Support: Disabled
 NUMA Support: Disabled
 Compressed Oops: Enabled (Zero based)
 Heap Region Size: 4M
 Heap Min Capacity: 8M
 Heap Initial Capacity: 500M
 Heap Max Capacity: 7960M
 Pre-touch: Disabled
 Parallel Workers: 13
 Concurrent Workers: 3
 Concurrent Refinement Workers: 13
 Periodic GC: Disabled

Heap:
 garbage-first heap   total reserved 8151040K, committed 110592K, used 52273K [0x000000060e800000, 0x0000000800000000)
  region size 4096K, 5 young (20480K), 1 survivors (4096K)
 Metaspace       used 27681K, committed 28032K, reserved 1114112K
  class space    used 3278K, committed 3456K, reserved 1048576K

Heap Regions: E=young(eden), S=young(survivor), O=old, HS=humongous(starts), HC=humongous(continues), CS=collection set, F=free, TAMS=top-at-mark-start, PB=parsable bottom
|   0|0x000000060e800000, 0x000000060ec00000, 0x000000060ec00000|100%|HS|  |TAMS 0x000000060e800000| PB 0x000000060e800000| Complete |  0
|   1|0x000000060ec00000, 0x000000060f000000, 0x000000060f000000|100%|HS|  |TAMS 0x000000060ec00000| PB 0x000000060ec00000| Complete |  0
|   2|0x000000060f000000, 0x000000060f400000, 0x000000060f400000|100%| O|  |TAMS 0x000000060f000000| PB 0x000000060f000000| Untracked |  0
|   3|0x000000060f400000, 0x000000060f800000, 0x000000060f800000|100%| O|  |TAMS 0x000000060f400000| PB 0x000000060f400000| Untracked |  0
|   4|0x000000060f800000, 0x000000060fc00000, 0x000000060fc00000|100%| O|  |TAMS 0x000000060f800000| PB 0x000000060f800000| Untracked |  0
|   5|0x000000060fc00000, 0x0000000610000000, 0x0000000610000000|100%| O|  |TAMS 0x000000060fc00000| PB 0x000000060fc00000| Untracked |  0
|   6|0x0000000610000000, 0x0000000610400000, 0x0000000610400000|100%| O|  |TAMS 0x0000000610000000| PB 0x0000000610000000| Untracked |  0
|   7|0x0000000610400000, 0x0000000610800000, 0x0000000610800000|100%| O|  |TAMS 0x0000000610400000| PB 0x0000000610400000| Untracked |  0
|   8|0x0000000610800000, 0x0000000610c00000, 0x0000000610c00000|100%| O|  |TAMS 0x0000000610800000| PB 0x0000000610800000| Untracked |  0
|   9|0x0000000610c00000, 0x0000000610cb71e8, 0x0000000611000000| 17%| O|  |TAMS 0x0000000610c00000| PB 0x0000000610c00000| Untracked |  0
|  10|0x0000000611000000, 0x0000000611000000, 0x0000000611400000|  0%| F|  |TAMS 0x0000000611000000| PB 0x0000000611000000| Untracked |  0
|  11|0x0000000611400000, 0x0000000611400000, 0x0000000611800000|  0%| F|  |TAMS 0x0000000611400000| PB 0x0000000611400000| Untracked |  0
|  12|0x0000000611800000, 0x0000000611a55410, 0x0000000611c00000| 58%| S|CS|TAMS 0x0000000611800000| PB 0x0000000611800000| Complete |  0
|  13|0x0000000611c00000, 0x0000000611c00000, 0x0000000612000000|  0%| F|  |TAMS 0x0000000611c00000| PB 0x0000000611c00000| Untracked |  0
|  14|0x0000000612000000, 0x0000000612000000, 0x0000000612400000|  0%| F|  |TAMS 0x0000000612000000| PB 0x0000000612000000| Untracked |  0
|  15|0x0000000612400000, 0x0000000612400000, 0x0000000612800000|  0%| F|  |TAMS 0x0000000612400000| PB 0x0000000612400000| Untracked |  0
|  16|0x0000000612800000, 0x0000000612800000, 0x0000000612c00000|  0%| F|  |TAMS 0x0000000612800000| PB 0x0000000612800000| Untracked |  0
|  17|0x0000000612c00000, 0x0000000612c00000, 0x0000000613000000|  0%| F|  |TAMS 0x0000000612c00000| PB 0x0000000612c00000| Untracked |  0
|  18|0x0000000613000000, 0x0000000613000000, 0x0000000613400000|  0%| F|  |TAMS 0x0000000613000000| PB 0x0000000613000000| Untracked |  0
|  19|0x0000000613400000, 0x0000000613400000, 0x0000000613800000|  0%| F|  |TAMS 0x0000000613400000| PB 0x0000000613400000| Untracked |  0
|  20|0x0000000613800000, 0x0000000613800000, 0x0000000613c00000|  0%| F|  |TAMS 0x0000000613800000| PB 0x0000000613800000| Untracked |  0
| 100|0x0000000627800000, 0x0000000627800000, 0x0000000627c00000|  0%| F|  |TAMS 0x0000000627800000| PB 0x0000000627800000| Untracked |  0
| 101|0x0000000627c00000, 0x0000000627c00000, 0x0000000628000000|  0%| F|  |TAMS 0x0000000627c00000| PB 0x0000000627c00000| Untracked |  0
| 102|0x0000000628000000, 0x00000006280d1308, 0x0000000628400000| 20%| E|  |TAMS 0x0000000628000000| PB 0x0000000628000000| Complete |  0
| 103|0x0000000628400000, 0x0000000628800000, 0x0000000628800000|100%| E|CS|TAMS 0x0000000628400000| PB 0x0000000628400000| Complete |  0
| 124|0x000000062d800000, 0x000000062dc00000, 0x000000062dc00000|100%| E|CS|TAMS 0x000000062d800000| PB 0x000000062d800000| Complete |  0
|1989|0x00000007ffc00000, 0x0000000800000000, 0x0000000800000000|100%| E|CS|TAMS 0x00000007ffc00000| PB 0x00000007ffc00000| Complete |  0

Card table byte_map: [0x00000297d9ad0000,0x00000297daa60000] _byte_map_base: 0x00000297d6a5c000

Marking Bits: (CMBitMap*) 0x00000297c0978b80
 Bits: [0x00000297daa60000, 0x00000297e26c0000)

Polling page: 0x00000297be700000

Metaspace:

Usage:
  Non-class:     23.83 MB used.
      Class:      3.20 MB used.
       Both:     27.03 MB used.

Virtual space:
  Non-class space:       64.00 MB reserved,      24.00 MB ( 38%) committed,  1 nodes.
      Class space:        1.00 GB reserved,       3.38 MB ( <1%) committed,  1 nodes.
             Both:        1.06 GB reserved,      27.38 MB (  3%) committed. 

Chunk freelists:
   Non-Class:  8.01 MB
       Class:  12.53 MB
        Both:  20.54 MB

MaxMetaspaceSize: unlimited
CompressedClassSpaceSize: 1.00 GB
Initial GC threshold: 21.00 MB
Current GC threshold: 35.12 MB
CDS: on
 - commit_granule_bytes: 65536.
 - commit_granule_words: 8192.
 - virtual_space_node_default_size: 8388608.
 - enlarge_chunks_in_place: 1.
UseCompressedClassPointers 1, UseCompactObjectHeaders 0
Narrow klass pointer bits 32, Max shift 3
Narrow klass base: 0x00000297e6000000, Narrow klass shift: 0
Encoding Range: [0x00000297e6000000 - 0x00000298e6000000), (4294967296 bytes)
Klass Range:    [0x00000297e6000000 - 0x0000029827000000), (1090519040 bytes)
Klass ID Range:  [8 - 1090519033) (1090519025)


Internal statistics:

num_allocs_failed_limit: 3.
num_arena_births: 360.
num_arena_deaths: 0.
num_vsnodes_births: 2.
num_vsnodes_deaths: 0.
num_space_committed: 438.
num_space_uncommitted: 0.
num_chunks_returned_to_freelist: 3.
num_chunks_taken_from_freelist: 1075.
num_chunk_merges: 3.
num_chunk_splits: 736.
num_chunks_enlarged: 551.
num_inconsistent_stats: 0.

CodeHeap 'non-profiled nmethods': size=119232Kb used=3655Kb max_used=3655Kb free=115576Kb
 bounds [0x00000297d0d40000, 0x00000297d10e0000, 0x00000297d81b0000]
CodeHeap 'profiled nmethods': size=119104Kb used=14536Kb max_used=14536Kb free=104567Kb
 bounds [0x00000297c91b0000, 0x00000297c9ff0000, 0x00000297d0600000]
CodeHeap 'non-nmethods': size=7424Kb used=3089Kb max_used=3668Kb free=4334Kb
 bounds [0x00000297d0600000, 0x00000297d09a0000, 0x00000297d0d40000]
CodeCache: size=245760Kb, used=21280Kb, max_used=21859Kb, free=224477Kb
 total_blobs=8917, nmethods=8010, adapters=810, full_count=0
Compilation: enabled, stopped_count=0, restarted_count=0

Compilation events (20 events):
Event: 82.128 Thread 0x00000297e2937430 nmethod 7979 0x00000297d10b3688 code [0x00000297d10b3880, 0x00000297d10b5068]
Event: 82.128 Thread 0x00000297e2937430 7983       4       java.util.LinkedHashMap::get (29 bytes)
Event: 82.129 Thread 0x00000297e5af7770 8009       1       jdk.jfr.internal.periodic.EventTask::getEventType (5 bytes)
Event: 82.130 Thread 0x00000297e2944f50 8010       1       jdk.jfr.internal.periodic.PeriodicTask::getPeriod (5 bytes)
Event: 82.130 Thread 0x00000297e5af7770 nmethod 8009 0x00000297d10b5108 code [0x00000297d10b5200, 0x00000297d10b52c8]
Event: 82.130 Thread 0x00000297e5af4a10 8011       3       java.util.Comparator$$Lambda/0x00000297e7343fd0::compare (10 bytes)
Event: 82.130 Thread 0x00000297e5af7770 8012       3       java.util.Comparator::lambda$comparingLong$6043328a$1 (18 bytes)
Event: 82.130 Thread 0x00000297e2944f50 nmethod 8010 0x00000297d10b5408 code [0x00000297d10b5500, 0x00000297d10b55c8]
Event: 82.130 Thread 0x00000297e5af4a10 nmethod 8011 0x00000297c9fe1788 code [0x00000297c9fe18e0, 0x00000297c9fe1d58]
Event: 82.130 Thread 0x00000297e5af7770 nmethod 8012 0x00000297c9fe1d88 code [0x00000297c9fe1ee0, 0x00000297c9fe22c0]
Event: 82.131 Thread 0x00000297e2937430 nmethod 7983 0x00000297d10b5708 code [0x00000297d10b5860, 0x00000297d10b5c28]
Event: 82.131 Thread 0x00000297e2937430 7981       4       java.util.LinkedHashMap::linkNodeAtEnd (76 bytes)
Event: 82.131 Thread 0x00000297e2937430 nmethod 7981 0x00000297d10b5c88 code [0x00000297d10b5da0, 0x00000297d10b62c8]
Event: 82.131 Thread 0x00000297e2937430 7990       4       java.util.LinkedHashMap$Entry::<init> (10 bytes)
Event: 82.132 Thread 0x00000297e2937430 nmethod 7990 0x00000297d10b6308 code [0x00000297d10b6400, 0x00000297d10b6830]
Event: 82.132 Thread 0x00000297e2937430 7992       4       java.util.LinkedHashMap::newNode (23 bytes)
Event: 82.132 Thread 0x00000297e2937430 nmethod 7992 0x00000297d10b6888 code [0x00000297d10b69a0, 0x00000297d10b6f88]
Event: 82.132 Thread 0x00000297e2937430 7993       4       java.util.LinkedHashMap::afterNodeInsertion (40 bytes)
Event: 82.133 Thread 0x00000297e2937430 nmethod 7993 0x00000297d10b7008 code [0x00000297d10b7100, 0x00000297d10b71b8]
Event: 82.146 Thread 0x00000297e5af6fe0 nmethod 7969 0x00000297d10b7308 code [0x00000297d10b7820, 0x00000297d10bb380]

GC Heap History (20 events):
Event: 41.287 GC heap before
{Heap before GC invocations=14 (full 0):
 garbage-first heap   total reserved 8151040K, committed 110592K, used 91883K [0x000000060e800000, 0x0000000800000000)
  region size 4096K, 15 young (61440K), 1 survivors (4096K)
 Metaspace       used 25922K, committed 26240K, reserved 1114112K
  class space    used 3117K, committed 3264K, reserved 1048576K
}
Event: 41.288 GC heap after
{Heap after GC invocations=15 (full 0):
 garbage-first heap   total reserved 8151040K, committed 110592K, used 39256K [0x000000060e800000, 0x0000000800000000)
  region size 4096K, 1 young (4096K), 1 survivors (4096K)
 Metaspace       used 25922K, committed 26240K, reserved 1114112K
  class space    used 3117K, committed 3264K, reserved 1048576K
}
Event: 45.316 GC heap before
{Heap before GC invocations=15 (full 0):
 garbage-first heap   total reserved 8151040K, committed 110592K, used 92504K [0x000000060e800000, 0x0000000800000000)
  region size 4096K, 15 young (61440K), 1 survivors (4096K)
 Metaspace       used 26036K, committed 26368K, reserved 1114112K
  class space    used 3118K, committed 3264K, reserved 1048576K
}
Event: 45.317 GC heap after
{Heap after GC invocations=16 (full 0):
 garbage-first heap   total reserved 8151040K, committed 110592K, used 38763K [0x000000060e800000, 0x0000000800000000)
  region size 4096K, 1 young (4096K), 1 survivors (4096K)
 Metaspace       used 26036K, committed 26368K, reserved 1114112K
  class space    used 3118K, committed 3264K, reserved 1048576K
}
Event: 48.231 GC heap before
{Heap before GC invocations=16 (full 0):
 garbage-first heap   total reserved 8151040K, committed 110592K, used 92011K [0x000000060e800000, 0x0000000800000000)
  region size 4096K, 15 young (61440K), 1 survivors (4096K)
 Metaspace       used 26045K, committed 26432K, reserved 1114112K
  class space    used 3118K, committed 3264K, reserved 1048576K
}
Event: 48.232 GC heap after
{Heap after GC invocations=17 (full 0):
 garbage-first heap   total reserved 8151040K, committed 110592K, used 39356K [0x000000060e800000, 0x0000000800000000)
  region size 4096K, 1 young (4096K), 1 survivors (4096K)
 Metaspace       used 26045K, committed 26432K, reserved 1114112K
  class space    used 3118K, committed 3264K, reserved 1048576K
}
Event: 52.470 GC heap before
{Heap before GC invocations=17 (full 0):
 garbage-first heap   total reserved 8151040K, committed 110592K, used 92604K [0x000000060e800000, 0x0000000800000000)
  region size 4096K, 15 young (61440K), 1 survivors (4096K)
 Metaspace       used 26055K, committed 26432K, reserved 1114112K
  class space    used 3118K, committed 3264K, reserved 1048576K
}
Event: 52.471 GC heap after
{Heap after GC invocations=18 (full 0):
 garbage-first heap   total reserved 8151040K, committed 110592K, used 38750K [0x000000060e800000, 0x0000000800000000)
  region size 4096K, 1 young (4096K), 1 survivors (4096K)
 Metaspace       used 26055K, committed 26432K, reserved 1114112K
  class space    used 3118K, committed 3264K, reserved 1048576K
}
Event: 55.923 GC heap before
{Heap before GC invocations=18 (full 0):
 garbage-first heap   total reserved 8151040K, committed 110592K, used 91998K [0x000000060e800000, 0x0000000800000000)
  region size 4096K, 15 young (61440K), 1 survivors (4096K)
 Metaspace       used 26059K, committed 26432K, reserved 1114112K
  class space    used 3118K, committed 3264K, reserved 1048576K
}
Event: 55.923 GC heap after
{Heap after GC invocations=19 (full 0):
 garbage-first heap   total reserved 8151040K, committed 110592K, used 39351K [0x000000060e800000, 0x0000000800000000)
  region size 4096K, 1 young (4096K), 1 survivors (4096K)
 Metaspace       used 26059K, committed 26432K, reserved 1114112K
  class space    used 3118K, committed 3264K, reserved 1048576K
}
Event: 59.276 GC heap before
{Heap before GC invocations=19 (full 0):
 garbage-first heap   total reserved 8151040K, committed 110592K, used 92599K [0x000000060e800000, 0x0000000800000000)
  region size 4096K, 15 young (61440K), 1 survivors (4096K)
 Metaspace       used 26117K, committed 26496K, reserved 1114112K
  class space    used 3118K, committed 3264K, reserved 1048576K
}
Event: 59.277 GC heap after
{Heap after GC invocations=20 (full 0):
 garbage-first heap   total reserved 8151040K, committed 110592K, used 39919K [0x000000060e800000, 0x0000000800000000)
  region size 4096K, 1 young (4096K), 1 survivors (4096K)
 Metaspace       used 26117K, committed 26496K, reserved 1114112K
  class space    used 3118K, committed 3264K, reserved 1048576K
}
Event: 62.726 GC heap before
{Heap before GC invocations=20 (full 0):
 garbage-first heap   total reserved 8151040K, committed 110592K, used 89071K [0x000000060e800000, 0x0000000800000000)
  region size 4096K, 14 young (57344K), 1 survivors (4096K)
 Metaspace       used 26135K, committed 26496K, reserved 1114112K
  class space    used 3118K, committed 3264K, reserved 1048576K
}
Event: 62.727 GC heap after
{Heap after GC invocations=21 (full 0):
 garbage-first heap   total reserved 8151040K, committed 110592K, used 39817K [0x000000060e800000, 0x0000000800000000)
  region size 4096K, 1 young (4096K), 1 survivors (4096K)
 Metaspace       used 26135K, committed 26496K, reserved 1114112K
  class space    used 3118K, committed 3264K, reserved 1048576K
}
Event: 66.006 GC heap before
{Heap before GC invocations=21 (full 0):
 garbage-first heap   total reserved 8151040K, committed 110592K, used 88969K [0x000000060e800000, 0x0000000800000000)
  region size 4096K, 14 young (57344K), 1 survivors (4096K)
 Metaspace       used 26153K, committed 26496K, reserved 1114112K
  class space    used 3121K, committed 3264K, reserved 1048576K
}
Event: 66.007 GC heap after
{Heap after GC invocations=22 (full 0):
 garbage-first heap   total reserved 8151040K, committed 110592K, used 39851K [0x000000060e800000, 0x0000000800000000)
  region size 4096K, 1 young (4096K), 1 survivors (4096K)
 Metaspace       used 26153K, committed 26496K, reserved 1114112K
  class space    used 3121K, committed 3264K, reserved 1048576K
}
Event: 68.644 GC heap before
{Heap before GC invocations=22 (full 0):
 garbage-first heap   total reserved 8151040K, committed 110592K, used 89003K [0x000000060e800000, 0x0000000800000000)
  region size 4096K, 14 young (57344K), 1 survivors (4096K)
 Metaspace       used 26163K, committed 26496K, reserved 1114112K
  class space    used 3121K, committed 3264K, reserved 1048576K
}
Event: 68.644 GC heap after
{Heap after GC invocations=23 (full 0):
 garbage-first heap   total reserved 8151040K, committed 110592K, used 39849K [0x000000060e800000, 0x0000000800000000)
  region size 4096K, 1 young (4096K), 1 survivors (4096K)
 Metaspace       used 26163K, committed 26496K, reserved 1114112K
  class space    used 3121K, committed 3264K, reserved 1048576K
}
Event: 78.506 GC heap before
{Heap before GC invocations=23 (full 0):
 garbage-first heap   total reserved 8151040K, committed 110592K, used 89001K [0x000000060e800000, 0x0000000800000000)
  region size 4096K, 14 young (57344K), 1 survivors (4096K)
 Metaspace       used 26289K, committed 26624K, reserved 1114112K
  class space    used 3122K, committed 3264K, reserved 1048576K
}
Event: 78.507 GC heap after
{Heap after GC invocations=24 (full 0):
 garbage-first heap   total reserved 8151040K, committed 110592K, used 39985K [0x000000060e800000, 0x0000000800000000)
  region size 4096K, 1 young (4096K), 1 survivors (4096K)
 Metaspace       used 26289K, committed 26624K, reserved 1114112K
  class space    used 3122K, committed 3264K, reserved 1048576K
}

Dll operation events (20 events):
Event: 0.344 Loaded shared library C:\Users\lukas\.openjfx\cache\24.0.1+4\amd64\api-ms-win-crt-private-l1-1-0.dll
Event: 0.347 Loaded shared library C:\Users\lukas\.openjfx\cache\24.0.1+4\amd64\api-ms-win-crt-process-l1-1-0.dll
Event: 0.352 Loaded shared library C:\Users\lukas\.openjfx\cache\24.0.1+4\amd64\api-ms-win-crt-runtime-l1-1-0.dll
Event: 0.356 Loaded shared library C:\Users\lukas\.openjfx\cache\24.0.1+4\amd64\api-ms-win-crt-stdio-l1-1-0.dll
Event: 0.361 Loaded shared library C:\Users\lukas\.openjfx\cache\24.0.1+4\amd64\api-ms-win-crt-string-l1-1-0.dll
Event: 0.365 Loaded shared library C:\Users\lukas\.openjfx\cache\24.0.1+4\amd64\api-ms-win-crt-time-l1-1-0.dll
Event: 0.368 Loaded shared library C:\Users\lukas\.openjfx\cache\24.0.1+4\amd64\api-ms-win-crt-utility-l1-1-0.dll
Event: 0.378 Loaded shared library C:\Users\lukas\.openjfx\cache\24.0.1+4\amd64\ucrtbase.dll
Event: 0.381 Loaded shared library C:\Users\lukas\.openjfx\cache\24.0.1+4\amd64\vcruntime140.dll
Event: 0.385 Loaded shared library C:\Users\lukas\.openjfx\cache\24.0.1+4\amd64\vcruntime140_1.dll
Event: 0.391 Loaded shared library C:\Users\lukas\.openjfx\cache\24.0.1+4\amd64\msvcp140.dll
Event: 0.393 Loaded shared library C:\Users\lukas\.openjfx\cache\24.0.1+4\amd64\msvcp140_1.dll
Event: 0.398 Loaded shared library C:\Users\lukas\.openjfx\cache\24.0.1+4\amd64\msvcp140_2.dll
Event: 0.417 Loaded shared library C:\Users\lukas\.openjfx\cache\24.0.1+4\amd64\prism_d3d.dll
Event: 0.461 Loaded shared library C:\Users\lukas\.openjfx\cache\24.0.1+4\amd64\glass.dll
Event: 0.810 Loaded shared library C:\Users\lukas\.openjfx\cache\24.0.1+4\amd64\javafx_font.dll
Event: 5.757 Loaded shared library C:\Users\lukas\.openjfx\cache\24.0.1+4\amd64\glib-lite.dll
Event: 5.767 Loaded shared library C:\Users\lukas\.openjfx\cache\24.0.1+4\amd64\gstreamer-lite.dll
Event: 5.775 Loaded shared library C:\Users\lukas\.openjfx\cache\24.0.1+4\amd64\jfxmedia.dll
Event: 82.010 Loaded shared library C:\Users\lukas\AppData\Local\Temp\idea_libasyncProfiler_dll_temp_folder4\libasyncProfiler.dll

Deoptimization events (20 events):
Event: 82.086 Thread 0x00000297e2923480 Uncommon trap: trap_request=0xffffffde fr.pc=0x00000297d1099090 relative=0x0000000000000070
Event: 82.086 Thread 0x00000297e2923480 Uncommon trap: reason=class_check action=maybe_recompile pc=0x00000297d1099090 method=jdk.jfr.FlightRecorderPermission$InternalAccess.getType(Ljava/lang/Object;)Ljdk/jfr/internal/Type; @ 18 c2
Event: 82.086 Thread 0x00000297e2923480 DEOPT PACKING pc=0x00000297d1099090 sp=0x000000ba878fe760
Event: 82.086 Thread 0x00000297e2923480 DEOPT UNPACKING pc=0x00000297d0723282 sp=0x000000ba878fe6f8 mode 2
Event: 82.086 Thread 0x00000297e2923480 Uncommon trap: trap_request=0xffffffde fr.pc=0x00000297d1099090 relative=0x0000000000000070
Event: 82.086 Thread 0x00000297e2923480 Uncommon trap: reason=class_check action=maybe_recompile pc=0x00000297d1099090 method=jdk.jfr.FlightRecorderPermission$InternalAccess.getType(Ljava/lang/Object;)Ljdk/jfr/internal/Type; @ 18 c2
Event: 82.086 Thread 0x00000297e2923480 DEOPT PACKING pc=0x00000297d1099090 sp=0x000000ba878fe760
Event: 82.086 Thread 0x00000297e2923480 DEOPT UNPACKING pc=0x00000297d0723282 sp=0x000000ba878fe6f8 mode 2
Event: 82.086 Thread 0x00000297e2923480 Uncommon trap: trap_request=0xffffffde fr.pc=0x00000297d1099090 relative=0x0000000000000070
Event: 82.087 Thread 0x00000297e2923480 Uncommon trap: reason=class_check action=maybe_recompile pc=0x00000297d1099090 method=jdk.jfr.FlightRecorderPermission$InternalAccess.getType(Ljava/lang/Object;)Ljdk/jfr/internal/Type; @ 18 c2
Event: 82.087 Thread 0x00000297e2923480 DEOPT PACKING pc=0x00000297d1099090 sp=0x000000ba878fe760
Event: 82.087 Thread 0x00000297e2923480 DEOPT UNPACKING pc=0x00000297d0723282 sp=0x000000ba878fe6f8 mode 2
Event: 82.087 Thread 0x00000297e2923480 Uncommon trap: trap_request=0xffffffde fr.pc=0x00000297d1099090 relative=0x0000000000000070
Event: 82.087 Thread 0x00000297e2923480 Uncommon trap: reason=class_check action=maybe_recompile pc=0x00000297d1099090 method=jdk.jfr.FlightRecorderPermission$InternalAccess.getType(Ljava/lang/Object;)Ljdk/jfr/internal/Type; @ 18 c2
Event: 82.087 Thread 0x00000297e2923480 DEOPT PACKING pc=0x00000297d1099090 sp=0x000000ba878fe760
Event: 82.087 Thread 0x00000297e2923480 DEOPT UNPACKING pc=0x00000297d0723282 sp=0x000000ba878fe6f8 mode 2
Event: 82.110 Thread 0x00000297e2923480 Uncommon trap: trap_request=0xffffff4d fr.pc=0x00000297d1016848 relative=0x00000000000006e8
Event: 82.110 Thread 0x00000297e2923480 Uncommon trap: reason=unstable_if action=reinterpret pc=0x00000297d1016848 method=java.util.Arrays.sort([Ljava/lang/Object;IILjava/util/Comparator;)V @ 1 c2
Event: 82.110 Thread 0x00000297e2923480 DEOPT PACKING pc=0x00000297d1016848 sp=0x000000ba878feb50
Event: 82.110 Thread 0x00000297e2923480 DEOPT UNPACKING pc=0x00000297d0723282 sp=0x000000ba878fea38 mode 2

Classes loaded (20 events):
Event: 82.110 Loading class jdk/jfr/internal/MetadataWriter
Event: 82.111 Loading class jdk/jfr/internal/MetadataWriter done
Event: 82.111 Loading class jdk/jfr/internal/MetadataDescriptor$Element
Event: 82.111 Loading class jdk/jfr/internal/MetadataDescriptor$Element done
Event: 82.111 Loading class jdk/jfr/internal/MetadataDescriptor$Attribute
Event: 82.111 Loading class jdk/jfr/internal/MetadataDescriptor$Attribute done
Event: 82.114 Loading class jdk/jfr/internal/consumer/StringParser$Encoding
Event: 82.115 Loading class jdk/jfr/internal/consumer/StringParser$Encoding done
Event: 82.119 Loading class jdk/jfr/internal/consumer/RepositoryFiles
Event: 82.119 Loading class jdk/jfr/internal/consumer/RepositoryFiles done
Event: 82.121 Loading class jdk/jfr/internal/SettingsManager$InternalSetting
Event: 82.121 Loading class jdk/jfr/internal/SettingsManager$InternalSetting done
Event: 82.121 Loading class jdk/jfr/internal/util/Rate
Event: 82.121 Loading class jdk/jfr/internal/util/Rate done
Event: 82.122 Loading class jdk/jfr/internal/util/TimespanUnit
Event: 82.122 Loading class jdk/jfr/internal/util/TimespanUnit done
Event: 82.122 Loading class jdk/jfr/internal/util/ValueParser
Event: 82.122 Loading class jdk/jfr/internal/util/ValueParser done
Event: 82.122 Loading class jdk/jfr/internal/periodic/PeriodicType
Event: 82.123 Loading class jdk/jfr/internal/periodic/PeriodicType done

Classes unloaded (0 events):
No events

Classes redefined (0 events):
No events

Internal exceptions (20 events):
Event: 5.779 Thread 0x000002982be4a3f0 Implicit null exception at 0x00000297d0dc6710 to 0x00000297d0dc6cc8
Event: 5.793 Thread 0x000002982be4a3f0 Exception <a 'java/lang/NoSuchMethodError'{0x00000006107a1f08}: 'java.lang.Object java.lang.invoke.DirectMethodHandle$Holder.newInvokeSpecial(java.lang.Object, java.lang.Object, double)'> (0x00000006107a1f08) 
thrown [s\open\src\hotspot\share\interpreter\linkResolver.cpp, line 805]
Event: 8.206 Thread 0x000002982be4a3f0 Exception <a 'sun/nio/fs/WindowsException'{0x0000000627f81000}> (0x0000000627f81000) 
thrown [s\open\src\hotspot\share\prims\jni.cpp, line 518]
Event: 8.207 Thread 0x000002982be4a3f0 Exception <a 'sun/nio/fs/WindowsException'{0x0000000627f82438}> (0x0000000627f82438) 
thrown [s\open\src\hotspot\share\prims\jni.cpp, line 518]
Event: 8.207 Thread 0x000002982be4a3f0 Exception <a 'sun/nio/fs/WindowsException'{0x0000000627f83888}> (0x0000000627f83888) 
thrown [s\open\src\hotspot\share\prims\jni.cpp, line 518]
Event: 8.239 Thread 0x000002982be48e00 Implicit null exception at 0x00000297d0efaa80 to 0x00000297d0efab98
Event: 24.264 Thread 0x000002982be48e00 Implicit null exception at 0x00000297d0f01fa4 to 0x00000297d0f02620
Event: 32.032 Thread 0x000002982be4a3f0 Exception <a 'sun/nio/fs/WindowsException'{0x0000000613206488}> (0x0000000613206488) 
thrown [s\open\src\hotspot\share\prims\jni.cpp, line 518]
Event: 32.037 Thread 0x000002982be4a3f0 Exception <a 'java/lang/ClassNotFoundException'{0x000000061321d6c0}: com/sun/org/apache/xml/internal/serializer/spi/XMLEntitiesProvider> (0x000000061321d6c0) 
thrown [s\open\src\hotspot\share\classfile\systemDictionary.cpp, line 327]
Event: 32.042 Thread 0x000002982be4a3f0 Exception <a 'sun/nio/fs/WindowsException'{0x000000061324d198}> (0x000000061324d198) 
thrown [s\open\src\hotspot\share\prims\jni.cpp, line 518]
Event: 32.092 Thread 0x000002982be48e00 Implicit null exception at 0x00000297d0ef52d3 to 0x00000297d0ef5354
Event: 72.777 Thread 0x000002982be4a3f0 Exception <a 'java/io/FileNotFoundException'{0x00000006127debf8}> (0x00000006127debf8) 
thrown [s\open\src\hotspot\share\prims\jni.cpp, line 518]
Event: 82.039 Thread 0x00000297e2923480 Exception <a 'sun/nio/fs/WindowsException'{0x00000007ffe877b8}> (0x00000007ffe877b8) 
thrown [s\open\src\hotspot\share\prims\jni.cpp, line 518]
Event: 82.041 Thread 0x00000297e2923480 Exception <a 'java/lang/NoSuchMethodError'{0x00000007ffe8cc58}: 'java.lang.Object java.lang.invoke.DirectMethodHandle$Holder.invokeStatic(java.lang.Object, int, java.lang.Object)'> (0x00000007ffe8cc58) 
thrown [s\open\src\hotspot\share\interpreter\linkResolver.cpp, line 805]
Event: 82.064 Thread 0x00000297e2923480 Exception <a 'java/lang/NoSuchMethodError'{0x000000062d8b09a0}: 'int java.lang.invoke.DirectMethodHandle$Holder.invokeStatic(java.lang.Object, java.lang.Object, java.lang.Object, java.lang.Object)'> (0x000000062d8b09a0) 
thrown [s\open\src\hotspot\share\interpreter\linkResolver.cpp, line 805]
Event: 82.101 Thread 0x00000297e2923480 Exception <a 'java/lang/NoSuchMethodError'{0x00000006284bbc50}: 'void java.lang.invoke.Invokers$Holder.invokeExact_MT(java.lang.Object, int, java.lang.Object)'> (0x00000006284bbc50) 
thrown [s\open\src\hotspot\share\interpreter\linkResolver.cpp, line 805]
Event: 82.102 Thread 0x00000297e2923480 Exception <a 'java/lang/NoSuchMethodError'{0x00000006284d5c58}: 'void java.lang.invoke.DirectMethodHandle$Holder.invokeStatic(java.lang.Object, java.lang.Object, int)'> (0x00000006284d5c58) 
thrown [s\open\src\hotspot\share\interpreter\linkResolver.cpp, line 805]
Event: 82.105 Thread 0x00000297e2923480 Exception <a 'sun/nio/fs/WindowsException'{0x0000000628510850}> (0x0000000628510850) 
thrown [s\open\src\hotspot\share\prims\jni.cpp, line 518]
Event: 82.106 Thread 0x00000297e2923480 Exception <a 'sun/nio/fs/WindowsException'{0x000000062851d5b8}> (0x000000062851d5b8) 
thrown [s\open\src\hotspot\share\prims\jni.cpp, line 518]
Event: 82.109 Thread 0x00000297e2923480 Exception <a 'sun/nio/fs/WindowsException'{0x000000062852f1e0}> (0x000000062852f1e0) 
thrown [s\open\src\hotspot\share\prims\jni.cpp, line 518]

VM Operations (20 events):
Event: 55.923 Executing VM operation: G1CollectForAllocation (G1 Evacuation Pause)
Event: 55.924 Executing VM operation: G1CollectForAllocation (G1 Evacuation Pause) done
Event: 59.276 Executing VM operation: G1CollectForAllocation (G1 Evacuation Pause)
Event: 59.277 Executing VM operation: G1CollectForAllocation (G1 Evacuation Pause) done
Event: 60.088 Executing VM operation: HandshakeAllThreads (HandshakeForDeflation)
Event: 60.088 Executing VM operation: HandshakeAllThreads (HandshakeForDeflation) done
Event: 60.088 Executing VM operation: RendezvousGCThreads
Event: 60.088 Executing VM operation: RendezvousGCThreads done
Event: 62.726 Executing VM operation: G1CollectForAllocation (G1 Evacuation Pause)
Event: 62.727 Executing VM operation: G1CollectForAllocation (G1 Evacuation Pause) done
Event: 66.006 Executing VM operation: G1CollectForAllocation (G1 Evacuation Pause)
Event: 66.007 Executing VM operation: G1CollectForAllocation (G1 Evacuation Pause) done
Event: 68.644 Executing VM operation: G1CollectForAllocation (G1 Evacuation Pause)
Event: 68.644 Executing VM operation: G1CollectForAllocation (G1 Evacuation Pause) done
Event: 78.506 Executing VM operation: G1CollectForAllocation (G1 Evacuation Pause)
Event: 78.507 Executing VM operation: G1CollectForAllocation (G1 Evacuation Pause) done
Event: 82.103 Executing VM operation: HandshakeAllThreads (Deoptimize)
Event: 82.104 Executing VM operation: HandshakeAllThreads (Deoptimize) done
Event: 82.119 Executing VM operation: JFRSafepointClear
Event: 82.119 Executing VM operation: JFRSafepointClear done

Memory protections (0 events):
No events

Nmethod flushes (0 events):
No events

Events (20 events):
Event: 68.604 Thread 0x000002983d1294a0 Thread added: 0x000002983d1294a0
Event: 68.604 Thread 0x000002983d1294a0 Thread exited: 0x000002983d1294a0
Event: 68.604 Thread 0x000002983d12b930 Thread added: 0x000002983d12b930
Event: 68.604 Thread 0x000002983d12b930 Thread exited: 0x000002983d12b930
Event: 68.604 Thread 0x000002983d1294a0 Thread added: 0x000002983d1294a0
Event: 68.604 Thread 0x000002983d1294a0 Thread exited: 0x000002983d1294a0
Event: 68.644 Thread 0x000002983ddaa510 Thread added: 0x000002983ddaa510
Event: 68.644 Thread 0x000002983ddaa510 Thread exited: 0x000002983ddaa510
Event: 69.307 Thread 0x000002982b9af190 Thread added: 0x000002982b9af190
Event: 69.307 Thread 0x000002982b9af190 Thread exited: 0x000002982b9af190
Event: 72.777 Thread 0x00000297e2944f50 Thread added: 0x000002982be40f30
Event: 72.787 Thread 0x00000297e2944f50 Thread added: 0x00000297e5af7f00
Event: 73.017 Thread 0x00000297e5af7f00 Thread exited: 0x00000297e5af7f00
Event: 79.886 Thread 0x000002982be40f30 Thread exited: 0x000002982be40f30
Event: 82.031 Thread 0x00000297e2944f50 Thread added: 0x00000297e5af6fe0
Event: 82.046 Thread 0x00000297e2923480 Thread added: 0x000002983dda93a0
Event: 82.062 Thread 0x00000297e2944f50 Thread added: 0x00000297e5af7770
Event: 82.062 Thread 0x00000297e2944f50 Thread added: 0x00000297e5af4a10
Event: 82.068 Thread 0x00000297e5af4a10 Thread added: 0x00000297e5af60c0
Event: 82.102 Thread 0x00000297e2923480 Thread added: 0x000002982b396270


Dynamic libraries:
0x00007ff7e4aa0000 - 0x00007ff7e4ab0000 	C:\Program Files\Java\jdk-24\bin\java.exe
0x00007ffbce800000 - 0x00007ffbcea68000 	C:\WINDOWS\SYSTEM32\ntdll.dll
0x00007ffbcd730000 - 0x00007ffbcd7f9000 	C:\WINDOWS\System32\KERNEL32.DLL
0x00007ffbcc1b0000 - 0x00007ffbcc59d000 	C:\WINDOWS\System32\KERNELBASE.dll
0x00007ffbcb950000 - 0x00007ffbcba9b000 	C:\WINDOWS\System32\ucrtbase.dll
0x00007ffbbca10000 - 0x00007ffbbca2b000 	C:\Program Files\Java\jdk-24\bin\VCRUNTIME140.dll
0x00007ffbb9730000 - 0x00007ffbb9746000 	C:\Program Files\Java\jdk-24\bin\jli.dll
0x00007ffbccfa0000 - 0x00007ffbcd16c000 	C:\WINDOWS\System32\USER32.dll
0x00007ffbcbcc0000 - 0x00007ffbcbce7000 	C:\WINDOWS\System32\win32u.dll
0x00007ffbb7140000 - 0x00007ffbb73da000 	C:\WINDOWS\WinSxS\amd64_microsoft.windows.common-controls_6595b64144ccf1df_6.0.26100.4484_none_3e0e6d4ce32ef3b3\COMCTL32.dll
0x00007ffbce5d0000 - 0x00007ffbce5fb000 	C:\WINDOWS\System32\GDI32.dll
0x00007ffbcddd0000 - 0x00007ffbcde79000 	C:\WINDOWS\System32\msvcrt.dll
0x00007ffbcc070000 - 0x00007ffbcc1a7000 	C:\WINDOWS\System32\gdi32full.dll
0x00007ffbcbf00000 - 0x00007ffbcbfa3000 	C:\WINDOWS\System32\msvcp_win.dll
0x00007ffbcd180000 - 0x00007ffbcd1af000 	C:\WINDOWS\System32\IMM32.DLL
0x00007ffbbcff0000 - 0x00007ffbbcffc000 	C:\Program Files\Java\jdk-24\bin\vcruntime140_1.dll
0x00007ffb8d630000 - 0x00007ffb8d6be000 	C:\Program Files\Java\jdk-24\bin\msvcp140.dll
0x00007ffac4bf0000 - 0x00007ffac5992000 	C:\Program Files\Java\jdk-24\bin\server\jvm.dll
0x00007ffbcc7b0000 - 0x00007ffbcc864000 	C:\WINDOWS\System32\ADVAPI32.dll
0x00007ffbcdd20000 - 0x00007ffbcddc6000 	C:\WINDOWS\System32\sechost.dll
0x00007ffbcc870000 - 0x00007ffbcc988000 	C:\WINDOWS\System32\RPCRT4.dll
0x00007ffbcc730000 - 0x00007ffbcc7a4000 	C:\WINDOWS\System32\WS2_32.dll
0x00007ffbcb7a0000 - 0x00007ffbcb7fe000 	C:\WINDOWS\SYSTEM32\POWRPROF.dll
0x00007ffbc4010000 - 0x00007ffbc401b000 	C:\WINDOWS\SYSTEM32\VERSION.dll
0x00007ffbc0110000 - 0x00007ffbc0145000 	C:\WINDOWS\SYSTEM32\WINMM.dll
0x00007ffbcb780000 - 0x00007ffbcb794000 	C:\WINDOWS\SYSTEM32\UMPDC.dll
0x00007ffbca6b0000 - 0x00007ffbca6cb000 	C:\WINDOWS\SYSTEM32\kernel.appcore.dll
0x00007ffbbcfd0000 - 0x00007ffbbcfda000 	C:\Program Files\Java\jdk-24\bin\jimage.dll
0x00007ffbbf390000 - 0x00007ffbbf5d1000 	C:\WINDOWS\SYSTEM32\DBGHELP.DLL
0x00007ffbcd1c0000 - 0x00007ffbcd546000 	C:\WINDOWS\System32\combase.dll
0x00007ffbccd50000 - 0x00007ffbcce30000 	C:\WINDOWS\System32\OLEAUT32.dll
0x00007ffbaee50000 - 0x00007ffbaee93000 	C:\WINDOWS\SYSTEM32\dbgcore.DLL
0x00007ffbcbc20000 - 0x00007ffbcbcb9000 	C:\WINDOWS\System32\bcryptPrimitives.dll
0x00007ffba7e50000 - 0x00007ffba7e5f000 	C:\Program Files\Java\jdk-24\bin\instrument.dll
0x00007ffba8830000 - 0x00007ffba884e000 	C:\Program Files\Java\jdk-24\bin\java.dll
0x00007ffbcc990000 - 0x00007ffbccb2e000 	C:\WINDOWS\System32\ole32.dll
0x00007ffbcde80000 - 0x00007ffbce5ca000 	C:\WINDOWS\System32\SHELL32.dll
0x00007ffbcbaa0000 - 0x00007ffbcbc14000 	C:\WINDOWS\System32\wintypes.dll
0x00007ffbc9570000 - 0x00007ffbc9dcb000 	C:\WINDOWS\SYSTEM32\windows.storage.dll
0x00007ffbccc40000 - 0x00007ffbccd35000 	C:\WINDOWS\System32\SHCORE.dll
0x00007ffbce750000 - 0x00007ffbce7ba000 	C:\WINDOWS\System32\shlwapi.dll
0x00007ffbcb860000 - 0x00007ffbcb88f000 	C:\WINDOWS\SYSTEM32\profapi.dll
0x00007ffb812b0000 - 0x00007ffb81387000 	C:\Program Files\Java\jdk-24\bin\jsvml.dll
0x00007ffbaa0b0000 - 0x00007ffbaa0c0000 	C:\Program Files\Java\jdk-24\bin\net.dll
0x00007ffbcac20000 - 0x00007ffbcac8a000 	C:\WINDOWS\system32\mswsock.dll
0x00007ffba7e60000 - 0x00007ffba7e76000 	C:\Program Files\Java\jdk-24\bin\nio.dll
0x00007ffba3b40000 - 0x00007ffba3b57000 	C:\Program Files\Java\jdk-24\bin\zip.dll
0x00000297be950000 - 0x00000297be954000 	C:\Users\lukas\.openjfx\cache\24.0.1+4\amd64\api-ms-win-core-console-l1-1-0.dll
0x00000297be960000 - 0x00000297be964000 	C:\Users\lukas\.openjfx\cache\24.0.1+4\amd64\api-ms-win-core-console-l1-2-0.dll
0x00000297be970000 - 0x00000297be974000 	C:\Users\lukas\.openjfx\cache\24.0.1+4\amd64\api-ms-win-core-datetime-l1-1-0.dll
0x00007ffbca150000 - 0x00007ffbca276000 	C:\WINDOWS\SYSTEM32\DNSAPI.dll
0x00007ffbca0c0000 - 0x00007ffbca0f3000 	C:\WINDOWS\SYSTEM32\IPHLPAPI.DLL
0x00007ffbcd170000 - 0x00007ffbcd17a000 	C:\WINDOWS\System32\NSI.dll
0x00000297be980000 - 0x00000297be984000 	C:\Users\lukas\.openjfx\cache\24.0.1+4\amd64\api-ms-win-core-debug-l1-1-0.dll
0x00007ffbc3f80000 - 0x00007ffbc3f8b000 	C:\Windows\System32\rasadhlp.dll
0x00007ffbc0080000 - 0x00007ffbc0106000 	C:\WINDOWS\System32\fwpuclnt.dll
0x00000297be990000 - 0x00000297be994000 	C:\Users\lukas\.openjfx\cache\24.0.1+4\amd64\api-ms-win-core-errorhandling-l1-1-0.dll
0x00007ffba3b20000 - 0x00007ffba3b2a000 	C:\Program Files\Java\jdk-24\bin\management.dll
0x00000297be9a0000 - 0x00000297be9a5000 	C:\Users\lukas\.openjfx\cache\24.0.1+4\amd64\api-ms-win-core-file-l1-1-0.dll
0x00000297be9b0000 - 0x00000297be9b4000 	C:\Users\lukas\.openjfx\cache\24.0.1+4\amd64\api-ms-win-core-file-l1-2-0.dll
0x00007ffba3060000 - 0x00007ffba306b000 	C:\Program Files\Java\jdk-24\bin\management_ext.dll
0x00007ffbce600000 - 0x00007ffbce608000 	C:\WINDOWS\System32\PSAPI.DLL
0x00000297be9c0000 - 0x00000297be9c4000 	C:\Users\lukas\.openjfx\cache\24.0.1+4\amd64\api-ms-win-core-file-l2-1-0.dll
0x00000297be9d0000 - 0x00000297be9d4000 	C:\Users\lukas\.openjfx\cache\24.0.1+4\amd64\api-ms-win-core-handle-l1-1-0.dll
0x00000297c0890000 - 0x00000297c0894000 	C:\Users\lukas\.openjfx\cache\24.0.1+4\amd64\api-ms-win-core-heap-l1-1-0.dll
0x00000297c08a0000 - 0x00000297c08a4000 	C:\Users\lukas\.openjfx\cache\24.0.1+4\amd64\api-ms-win-core-interlocked-l1-1-0.dll
0x00000297c08b0000 - 0x00000297c08b4000 	C:\Users\lukas\.openjfx\cache\24.0.1+4\amd64\api-ms-win-core-libraryloader-l1-1-0.dll
0x00000297c08c0000 - 0x00000297c08c4000 	C:\Users\lukas\.openjfx\cache\24.0.1+4\amd64\api-ms-win-core-localization-l1-2-0.dll
0x00000297e5fc0000 - 0x00000297e5fc4000 	C:\Users\lukas\.openjfx\cache\24.0.1+4\amd64\api-ms-win-core-memory-l1-1-0.dll
0x00000297e5fd0000 - 0x00000297e5fd4000 	C:\Users\lukas\.openjfx\cache\24.0.1+4\amd64\api-ms-win-core-namedpipe-l1-1-0.dll
0x00000297e5fe0000 - 0x00000297e5fe4000 	C:\Users\lukas\.openjfx\cache\24.0.1+4\amd64\api-ms-win-core-processenvironment-l1-1-0.dll
0x00000297e5ff0000 - 0x00000297e5ff4000 	C:\Users\lukas\.openjfx\cache\24.0.1+4\amd64\api-ms-win-core-processthreads-l1-1-0.dll
0x000002982c7d0000 - 0x000002982c7d4000 	C:\Users\lukas\.openjfx\cache\24.0.1+4\amd64\api-ms-win-core-processthreads-l1-1-1.dll
0x000002982c7e0000 - 0x000002982c7e4000 	C:\Users\lukas\.openjfx\cache\24.0.1+4\amd64\api-ms-win-core-profile-l1-1-0.dll
0x000002982c7f0000 - 0x000002982c7f4000 	C:\Users\lukas\.openjfx\cache\24.0.1+4\amd64\api-ms-win-core-rtlsupport-l1-1-0.dll
0x000002982c800000 - 0x000002982c804000 	C:\Users\lukas\.openjfx\cache\24.0.1+4\amd64\api-ms-win-core-string-l1-1-0.dll
0x000002982c810000 - 0x000002982c814000 	C:\Users\lukas\.openjfx\cache\24.0.1+4\amd64\api-ms-win-core-synch-l1-1-0.dll
0x000002982c820000 - 0x000002982c824000 	C:\Users\lukas\.openjfx\cache\24.0.1+4\amd64\api-ms-win-core-synch-l1-2-0.dll
0x000002982c830000 - 0x000002982c834000 	C:\Users\lukas\.openjfx\cache\24.0.1+4\amd64\api-ms-win-core-sysinfo-l1-1-0.dll
0x000002982c840000 - 0x000002982c844000 	C:\Users\lukas\.openjfx\cache\24.0.1+4\amd64\api-ms-win-core-timezone-l1-1-0.dll
0x000002982c850000 - 0x000002982c854000 	C:\Users\lukas\.openjfx\cache\24.0.1+4\amd64\api-ms-win-core-util-l1-1-0.dll
0x000002982c860000 - 0x000002982c864000 	C:\Users\lukas\.openjfx\cache\24.0.1+4\amd64\api-ms-win-crt-conio-l1-1-0.dll
0x000002982c870000 - 0x000002982c875000 	C:\Users\lukas\.openjfx\cache\24.0.1+4\amd64\api-ms-win-crt-convert-l1-1-0.dll
0x000002982c880000 - 0x000002982c884000 	C:\Users\lukas\.openjfx\cache\24.0.1+4\amd64\api-ms-win-crt-environment-l1-1-0.dll
0x000002982c890000 - 0x000002982c894000 	C:\Users\lukas\.openjfx\cache\24.0.1+4\amd64\api-ms-win-crt-filesystem-l1-1-0.dll
0x000002982c8a0000 - 0x000002982c8a4000 	C:\Users\lukas\.openjfx\cache\24.0.1+4\amd64\api-ms-win-crt-heap-l1-1-0.dll
0x000002982c8b0000 - 0x000002982c8b4000 	C:\Users\lukas\.openjfx\cache\24.0.1+4\amd64\api-ms-win-crt-locale-l1-1-0.dll
0x000002982c8c0000 - 0x000002982c8c6000 	C:\Users\lukas\.openjfx\cache\24.0.1+4\amd64\api-ms-win-crt-math-l1-1-0.dll
0x000002982c8d0000 - 0x000002982c8d6000 	C:\Users\lukas\.openjfx\cache\24.0.1+4\amd64\api-ms-win-crt-multibyte-l1-1-0.dll
0x00007ffbcb000000 - 0x00007ffbcb01b000 	C:\WINDOWS\SYSTEM32\CRYPTSP.dll
0x000002982c8e0000 - 0x000002982c8f1000 	C:\Users\lukas\.openjfx\cache\24.0.1+4\amd64\api-ms-win-crt-private-l1-1-0.dll
0x00007ffbca610000 - 0x00007ffbca64b000 	C:\WINDOWS\system32\rsaenh.dll
0x00007ffbcacc0000 - 0x00007ffbcaceb000 	C:\WINDOWS\SYSTEM32\USERENV.dll
0x00007ffbcb830000 - 0x00007ffbcb856000 	C:\WINDOWS\SYSTEM32\bcrypt.dll
0x000002982c900000 - 0x000002982c904000 	C:\Users\lukas\.openjfx\cache\24.0.1+4\amd64\api-ms-win-crt-process-l1-1-0.dll
0x00007ffbcae60000 - 0x00007ffbcae6c000 	C:\WINDOWS\SYSTEM32\CRYPTBASE.dll
0x000002982c910000 - 0x000002982c915000 	C:\Users\lukas\.openjfx\cache\24.0.1+4\amd64\api-ms-win-crt-runtime-l1-1-0.dll
0x000002982c920000 - 0x000002982c925000 	C:\Users\lukas\.openjfx\cache\24.0.1+4\amd64\api-ms-win-crt-stdio-l1-1-0.dll
0x000002982c930000 - 0x000002982c935000 	C:\Users\lukas\.openjfx\cache\24.0.1+4\amd64\api-ms-win-crt-string-l1-1-0.dll
0x00007ffba5020000 - 0x00007ffba5038000 	C:\WINDOWS\system32\napinsp.dll
0x00007ffba55c0000 - 0x00007ffba55d2000 	C:\WINDOWS\System32\winrnr.dll
0x000002982c940000 - 0x000002982c944000 	C:\Users\lukas\.openjfx\cache\24.0.1+4\amd64\api-ms-win-crt-time-l1-1-0.dll
0x00007ffba55e0000 - 0x00007ffba5610000 	C:\WINDOWS\system32\nlansp_c.dll
0x00007ffbc45c0000 - 0x00007ffbc45e0000 	C:\WINDOWS\system32\wshbth.dll
0x000002982c950000 - 0x000002982c954000 	C:\Users\lukas\.openjfx\cache\24.0.1+4\amd64\api-ms-win-crt-utility-l1-1-0.dll
0x00007ffaf6a50000 - 0x00007ffaf6b61000 	C:\Users\lukas\.openjfx\cache\24.0.1+4\amd64\ucrtbase.dll
0x00007ffb8e650000 - 0x00007ffb8e66b000 	C:\Users\lukas\.openjfx\cache\24.0.1+4\amd64\vcruntime140.dll
0x00007ffb90c10000 - 0x00007ffb90c1c000 	C:\Users\lukas\.openjfx\cache\24.0.1+4\amd64\vcruntime140_1.dll
0x00007ffb8bf80000 - 0x00007ffb8c00e000 	C:\Users\lukas\.openjfx\cache\24.0.1+4\amd64\msvcp140.dll
0x00007ffb8fb00000 - 0x00007ffb8fb09000 	C:\Users\lukas\.openjfx\cache\24.0.1+4\amd64\msvcp140_1.dll
0x00007ffb8cb10000 - 0x00007ffb8cb51000 	C:\Users\lukas\.openjfx\cache\24.0.1+4\amd64\msvcp140_2.dll
0x00007ffbbd940000 - 0x00007ffbbd98e000 	C:\WINDOWS\SYSTEM32\pdh.dll
0x00007ffb8cd50000 - 0x00007ffb8cd80000 	C:\Users\lukas\.openjfx\cache\24.0.1+4\amd64\prism_d3d.dll
0x00007ffb754d0000 - 0x00007ffb7568a000 	C:\WINDOWS\system32\d3d9.dll
0x00007ffbc8ec0000 - 0x00007ffbc8ef6000 	C:\WINDOWS\SYSTEM32\dwmapi.dll
0x00007ffbc8c80000 - 0x00007ffbc8ccd000 	C:\WINDOWS\SYSTEM32\dxcore.dll
0x00007ffbc8b10000 - 0x00007ffbc8bbf000 	C:\WINDOWS\system32\uxtheme.dll
0x00007ffb356e0000 - 0x00007ffb35700000 	C:\WINDOWS\System32\DriverStore\FileRepository\u0416003.inf_amd64_706cc64a85ddf686\B415817\atidx9loader64.dll
0x00007ffb593f0000 - 0x00007ffb5bb0b000 	C:\WINDOWS\System32\DriverStore\FileRepository\u0416003.inf_amd64_706cc64a85ddf686\B415817\AMDXN64.DLL
0x00007ffbcd890000 - 0x00007ffbcdd16000 	C:\WINDOWS\System32\SETUPAPI.dll
0x00007ffbc8d60000 - 0x00007ffbc8e98000 	C:\WINDOWS\SYSTEM32\dxgi.dll
0x00007ffbc8cf0000 - 0x00007ffbc8d54000 	C:\WINDOWS\SYSTEM32\directxdatabasehelper.dll
0x00007ffbcb4c0000 - 0x00007ffbcb517000 	C:\WINDOWS\SYSTEM32\cfgmgr32.dll
0x00007ffbbedb0000 - 0x00007ffbbedec000 	C:\WINDOWS\System32\DriverStore\FileRepository\u0416003.inf_amd64_706cc64a85ddf686\B415817\amdihk64.dll
0x00007ffb35810000 - 0x00007ffb35858000 	C:\Users\lukas\.openjfx\cache\24.0.1+4\amd64\glass.dll
0x00007ffbccb40000 - 0x00007ffbccc38000 	C:\WINDOWS\System32\COMDLG32.dll
0x00007ffbccef0000 - 0x00007ffbccf98000 	C:\WINDOWS\System32\clbcatq.dll
0x00007ffbba580000 - 0x00007ffbba6d9000 	C:\Windows\System32\Windows.UI.dll

JVMTI agents:
C:\Program Files\JetBrains\IntelliJ IDEA 2025.1\lib\idea_rt.jar path:C:\Program Files\Java\jdk-24\bin\instrument.dll, loaded, initialized, instrumentlib options:62637

dbghelp: loaded successfully - version: 4.0.5 - missing functions: none
symbol engine: initialized successfully - sym options: 0x614 - pdb path: .;C:\Program Files\Java\jdk-24\bin;C:\WINDOWS\SYSTEM32;C:\WINDOWS\WinSxS\amd64_microsoft.windows.common-controls_6595b64144ccf1df_6.0.26100.4484_none_3e0e6d4ce32ef3b3;C:\Program Files\Java\jdk-24\bin\server;C:\Users\lukas\.openjfx\cache\24.0.1+4\amd64;C:\WINDOWS\System32\DriverStore\FileRepository\u0416003.inf_amd64_706cc64a85ddf686\B415817;C:\Program Files\Common Files\Microsoft Shared\Ink;C:\Users\lukas\AppData\Local\Temp\idea_libasyncProfiler_dll_temp_folder4

VM Arguments:
jvm_args: -javaagent:C:\Program Files\JetBrains\IntelliJ IDEA 2025.1\lib\idea_rt.jar=62637 -Dfile.encoding=UTF-8 -Dsun.stdout.encoding=UTF-8 -Dsun.stderr.encoding=UTF-8 --module-path=C:\Users\lukas\.m2\repository\eu\hansolo\toolbox\21.0.5\toolbox-21.0.5.jar;C:\Users\lukas\.m2\repository\org\kordamp\bootstrapfx\bootstrapfx-core\0.4.0\bootstrapfx-core-0.4.0.jar;C:\Users\lukas\.m2\repository\org\controlsfx\controlsfx\11.2.1\controlsfx-11.2.1.jar;C:\Users\lukas\.m2\repository\com\gluonhq\attach\util\4.0.17\util-4.0.17.jar;C:\Users\lukas\.m2\repository\com\fasterxml\jackson\core\jackson-annotations\2.14.2\jackson-annotations-2.14.2.jar;C:\Users\lukas\.m2\repository\org\openjfx\javafx-fxml\17.0.6\javafx-fxml-17.0.6-win.jar;C:\Users\lukas\.m2\repository\io\github\mkpaz\atlantafx-base\2.0.1\atlantafx-base-2.0.1.jar;C:\Users\lukas\.m2\repository\net\synedra\validatorfx\0.5.0\validatorfx-0.5.0.jar;C:\Users\lukas\.m2\repository\com\gluonhq\attach\lifecycle\4.0.17\lifecycle-4.0.17.jar;C:\Users\lukas\.m2\repository\org\jetbrains\annotations\13.0\annotations-13.0.jar;C:\Users\lukas\.m2\repository\com\fasterxml\jackson\core\jackson-databind\2.14.2\jackson-databind-2.14.2.jar;C:\Users\lukas\.m2\repository\com\github\almasb\fxgl-io\17.3\fxgl-io-17.3.jar;C:\Users\lukas\.m2\repository\com\gluonhq\attach\audio\4.0.17\audio-4.0.17.jar;C:\Users\lukas\.m2\repository\org\jetbrains\kotlin\kotlin-stdlib\1.8.10\kotlin-stdlib-1.8.10.jar;C:\Users\lukas\.m2\repository\org\openjfx\javafx-swing\17.0.6\javafx-swing-17.0.6-win.jar;C:\Users\lukas\.m2\repository\org\openjfx\javafx-graphics\24.0.1\javafx-graphics-24.0.1-win.jar;C:\Users\lukas\.m2\repository\eu\hansolo\fx\heatmap\21.0.3\heatmap-21.0.3.jar;C:\Users\lukas\.m2\repository\org\kordamp\ikonli\ikonli-javafx\12.3.1\ikonli-javafx-12.3.1.jar;C:\Users\lukas\.m2\repository\com\github\almasb\fxgl-scene\17.3\fxgl-scene-17.3.jar;C:\Users\lukas\.m2\repository\com\fasterxml\jackson\core\jackson-core\2.14.2\jackson-core-2.14.2.jar;C:\Users\lukas\.m2\repository\eu\hansolo\tilesfx\21.0.3\tilesfx-21.0.3.jar;C:\Users\lukas\.m2\repository\com\github\almasb\fxgl-core\17.3\fxgl-core-17.3.jar;C:\Users\lukas\.m2\repository\org\-Djdk.module.main=com.cosmic.snakegamecraft 
java_command: com.cosmic.snakegamecraft/com.cosmic.snakegamecraft.Main
java_class_path (initial): C:\Users\lukas\.m2\repository\org\openjfx\javafx-controls\24.0.1\javafx-controls-24.0.1.jar;C:\Users\lukas\.m2\repository\org\openjfx\javafx-graphics\24.0.1\javafx-graphics-24.0.1.jar;C:\Users\lukas\.m2\repository\org\openjfx\javafx-base\24.0.1\javafx-base-24.0.1.jar;C:\Users\lukas\.m2\repository\org\openjfx\javafx-fxml\17.0.6\javafx-fxml-17.0.6.jar;C:\Users\lukas\.m2\repository\org\openjfx\javafx-web\17.0.6\javafx-web-17.0.6.jar;C:\Users\lukas\.m2\repository\org\openjfx\javafx-swing\17.0.6\javafx-swing-17.0.6.jar;C:\Users\lukas\.m2\repository\org\openjfx\javafx-media\17.0.6\javafx-media-17.0.6.jar;C:\Users\lukas\.m2\repository\org\jetbrains\kotlin\kotlin-stdlib-common\1.8.10\kotlin-stdlib-common-1.8.10.jar
Launcher Type: SUN_STANDARD

[Global flags]
     intx CICompilerCount                          = 12                                        {product} {ergonomic}
     uint ConcGCThreads                            = 3                                         {product} {ergonomic}
     bool FlightRecorder                           = true                                      {product} {management}
     uint G1ConcRefinementThreads                  = 13                                        {product} {ergonomic}
   size_t G1HeapRegionSize                         = 4194304                                   {product} {ergonomic}
   size_t InitialHeapSize                          = 524288000                                 {product} {ergonomic}
   size_t MarkStackSize                            = 4194304                                   {product} {ergonomic}
   size_t MarkStackSizeMax                         = 536870912                                 {product} {ergonomic}
   size_t MaxHeapSize                              = 8346664960                                {product} {ergonomic}
   size_t MaxNewSize                               = 5007998976                                {product} {ergonomic}
   size_t MinHeapDeltaBytes                        = 4194304                                   {product} {ergonomic}
   size_t MinHeapSize                              = 8388608                                   {product} {ergonomic}
    uintx NonNMethodCodeHeapSize                   = 7602176                                {pd product} {ergonomic}
    uintx NonProfiledCodeHeapSize                  = 122093568                              {pd product} {ergonomic}
    uintx ProfiledCodeHeapSize                     = 121962496                              {pd product} {ergonomic}
    uintx ReservedCodeCacheSize                    = 251658240                              {pd product} {ergonomic}
     bool SegmentedCodeCache                       = true                                      {product} {ergonomic}
   size_t SoftMaxHeapSize                          = 8346664960                             {manageable} {ergonomic}
     bool UseCompressedOops                        = true                           {product lp64_product} {ergonomic}
     bool UseG1GC                                  = true                                      {product} {ergonomic}
     bool UseLargePagesIndividualAllocation        = false                                  {pd product} {ergonomic}

Logging:
Log output configuration:
 #0: stdout all=warning uptime,level,tags foldmultilines=false
 #1: stderr all=off uptime,level,tags foldmultilines=false

Environment Variables:
PATH=C:\Program Files\Common Files\Oracle\Java\javapath;C:\Program Files (x86)\Common Files\Oracle\Java\java8path;C:\Program Files (x86)\Common Files\Oracle\Java\javapath;C:\WINDOWS\system32;C:\WINDOWS;C:\WINDOWS\System32\Wbem;C:\WINDOWS\System32\WindowsPowerShell\v1.0\;C:\WINDOWS\System32\OpenSSH\;C:\Program Files\Git\cmd;C:\Program Files\Docker\Docker\resources\bin;C:\Program Files\dotnet\;C:\Program Files\nodejs\;C:\Users\lukas\scoop\apps\maven\current\bin;C:\Users\lukas\scoop\shims;C:\Program Files\Common Files\Oracle\Java\javapath;C:\Program Files (x86)\Common Files\Oracle\Java\java8path;C:\Program Files (x86)\Common Files\Oracle\Java\javapath;C:\WINDOWS\system32;C:\WINDOWS;C:\WINDOWS\System32\Wbem;C:\WINDOWS\System32\WindowsPowerShell\v1.0\;C:\WINDOWS\System32\OpenSSH\;C:\Program Files\Git\cmd;C:\Program Files\Docker\Docker\resources\bin;C:\Program Files\dotnet\;C:\Users\lukas\AppData\Local\Microsoft\WindowsApps;C:\Program Files\JetBrains\PyCharm 2024.3.5\bin;C:\Users\lukas\AppData\Local\Programs\Microsoft VS Code\bin;C:\Users\lukas\\scoop\\apps\\maven\\current\\bin;C:\Users\lukas\AppData\Roaming\npm
USERNAME=lukas
OS=Windows_NT
PROCESSOR_IDENTIFIER=AMD64 Family 25 Model 97 Stepping 2, AuthenticAMD
TMP=C:\Users\lukas\AppData\Local\Temp
TEMP=C:\Users\lukas\AppData\Local\Temp




Periodic native trim disabled

---------------  S Y S T E M  ---------------

OS:
 Windows 11 , 64 bit Build 26100 (10.0.26100.4484)
OS uptime: 5 days 6:55 hours
Hyper-V role detected

CPU: total 16 (initial active 16) (16 cores per cpu, 2 threads per core) family 25 model 97 stepping 2 microcode 0xa601209, cx8, cmov, fxsr, ht, mmx, 3dnowpref, sse, sse2, sse3, ssse3, sse4a, sse4.1, sse4.2, popcnt, lzcnt, tsc, tscinvbit, avx, avx2, aes, erms, clmul, bmi1, bmi2, adx, avx512f, avx512dq, avx512cd, avx512bw, avx512vl, sha, fma, vzeroupper, avx512_vpopcntdq, avx512_vpclmulqdq, avx512_vaes, avx512_vnni, clflush, clflushopt, avx512_vbmi2, avx512_vbmi, hv, rdtscp, rdpid, fsrm, gfni, avx512_bitalg, f16c, cet_ss, avx512_ifma
Processor Information for the first 16 processors :
  Max Mhz: 4201, Current Mhz: 4201, Mhz Limit: 4201

Memory: 4k page, system-wide physical 31831M (6937M free)
TotalPageFile size 48215M (AvailPageFile size 777M)
current process WorkingSet (physical memory assigned to process): 376M, peak: 381M
current process commit charge ("private bytes"): 564M, peak: 817M

vm_info: Java HotSpot(TM) 64-Bit Server VM (24.0.1+9-30) for windows-amd64 JRE (24.0.1+9-30), built on 2025-03-05T07:23:45Z with MS VC++ 17.6 (VS2022)

END.
