#
# A fatal error has been detected by the Java Runtime Environment:
#
#  EXCEPTION_ACCESS_VIOLATION (0xc0000005) at pc=0x00007ff8067726c4, pid=21316, tid=32212
#
# JRE version: Java(TM) SE Runtime Environment (24.0.1+9) (build 24.0.1+9-30)
# Java VM: Java HotSpot(TM) 64-Bit Server VM (24.0.1+9-30, mixed mode, sharing, tiered, compressed oops, compressed class ptrs, g1 gc, windows-amd64)
# Problematic frame:
# C  [libasyncProfiler.dll+0x926c4]
#
# No core dump will be written. Minidumps are not enabled by default on client versions of Windows
#
# JFR recording file will be written. Location: C:\Users\lukas\Desktop\Uni\GameCraft\Snake-Gamecraft\hs_err_pid21316.jfr
#
# If you would like to submit a bug report, please visit:
#   https://bugreport.java.com/bugreport/crash.jsp
# The crash happened outside the Java Virtual Machine in native code.
# See problematic frame for where to report the bug.
#

---------------  S U M M A R Y ------------

Command Line: -javaagent:C:\Program Files\JetBrains\IntelliJ IDEA 2025.1\lib\idea_rt.jar=64022 -agentpath:C:\Users\lukas\AppData\Local\Temp\idea_libasyncProfiler_dll_temp_folder1\libasyncProfiler.dll=start,jfr,event=wall,interval=10ms,jfrsync=profile,cstack=no,file=C:\Users\lukas\IdeaSnapshots\Main_2025_06_09_173018.jfr,dbghelppath=C:\Users\lukas\AppData\Local\Temp\idea_dbghelp_dll_temp_folder\dbghelp.dll,log=C:\Users\lukas\AppData\Local\Temp\Main_2025_06_09_173018.jfr.log.txt,logLevel=DEBUG -Dfile.encoding=UTF-8 -Dsun.stdout.encoding=UTF-8 -Dsun.stderr.encoding=UTF-8 --module-path=C:\Users\lukas\.m2\repository\com\github\almasb\fxgl\17.3\fxgl-17.3.jar;C:\Users\lukas\.m2\repository\net\synedra\validatorfx\0.5.0\validatorfx-0.5.0.jar;C:\Users\lukas\.m2\repository\org\kordamp\ikonli\ikonli-core\12.3.1\ikonli-core-12.3.1.jar;C:\Users\lukas\.m2\repository\com\gluonhq\attach\lifecycle\4.0.17\lifecycle-4.0.17.jar;C:\Users\lukas\.m2\repository\org\openjfx\javafx-swing\17.0.6\javafx-swing-17.0.6-win.jar;C:\Users\lukas\.m2\repository\org\kordamp\bootstrapfx\bootstrapfx-core\0.4.0\bootstrapfx-core-0.4.0.jar;C:\Users\lukas\.m2\repository\org\controlsfx\controlsfx\11.2.1\controlsfx-11.2.1.jar;C:\Users\lukas\.m2\repository\eu\hansolo\toolboxfx\21.0.3\toolboxfx-21.0.3.jar;C:\Users\lukas\.m2\repository\org\openjfx\javafx-graphics\24.0.1\javafx-graphics-24.0.1-win.jar;C:\Users\lukas\.m2\repository\eu\hansolo\fx\heatmap\21.0.3\heatmap-21.0.3.jar;C:\Users\lukas\.m2\repository\org\openjfx\javafx-media\17.0.6\javafx-media-17.0.6-win.jar;C:\Users\lukas\.m2\repository\com\gluonhq\attach\util\4.0.17\util-4.0.17.jar;C:\Users\lukas\.m2\repository\org\openjfx\javafx-base\24.0.1\javafx-base-24.0.1-win.jar;C:\Users\lukas\.m2\repository\com\gluonhq\attach\storage\4.0.17\storage-4.0.17.jar;C:\Users\lukas\.m2\repository\io\github\mkpaz\atlantafx-base\2.0.1\atlantafx-base-2.0.1.jar;C:\Users\lukas\.m2\repository\com\fasterxml\jackson\core\jackson-annotations\2.14.2\jackson-annotations-2.14.2.jar;C:\Users\lukas\.m2\repository\com\github\almasb\fxgl-gameplay\17.3\fxgl-gameplay-17.3.jar;C:\Users\lukas\.m2\repository\org\openjfx\javafx-fxml\17.0.6\javafx-fxml-17.0.6-win.jar;C:\Users\lukas\.m2\repository\eu\hansolo\fx\countries\21.0.3\countries-21.0.3.jar;C:\Users\lukas\.m2\repository\org\openjfx\javafx-controls\24.0.1\javafx-controls-24.0.1-win.jar;C:\Users\lukas\.m2\repository\com\dlsc\formsfx\formsfx-core\11.6.0\formsfx-core-11.6.0.jar;C:\Users\lukas\.m2\repository\org\openjfx\javafx-web\17.0.6\javafx-web-17.0.6-win.jar;C:\Users\lukas\.m2\repository\com\github\al-Djdk.module.main=com.cosmic.snakegamecraft com.cosmic.snakegamecraft/com.cosmic.snakegamecraft.Main

Host: AMD Ryzen 7 7800X3D 8-Core Processor           , 16 cores, 31G,  Windows 11 , 64 bit Build 26100 (10.0.26100.3912)
Time: Mon Jun  9 17:30:20 2025 Mitteleuropäische Sommerzeit elapsed time: 0.425169 seconds (0d 0h 0m 0s)

---------------  T H R E A D  ---------------

Current thread (0x0000029aefb15560):  JavaThread "main"             [_thread_in_native, id=32212, stack(0x000000a120600000,0x000000a120700000) (1024K)]

Stack: [0x000000a120600000,0x000000a120700000],  sp=0x000000a1206fe4f0,  free space=1017k
Native frames: (J=compiled Java code, j=interpreted, Vv=VM code, C=native code)
C  [libasyncProfiler.dll+0x926c4]  (no source info available)
C  [libasyncProfiler.dll+0x92b9b]  (no source info available)
C  [libasyncProfiler.dll+0x917f4]  (no source info available)
C  [libasyncProfiler.dll+0x9206a]  (no source info available)
C  [libasyncProfiler.dll+0x8cc21]  (no source info available)
C  [libasyncProfiler.dll+0x7e5e1]  (no source info available)
C  [libasyncProfiler.dll+0x7d2f8]  (no source info available)
C  [libasyncProfiler.dll+0x7d1e0]  (no source info available)
C  [libasyncProfiler.dll+0x832fc]  (no source info available)
V  [jvm.dll+0x5e38de]  (no source info available)
V  [jvm.dll+0x886056]  (no source info available)
V  [jvm.dll+0x495f3e]  (no source info available)
V  [jvm.dll+0x497d11]  (no source info available)
C  [jli.dll+0x52a1]  (no source info available)
C  [ucrtbase.dll+0x37b0]  (no source info available)
C  [KERNEL32.DLL+0x2e8d7]  (no source info available)
C  [ntdll.dll+0x9c5dc]  (no source info available)


siginfo: EXCEPTION_ACCESS_VIOLATION (0xc0000005), reading address 0xffffffffffffffff


Registers:
RAX=0x0000000000000010, RBX=0x0000000000000000, RCX=0xffffffffffffffff, RDX=0x007fff5ca6301010
RSP=0x000000a1206fe4f0, RBP=0x0000029add907b70, RSI=0x000000a1206fe660, RDI=0x0000029add907b70
R8 =0x0000000000000042, R9 =0x000000062d801ed8, R10=0x00007fff5ccd9fb0, R11=0x0000000000000002
R12=0x000000a1206fe660, R13=0x0000029aedabfcd0, R14=0x0000029aefb15928, R15=0x0000029aefb15928
RIP=0x00007ff8067726c4, EFLAGS=0x0000000000010202

XMM[0]=0x0000000000000000 0x0000000000000000
XMM[1]=0x0000000000000000 0x0000000000000000
XMM[2]=0x0000000000000000 0x0000000000000000
XMM[3]=0x0000000000000000 0x0000000000000000
XMM[4]=0x0000000000000000 0x0000000000000000
XMM[5]=0x0000000000000000 0x0000000000000000
XMM[6]=0x0000000000000000 0x0000000000000000
XMM[7]=0x0000000000000000 0x0000000000000000
XMM[8]=0x0000000000000000 0x0000000000000000
XMM[9]=0x0000000000000000 0x0000000000000000
XMM[10]=0x0000000000000000 0x0000000000000000
XMM[11]=0x0000000000000000 0x0000000000000000
XMM[12]=0x0000000000000000 0x0000000000000000
XMM[13]=0x0000000000000000 0x0000000000000000
XMM[14]=0x0000000000000000 0x0000000000000000
XMM[15]=0x0000000000000000 0x0000000000000000
  MXCSR=0x00001fa0


Register to memory mapping:

RAX=0x0000000000000010 is an unknown value
RBX=0x0 is null
RCX=0xffffffffffffffff is an unknown value
RDX=0x007fff5ca6301010 is an unknown value
RSP=0x000000a1206fe4f0 is pointing into the stack for thread: 0x0000029aefb15560
RBP=0x0000029add907b70 points into unknown readable memory: 0x000000062d801ed8 | d8 1e 80 2d 06 00 00 00
RSI=0x000000a1206fe660 is pointing into the stack for thread: 0x0000029aefb15560
RDI=0x0000029add907b70 points into unknown readable memory: 0x000000062d801ed8 | d8 1e 80 2d 06 00 00 00
R8 =0x0000000000000042 is an unknown value
R9 =0x000000062d801ed8 is an oop: java.lang.Thread 
{0x000000062d801ed8} - klass: 'java/lang/Thread' - flags: 

 - ---- fields (total size 14 words):
 - 'threadLocalRandomProbe' 'I' @12  0 (0x00000000)
 - private volatile 'eetop' 'J' @16  2864469595488 (0x0000029aefb15560)
 - private final 'tid' 'J' @24  3 (0x0000000000000003)
 - 'threadLocalRandomSeed' 'J' @32  0 (0x0000000000000000)
 - injected 'jvmti_thread_state' 'J' @40  2864435544800 (0x0000029aeda9c2e0)
 - 'threadLocalRandomSecondarySeed' 'I' @48  0 (0x00000000)
 - injected 'jvmti_VTMS_transition_disable_count' 'I' @52  0 (0x00000000)
 - injected 'jfr_epoch' 'S' @56  0 (0x0000)
 - volatile 'interrupted' 'Z' @58  false (0x00)
 - injected 'jvmti_is_in_VTMS_transition' 'Z' @59  false (0x00)
 - private volatile 'name' 'Ljava/lang/String;' @60  "main"{0x000000062d801f48} (0xc5b003e9)
 - private volatile 'contextClassLoader' 'Ljava/lang/ClassLoader;' @64  a 'jdk/internal/loader/ClassLoaders$AppClassLoader'{0x000000062d81f890} (0xc5b03f12)
 - private final 'holder' 'Ljava/lang/Thread$FieldHolder;' @68  a 'java/lang/Thread$FieldHolder'{0x000000062d801f88} (0xc5b003f1)
 - 'threadLocals' 'Ljava/lang/ThreadLocal$ThreadLocalMap;' @72  a 'java/lang/ThreadLocal$ThreadLocalMap'{0x000000062d87fea8} (0xc5b0ffd5)
 - 'inheritableThreadLocals' 'Ljava/lang/ThreadLocal$ThreadLocalMap;' @76  null (0x00000000)
 - private 'scopedValueBindings' 'Ljava/lang/Object;' @80  a 'java/lang/Class'{0x00000007ffc7c890} = 'java/lang/Thread' (0xfff8f912)
 - final 'interruptLock' 'Ljava/lang/Object;' @84  a 'java/lang/Object'{0x000000062d801f78} (0xc5b003ef)
 - private volatile 'parkBlocker' 'Ljava/lang/Object;' @88  null (0x00000000)
 - private 'nioBlocker' 'Lsun/nio/ch/Interruptible;' @92  null (0x00000000)
 - private 'cont' 'Ljdk/internal/vm/Continuation;' @96  null (0x00000000)
 - private volatile 'uncaughtExceptionHandler' 'Ljava/lang/Thread$UncaughtExceptionHandler;' @100  null (0x00000000)
 - private 'container' 'Ljdk/internal/vm/ThreadContainer;' @104  null (0x00000000)
 - private volatile 'headStackableScopes' 'Ljdk/internal/vm/StackableScope;' @108  null (0x00000000)
R10=0x00007fff5ccd9fb0 jvm.dll
R11=0x0000000000000002 is an unknown value
R12=0x000000a1206fe660 is pointing into the stack for thread: 0x0000029aefb15560
R13=0x0000029aedabfcd0 points into unknown readable memory: 0x00007fff5cc4a510 | 10 a5 c4 5c ff 7f 00 00
R14=0x0000029aefb15928 points into unknown readable memory: 0x00007fff5cc417b0 | b0 17 c4 5c ff 7f 00 00
R15=0x0000029aefb15928 points into unknown readable memory: 0x00007fff5cc417b0 | b0 17 c4 5c ff 7f 00 00

Top of Stack: (sp=0x000000a1206fe4f0)
0x000000a1206fe4f0:   000000a1206fe660 0000029add907b70   `.o ....p{......
0x000000a1206fe500:   0000000000000000 0000029aedabee60   ........`.......
0x000000a1206fe510:   0000000000000022 00007ff806772b9b   "........+w.....
0x000000a1206fe520:   0000000000000000 0000029aefb15928   ........(Y......
0x000000a1206fe530:   000000a1206fe601 0000000000000000   ..o ............
0x000000a1206fe540:   0000029adc386a90 00007ff8067717f4   .j8.......w.....
0x000000a1206fe550:   0000000000000000 0000000000000022   ........".......
0x000000a1206fe560:   0000000000000000 0000000000000022   ........".......
0x000000a1206fe570:   0000000900000003 0000029add56e1a0   ..........V.....
0x000000a1206fe580:   0000029adc386a90 0000029adc386b18   .j8......k8.....
0x000000a1206fe590:   0000029adc386b38 0000029a000036f8   8k8......6......
0x000000a1206fe5a0:   0000000000000000 0000000000000000   ................
0x000000a1206fe5b0:   0000000000000000 00007fff5c4a57d4   .........WJ\....
0x000000a1206fe5c0:   00007ff8068b4ca0 0000000000005344   .L......DS......
0x000000a1206fe5d0:   00007ff8068b4ca0 00000000ffffffff   .L..............
0x000000a1206fe5e0:   0000000000000000 00007ff80677206a   ........j w.....
0x000000a1206fe5f0:   0000029aefb15928 0000000000000000   (Y..............
0x000000a1206fe600:   000000a1206fe669 0000029aedabfcd0   i.o ............
0x000000a1206fe610:   0000029a96d8d040 0000029aeda80000   @...............
0x000000a1206fe620:   0000029a96d8d040 00007ff860149fc9   @..........`....
0x000000a1206fe630:   0000029aefb15928 00007ff8068b4ca0   (Y.......L......
0x000000a1206fe640:   00007ff80685f0d8 00007ff80685f0c8   ................
0x000000a1206fe650:   0000000000000000 0000029aefb15928   ........(Y......
0x000000a1206fe660:   0000029ade19aca0 0000029ade19b0e0   ................
0x000000a1206fe670:   0000029ade19b0e0 00007ff8068b4ca0   .........L......
0x000000a1206fe680:   0000029aeff712b8 000000a1206fe7f8   ..........o ....
0x000000a1206fe690:   000000a1206fe930 0000000000008840   0.o ....@.......
0x000000a1206fe6a0:   00007ff8068a7080 00007ff8068b4cf0   .p.......L......
0x000000a1206fe6b0:   0000000000989680 0000000000989680   ................
0x000000a1206fe6c0:   000000a1206fe7d0 00007ff80676cc21   ..o ....!.v.....
0x000000a1206fe6d0:   00007ff8068b4ca0 00007ff8068b4cf8   .L.......L......
0x000000a1206fe6e0:   00007ff800000000 007c57ea00000001   .............W|.

Instructions: (pc=0x00007ff8067726c4)
  0x00007ff8067725c4:   cc cc cc cc cc cc cc cc cc cc cc cc cc cc cc cc
  0x00007ff8067725d4:   cc cc cc cc cc cc cc cc cc cc cc cc cc cc cc cc
  0x00007ff8067725e4:   cc cc cc cc cc cc cc cc cc cc cc cc cc cc cc cc
  0x00007ff8067725f4:   cc cc cc cc cc cc cc cc cc cc cc cc cc cc cc cc
  0x00007ff806772604:   cc cc cc cc cc cc cc cc cc cc cc cc cc cc cc cc
  0x00007ff806772614:   cc cc cc cc cc cc cc cc cc cc cc cc cc cc cc cc
  0x00007ff806772624:   cc cc cc cc cc cc cc cc cc cc cc cc cc cc cc cc
  0x00007ff806772634:   cc cc cc cc cc cc cc cc cc cc cc cc cc cc cc cc
  0x00007ff806772644:   cc cc cc cc cc cc cc cc cc cc cc cc 40 57 48 83
  0x00007ff806772654:   ec 20 48 8b f9 48 8b 0d 10 28 14 00 48 85 c9 74
  0x00007ff806772664:   20 48 8b 01 48 8d 54 24 38 41 b8 06 00 01 00 4c
  0x00007ff806772674:   8b 48 30 41 ff d1 85 c0 75 07 48 8b 4c 24 38 eb
  0x00007ff806772684:   02 33 c9 4c 8b 05 ea 28 14 00 48 89 5c 24 30 4d
  0x00007ff806772694:   85 c0 74 4a 48 8b 01 48 8b d7 4c 8b 88 28 03 00
  0x00007ff8067726a4:   00 41 ff d1 48 85 c0 74 35 48 63 0d f8 e6 13 00
  0x00007ff8067726b4:   48 8b 14 01 48 85 d2 74 15 48 63 05 fc e6 13 00
=>0x00007ff8067726c4:   8b 04 10 48 8b 5c 24 30 48 83 c4 20 5f c3 b8 ff
  0x00007ff8067726d4:   ff ff ff 48 8b 5c 24 30 48 83 c4 20 5f c3 80 3d
  0x00007ff8067726e4:   9b 27 14 00 00 bb ff ff ff ff 74 20 4c 8b 0d 31
  0x00007ff8067726f4:   24 14 00 4c 8d 44 24 38 48 8b 0d 15 24 14 00 48
  0x00007ff806772704:   8b d7 41 ff d1 85 c0 0f 44 5c 24 38 8b c3 48 8b
  0x00007ff806772714:   5c 24 30 48 83 c4 20 5f c3 cc cc cc cc cc cc cc
  0x00007ff806772724:   cc cc cc cc cc cc cc cc cc cc cc cc cc cc cc cc
  0x00007ff806772734:   cc cc cc cc cc cc cc cc cc cc cc cc cc cc cc cc
  0x00007ff806772744:   cc cc cc cc cc cc cc cc cc cc cc cc 48 89 54 24
  0x00007ff806772754:   10 53 55 56 57 41 56 41 57 48 83 ec 28 48 8b f2
  0x00007ff806772764:   4c 8b f1 48 89 4c 24 78 45 33 ff 44 89 7c 24 68
  0x00007ff806772774:   c7 44 24 60 01 00 00 00 48 8d 4c 24 68 e8 ed 42
  0x00007ff806772784:   f7 ff 8b d8 48 8d 4c 24 60 e8 e1 42 f7 ff 8b e8
  0x00007ff806772794:   49 8b ce e8 00 fc f6 ff 48 8b f8 90 8b c3 f0 0f
  0x00007ff8067727a4:   b1 2f 74 04 f3 90 eb f4 4c 89 3e 4c 89 7e 08 4c
  0x00007ff8067727b4:   89 7e 10 49 8b 6e 08 4d 8b 76 10 49 3b ee 0f 84


Stack slot to memory mapping:

stack at sp + 0 slots: 0x000000a1206fe660 is pointing into the stack for thread: 0x0000029aefb15560
stack at sp + 1 slots: 0x0000029add907b70 points into unknown readable memory: 0x000000062d801ed8 | d8 1e 80 2d 06 00 00 00
stack at sp + 2 slots: 0x0 is null
stack at sp + 3 slots: 0x0000029aedabee60 points into unknown readable memory: 0x6e616c2e6176616a | 6a 61 76 61 2e 6c 61 6e
stack at sp + 4 slots: 0x0000000000000022 is an unknown value
stack at sp + 5 slots: 0x00007ff806772b9b libasyncProfiler.dll
stack at sp + 6 slots: 0x0 is null
stack at sp + 7 slots: 0x0000029aefb15928 points into unknown readable memory: 0x00007fff5cc417b0 | b0 17 c4 5c ff 7f 00 00

Lock stack of current Java thread (top to bottom):


---------------  P R O C E S S  ---------------

Threads class SMR info:
_java_thread_list=0x0000029adc794810, length=23, elements={
0x0000029aefb15560, 0x0000029afed0bfe0, 0x0000029afed0c920, 0x0000029afed134e0,
0x0000029afed16370, 0x0000029afed19390, 0x0000029afed29b90, 0x0000029afed300a0,
0x0000029afed63ad0, 0x0000029afedec4c0, 0x0000029afed2aa30, 0x0000029afeedf460,
0x0000029afeedfdf0, 0x0000029adc001070, 0x0000029adc08d980, 0x0000029adc092b50,
0x0000029adc2311d0, 0x0000029adc231960, 0x0000029adcd335f0, 0x0000029adcc487b0,
0x0000029afed2b180, 0x0000029afed2b8d0, 0x0000029afed285a0
}

Java Threads: ( => current thread )
=>0x0000029aefb15560 JavaThread "main"                              [_thread_in_native, id=32212, stack(0x000000a120600000,0x000000a120700000) (1024K)]
  0x0000029afed0bfe0 JavaThread "Reference Handler"          daemon [_thread_blocked, id=22368, stack(0x000000a120e00000,0x000000a120f00000) (1024K)]
  0x0000029afed0c920 JavaThread "Finalizer"                  daemon [_thread_blocked, id=27020, stack(0x000000a120f00000,0x000000a121000000) (1024K)]
  0x0000029afed134e0 JavaThread "Signal Dispatcher"          daemon [_thread_blocked, id=11308, stack(0x000000a121000000,0x000000a121100000) (1024K)]
  0x0000029afed16370 JavaThread "Attach Listener"            daemon [_thread_blocked, id=5900, stack(0x000000a121100000,0x000000a121200000) (1024K)]
  0x0000029afed19390 JavaThread "Service Thread"             daemon [_thread_blocked, id=23024, stack(0x000000a121200000,0x000000a121300000) (1024K)]
  0x0000029afed29b90 JavaThread "Monitor Deflation Thread"   daemon [_thread_blocked, id=34020, stack(0x000000a121300000,0x000000a121400000) (1024K)]
  0x0000029afed300a0 JavaThread "C2 CompilerThread0"         daemon [_thread_in_native, id=24156, stack(0x000000a121400000,0x000000a121500000) (1024K)]
  0x0000029afed63ad0 JavaThread "C1 CompilerThread0"         daemon [_thread_blocked, id=19096, stack(0x000000a121500000,0x000000a121600000) (1024K)]
  0x0000029afedec4c0 JavaThread "C1 CompilerThread1"         daemon [_thread_blocked, id=21432, stack(0x000000a121600000,0x000000a121700000) (1024K)]
  0x0000029afed2aa30 JavaThread "Common-Cleaner"             daemon [_thread_blocked, id=12968, stack(0x000000a121700000,0x000000a121800000) (1024K)]
  0x0000029afeedf460 JavaThread "C1 CompilerThread2"         daemon [_thread_blocked, id=27884, stack(0x000000a121800000,0x000000a121900000) (1024K)]
  0x0000029afeedfdf0 JavaThread "C1 CompilerThread3"         daemon [_thread_blocked, id=22292, stack(0x000000a121900000,0x000000a121a00000) (1024K)]
  0x0000029adc001070 JavaThread "C2 CompilerThread1"         daemon [_thread_blocked, id=30284, stack(0x000000a121a00000,0x000000a121b00000) (1024K)]
  0x0000029adc08d980 JavaThread "C2 CompilerThread2"         daemon [_thread_blocked, id=32516, stack(0x000000a121b00000,0x000000a121c00000) (1024K)]
  0x0000029adc092b50 JavaThread "C2 CompilerThread3"         daemon [_thread_blocked, id=16600, stack(0x000000a121c00000,0x000000a121d00000) (1024K)]
  0x0000029adc2311d0 JavaThread "C2 CompilerThread4"         daemon [_thread_blocked, id=13304, stack(0x000000a121d00000,0x000000a121e00000) (1024K)]
  0x0000029adc231960 JavaThread "C2 CompilerThread5"         daemon [_thread_blocked, id=13036, stack(0x000000a121e00000,0x000000a121f00000) (1024K)]
  0x0000029adcd335f0 JavaThread "C2 CompilerThread6"         daemon [_thread_blocked, id=27872, stack(0x000000a121f00000,0x000000a122000000) (1024K)]
  0x0000029adcc487b0 JavaThread "C2 CompilerThread7"         daemon [_thread_blocked, id=20212, stack(0x000000a122000000,0x000000a122100000) (1024K)]
  0x0000029afed2b180 JavaThread "Monitor Ctrl-Break"         daemon [_thread_in_native, id=28988, stack(0x000000a122100000,0x000000a122200000) (1024K)]
  0x0000029afed2b8d0 JavaThread "JFR Recorder Thread"        daemon [_thread_in_native, id=18272, stack(0x000000a122200000,0x000000a122300000) (1024K)]
  0x0000029afed285a0 JavaThread "JFR Periodic Tasks"         daemon [_thread_blocked, id=14072, stack(0x000000a122300000,0x000000a122400000) (1024K)]
Total: 23

Other Threads:
  0x0000029afecfdff0 VMThread "VM Thread"                           [id=12504, stack(0x000000a120d00000,0x000000a120e00000) (1024K)]
  0x0000029afeceaba0 WatcherThread "VM Periodic Task Thread"        [id=34516, stack(0x000000a120c00000,0x000000a120d00000) (1024K)]
  0x0000029aefbbcb30 WorkerThread "GC Thread#0"                     [id=26084, stack(0x000000a120700000,0x000000a120800000) (1024K)]
  0x0000029aefc0c230 ConcurrentGCThread "G1 Main Marker"            [id=27792, stack(0x000000a120800000,0x000000a120900000) (1024K)]
  0x0000029aefc0d8b0 WorkerThread "G1 Conc#0"                       [id=29084, stack(0x000000a120900000,0x000000a120a00000) (1024K)]
  0x0000029afebc20b0 ConcurrentGCThread "G1 Refine#0"               [id=26076, stack(0x000000a120a00000,0x000000a120b00000) (1024K)]
  0x0000029aefca9c10 ConcurrentGCThread "G1 Service"                [id=23760, stack(0x000000a120b00000,0x000000a120c00000) (1024K)]
Total: 7

Threads with active compile tasks:
C2 CompilerThread0  509 1750       4       jdk.jfr.internal.MetadataWriter::write (168 bytes)
Total: 1

VM state: not at safepoint (normal execution)

VM Mutex/Monitor currently owned by a thread: None

Heap address: 0x000000060e800000, size: 7960 MB, Compressed Oops mode: Zero based, Oop shift amount: 3

CDS archive(s) mapped at: [0x0000029a97000000-0x0000029a97d40000-0x0000029a97d40000), size 13893632, SharedBaseAddress: 0x0000029a97000000, ArchiveRelocationMode: 1.
Compressed class space mapped at: 0x0000029a98000000-0x0000029ad8000000, reserved size: 1073741824
UseCompressedClassPointers 1, UseCompactObjectHeaders 0
Narrow klass pointer bits 32, Max shift 3
Narrow klass base: 0x0000029a97000000, Narrow klass shift: 0
Encoding Range: [0x0000029a97000000 - 0x0000029b97000000), (4294967296 bytes)
Klass Range:    [0x0000029a97000000 - 0x0000029ad8000000), (1090519040 bytes)
Klass ID Range:  [8 - 1090519033) (1090519025)

GC Precious Log:
 CardTable entry size: 512
 Card Set container configuration: InlinePtr #cards 4 size 8 Array Of Cards #cards 32 size 80 Howl #buckets 8 coarsen threshold 7372 Howl Bitmap #cards 1024 size 144 coarsen threshold 921 Card regions per heap region 1 cards per card region 8192
 CPUs: 16 total, 16 available
 Memory: 31831M
 Large Page Support: Disabled
 NUMA Support: Disabled
 Compressed Oops: Enabled (Zero based)
 Heap Region Size: 4M
 Heap Min Capacity: 8M
 Heap Initial Capacity: 500M
 Heap Max Capacity: 7960M
 Pre-touch: Disabled
 Parallel Workers: 13
 Concurrent Workers: 3
 Concurrent Refinement Workers: 13
 Periodic GC: Disabled

Heap:
 garbage-first heap   total reserved 8151040K, committed 516096K, used 33908K [0x000000060e800000, 0x0000000800000000)
  region size 4096K, 9 young (36864K), 0 survivors (0K)
 Metaspace       used 3909K, committed 4032K, reserved 1114112K
  class space    used 337K, committed 384K, reserved 1048576K

Heap Regions: E=young(eden), S=young(survivor), O=old, HS=humongous(starts), HC=humongous(continues), CS=collection set, F=free, TAMS=top-at-mark-start, PB=parsable bottom
|   0|0x000000060e800000, 0x000000060e800000, 0x000000060ec00000|  0%| F|  |TAMS 0x000000060e800000| PB 0x000000060e800000| Untracked |  0
|   1|0x000000060ec00000, 0x000000060ec00000, 0x000000060f000000|  0%| F|  |TAMS 0x000000060ec00000| PB 0x000000060ec00000| Untracked |  0
|   2|0x000000060f000000, 0x000000060f000000, 0x000000060f400000|  0%| F|  |TAMS 0x000000060f000000| PB 0x000000060f000000| Untracked |  0
|   3|0x000000060f400000, 0x000000060f400000, 0x000000060f800000|  0%| F|  |TAMS 0x000000060f400000| PB 0x000000060f400000| Untracked |  0
|   4|0x000000060f800000, 0x000000060f800000, 0x000000060fc00000|  0%| F|  |TAMS 0x000000060f800000| PB 0x000000060f800000| Untracked |  0
|   5|0x000000060fc00000, 0x000000060fc00000, 0x0000000610000000|  0%| F|  |TAMS 0x000000060fc00000| PB 0x000000060fc00000| Untracked |  0
|   6|0x0000000610000000, 0x0000000610000000, 0x0000000610400000|  0%| F|  |TAMS 0x0000000610000000| PB 0x0000000610000000| Untracked |  0
|   7|0x0000000610400000, 0x0000000610400000, 0x0000000610800000|  0%| F|  |TAMS 0x0000000610400000| PB 0x0000000610400000| Untracked |  0
|   8|0x0000000610800000, 0x0000000610800000, 0x0000000610c00000|  0%| F|  |TAMS 0x0000000610800000| PB 0x0000000610800000| Untracked |  0
|   9|0x0000000610c00000, 0x0000000610c00000, 0x0000000611000000|  0%| F|  |TAMS 0x0000000610c00000| PB 0x0000000610c00000| Untracked |  0
|  10|0x0000000611000000, 0x0000000611000000, 0x0000000611400000|  0%| F|  |TAMS 0x0000000611000000| PB 0x0000000611000000| Untracked |  0
|  11|0x0000000611400000, 0x0000000611400000, 0x0000000611800000|  0%| F|  |TAMS 0x0000000611400000| PB 0x0000000611400000| Untracked |  0
|  12|0x0000000611800000, 0x0000000611800000, 0x0000000611c00000|  0%| F|  |TAMS 0x0000000611800000| PB 0x0000000611800000| Untracked |  0
|  13|0x0000000611c00000, 0x0000000611c00000, 0x0000000612000000|  0%| F|  |TAMS 0x0000000611c00000| PB 0x0000000611c00000| Untracked |  0
|  14|0x0000000612000000, 0x0000000612000000, 0x0000000612400000|  0%| F|  |TAMS 0x0000000612000000| PB 0x0000000612000000| Untracked |  0
|  15|0x0000000612400000, 0x0000000612400000, 0x0000000612800000|  0%| F|  |TAMS 0x0000000612400000| PB 0x0000000612400000| Untracked |  0
|  16|0x0000000612800000, 0x0000000612800000, 0x0000000612c00000|  0%| F|  |TAMS 0x0000000612800000| PB 0x0000000612800000| Untracked |  0
|  17|0x0000000612c00000, 0x0000000612c00000, 0x0000000613000000|  0%| F|  |TAMS 0x0000000612c00000| PB 0x0000000612c00000| Untracked |  0
|  18|0x0000000613000000, 0x0000000613000000, 0x0000000613400000|  0%| F|  |TAMS 0x0000000613000000| PB 0x0000000613000000| Untracked |  0
|  19|0x0000000613400000, 0x0000000613400000, 0x0000000613800000|  0%| F|  |TAMS 0x0000000613400000| PB 0x0000000613400000| Untracked |  0
|  20|0x0000000613800000, 0x0000000613800000, 0x0000000613c00000|  0%| F|  |TAMS 0x0000000613800000| PB 0x0000000613800000| Untracked |  0
|  21|0x0000000613c00000, 0x0000000613c00000, 0x0000000614000000|  0%| F|  |TAMS 0x0000000613c00000| PB 0x0000000613c00000| Untracked |  0
|  22|0x0000000614000000, 0x0000000614000000, 0x0000000614400000|  0%| F|  |TAMS 0x0000000614000000| PB 0x0000000614000000| Untracked |  0
|  23|0x0000000614400000, 0x0000000614400000, 0x0000000614800000|  0%| F|  |TAMS 0x0000000614400000| PB 0x0000000614400000| Untracked |  0
|  24|0x0000000614800000, 0x0000000614800000, 0x0000000614c00000|  0%| F|  |TAMS 0x0000000614800000| PB 0x0000000614800000| Untracked |  0
|  25|0x0000000614c00000, 0x0000000614c00000, 0x0000000615000000|  0%| F|  |TAMS 0x0000000614c00000| PB 0x0000000614c00000| Untracked |  0
|  26|0x0000000615000000, 0x0000000615000000, 0x0000000615400000|  0%| F|  |TAMS 0x0000000615000000| PB 0x0000000615000000| Untracked |  0
|  27|0x0000000615400000, 0x0000000615400000, 0x0000000615800000|  0%| F|  |TAMS 0x0000000615400000| PB 0x0000000615400000| Untracked |  0
|  28|0x0000000615800000, 0x0000000615800000, 0x0000000615c00000|  0%| F|  |TAMS 0x0000000615800000| PB 0x0000000615800000| Untracked |  0
|  29|0x0000000615c00000, 0x0000000615c00000, 0x0000000616000000|  0%| F|  |TAMS 0x0000000615c00000| PB 0x0000000615c00000| Untracked |  0
|  30|0x0000000616000000, 0x0000000616000000, 0x0000000616400000|  0%| F|  |TAMS 0x0000000616000000| PB 0x0000000616000000| Untracked |  0
|  31|0x0000000616400000, 0x0000000616400000, 0x0000000616800000|  0%| F|  |TAMS 0x0000000616400000| PB 0x0000000616400000| Untracked |  0
|  32|0x0000000616800000, 0x0000000616800000, 0x0000000616c00000|  0%| F|  |TAMS 0x0000000616800000| PB 0x0000000616800000| Untracked |  0
|  33|0x0000000616c00000, 0x0000000616c00000, 0x0000000617000000|  0%| F|  |TAMS 0x0000000616c00000| PB 0x0000000616c00000| Untracked |  0
|  34|0x0000000617000000, 0x0000000617000000, 0x0000000617400000|  0%| F|  |TAMS 0x0000000617000000| PB 0x0000000617000000| Untracked |  0
|  35|0x0000000617400000, 0x0000000617400000, 0x0000000617800000|  0%| F|  |TAMS 0x0000000617400000| PB 0x0000000617400000| Untracked |  0
|  36|0x0000000617800000, 0x0000000617800000, 0x0000000617c00000|  0%| F|  |TAMS 0x0000000617800000| PB 0x0000000617800000| Untracked |  0
|  37|0x0000000617c00000, 0x0000000617c00000, 0x0000000618000000|  0%| F|  |TAMS 0x0000000617c00000| PB 0x0000000617c00000| Untracked |  0
|  38|0x0000000618000000, 0x0000000618000000, 0x0000000618400000|  0%| F|  |TAMS 0x0000000618000000| PB 0x0000000618000000| Untracked |  0
|  39|0x0000000618400000, 0x0000000618400000, 0x0000000618800000|  0%| F|  |TAMS 0x0000000618400000| PB 0x0000000618400000| Untracked |  0
|  40|0x0000000618800000, 0x0000000618800000, 0x0000000618c00000|  0%| F|  |TAMS 0x0000000618800000| PB 0x0000000618800000| Untracked |  0
|  41|0x0000000618c00000, 0x0000000618c00000, 0x0000000619000000|  0%| F|  |TAMS 0x0000000618c00000| PB 0x0000000618c00000| Untracked |  0
|  42|0x0000000619000000, 0x0000000619000000, 0x0000000619400000|  0%| F|  |TAMS 0x0000000619000000| PB 0x0000000619000000| Untracked |  0
|  43|0x0000000619400000, 0x0000000619400000, 0x0000000619800000|  0%| F|  |TAMS 0x0000000619400000| PB 0x0000000619400000| Untracked |  0
|  44|0x0000000619800000, 0x0000000619800000, 0x0000000619c00000|  0%| F|  |TAMS 0x0000000619800000| PB 0x0000000619800000| Untracked |  0
|  45|0x0000000619c00000, 0x0000000619c00000, 0x000000061a000000|  0%| F|  |TAMS 0x0000000619c00000| PB 0x0000000619c00000| Untracked |  0
|  46|0x000000061a000000, 0x000000061a000000, 0x000000061a400000|  0%| F|  |TAMS 0x000000061a000000| PB 0x000000061a000000| Untracked |  0
|  47|0x000000061a400000, 0x000000061a400000, 0x000000061a800000|  0%| F|  |TAMS 0x000000061a400000| PB 0x000000061a400000| Untracked |  0
|  48|0x000000061a800000, 0x000000061a800000, 0x000000061ac00000|  0%| F|  |TAMS 0x000000061a800000| PB 0x000000061a800000| Untracked |  0
|  49|0x000000061ac00000, 0x000000061ac00000, 0x000000061b000000|  0%| F|  |TAMS 0x000000061ac00000| PB 0x000000061ac00000| Untracked |  0
|  50|0x000000061b000000, 0x000000061b000000, 0x000000061b400000|  0%| F|  |TAMS 0x000000061b000000| PB 0x000000061b000000| Untracked |  0
|  51|0x000000061b400000, 0x000000061b400000, 0x000000061b800000|  0%| F|  |TAMS 0x000000061b400000| PB 0x000000061b400000| Untracked |  0
|  52|0x000000061b800000, 0x000000061b800000, 0x000000061bc00000|  0%| F|  |TAMS 0x000000061b800000| PB 0x000000061b800000| Untracked |  0
|  53|0x000000061bc00000, 0x000000061bc00000, 0x000000061c000000|  0%| F|  |TAMS 0x000000061bc00000| PB 0x000000061bc00000| Untracked |  0
|  54|0x000000061c000000, 0x000000061c000000, 0x000000061c400000|  0%| F|  |TAMS 0x000000061c000000| PB 0x000000061c000000| Untracked |  0
|  55|0x000000061c400000, 0x000000061c400000, 0x000000061c800000|  0%| F|  |TAMS 0x000000061c400000| PB 0x000000061c400000| Untracked |  0
|  56|0x000000061c800000, 0x000000061c800000, 0x000000061cc00000|  0%| F|  |TAMS 0x000000061c800000| PB 0x000000061c800000| Untracked |  0
|  57|0x000000061cc00000, 0x000000061cc00000, 0x000000061d000000|  0%| F|  |TAMS 0x000000061cc00000| PB 0x000000061cc00000| Untracked |  0
|  58|0x000000061d000000, 0x000000061d000000, 0x000000061d400000|  0%| F|  |TAMS 0x000000061d000000| PB 0x000000061d000000| Untracked |  0
|  59|0x000000061d400000, 0x000000061d400000, 0x000000061d800000|  0%| F|  |TAMS 0x000000061d400000| PB 0x000000061d400000| Untracked |  0
|  60|0x000000061d800000, 0x000000061d800000, 0x000000061dc00000|  0%| F|  |TAMS 0x000000061d800000| PB 0x000000061d800000| Untracked |  0
|  61|0x000000061dc00000, 0x000000061dc00000, 0x000000061e000000|  0%| F|  |TAMS 0x000000061dc00000| PB 0x000000061dc00000| Untracked |  0
|  62|0x000000061e000000, 0x000000061e000000, 0x000000061e400000|  0%| F|  |TAMS 0x000000061e000000| PB 0x000000061e000000| Untracked |  0
|  63|0x000000061e400000, 0x000000061e400000, 0x000000061e800000|  0%| F|  |TAMS 0x000000061e400000| PB 0x000000061e400000| Untracked |  0
|  64|0x000000061e800000, 0x000000061e800000, 0x000000061ec00000|  0%| F|  |TAMS 0x000000061e800000| PB 0x000000061e800000| Untracked |  0
|  65|0x000000061ec00000, 0x000000061ec00000, 0x000000061f000000|  0%| F|  |TAMS 0x000000061ec00000| PB 0x000000061ec00000| Untracked |  0
|  66|0x000000061f000000, 0x000000061f000000, 0x000000061f400000|  0%| F|  |TAMS 0x000000061f000000| PB 0x000000061f000000| Untracked |  0
|  67|0x000000061f400000, 0x000000061f400000, 0x000000061f800000|  0%| F|  |TAMS 0x000000061f400000| PB 0x000000061f400000| Untracked |  0
|  68|0x000000061f800000, 0x000000061f800000, 0x000000061fc00000|  0%| F|  |TAMS 0x000000061f800000| PB 0x000000061f800000| Untracked |  0
|  69|0x000000061fc00000, 0x000000061fc00000, 0x0000000620000000|  0%| F|  |TAMS 0x000000061fc00000| PB 0x000000061fc00000| Untracked |  0
|  70|0x0000000620000000, 0x0000000620000000, 0x0000000620400000|  0%| F|  |TAMS 0x0000000620000000| PB 0x0000000620000000| Untracked |  0
|  71|0x0000000620400000, 0x0000000620400000, 0x0000000620800000|  0%| F|  |TAMS 0x0000000620400000| PB 0x0000000620400000| Untracked |  0
|  72|0x0000000620800000, 0x0000000620800000, 0x0000000620c00000|  0%| F|  |TAMS 0x0000000620800000| PB 0x0000000620800000| Untracked |  0
|  73|0x0000000620c00000, 0x0000000620c00000, 0x0000000621000000|  0%| F|  |TAMS 0x0000000620c00000| PB 0x0000000620c00000| Untracked |  0
|  74|0x0000000621000000, 0x0000000621000000, 0x0000000621400000|  0%| F|  |TAMS 0x0000000621000000| PB 0x0000000621000000| Untracked |  0
|  75|0x0000000621400000, 0x0000000621400000, 0x0000000621800000|  0%| F|  |TAMS 0x0000000621400000| PB 0x0000000621400000| Untracked |  0
|  76|0x0000000621800000, 0x0000000621800000, 0x0000000621c00000|  0%| F|  |TAMS 0x0000000621800000| PB 0x0000000621800000| Untracked |  0
|  77|0x0000000621c00000, 0x0000000621c00000, 0x0000000622000000|  0%| F|  |TAMS 0x0000000621c00000| PB 0x0000000621c00000| Untracked |  0
|  78|0x0000000622000000, 0x0000000622000000, 0x0000000622400000|  0%| F|  |TAMS 0x0000000622000000| PB 0x0000000622000000| Untracked |  0
|  79|0x0000000622400000, 0x0000000622400000, 0x0000000622800000|  0%| F|  |TAMS 0x0000000622400000| PB 0x0000000622400000| Untracked |  0
|  80|0x0000000622800000, 0x0000000622800000, 0x0000000622c00000|  0%| F|  |TAMS 0x0000000622800000| PB 0x0000000622800000| Untracked |  0
|  81|0x0000000622c00000, 0x0000000622c00000, 0x0000000623000000|  0%| F|  |TAMS 0x0000000622c00000| PB 0x0000000622c00000| Untracked |  0
|  82|0x0000000623000000, 0x0000000623000000, 0x0000000623400000|  0%| F|  |TAMS 0x0000000623000000| PB 0x0000000623000000| Untracked |  0
|  83|0x0000000623400000, 0x0000000623400000, 0x0000000623800000|  0%| F|  |TAMS 0x0000000623400000| PB 0x0000000623400000| Untracked |  0
|  84|0x0000000623800000, 0x0000000623800000, 0x0000000623c00000|  0%| F|  |TAMS 0x0000000623800000| PB 0x0000000623800000| Untracked |  0
|  85|0x0000000623c00000, 0x0000000623c00000, 0x0000000624000000|  0%| F|  |TAMS 0x0000000623c00000| PB 0x0000000623c00000| Untracked |  0
|  86|0x0000000624000000, 0x0000000624000000, 0x0000000624400000|  0%| F|  |TAMS 0x0000000624000000| PB 0x0000000624000000| Untracked |  0
|  87|0x0000000624400000, 0x0000000624400000, 0x0000000624800000|  0%| F|  |TAMS 0x0000000624400000| PB 0x0000000624400000| Untracked |  0
|  88|0x0000000624800000, 0x0000000624800000, 0x0000000624c00000|  0%| F|  |TAMS 0x0000000624800000| PB 0x0000000624800000| Untracked |  0
|  89|0x0000000624c00000, 0x0000000624c00000, 0x0000000625000000|  0%| F|  |TAMS 0x0000000624c00000| PB 0x0000000624c00000| Untracked |  0
|  90|0x0000000625000000, 0x0000000625000000, 0x0000000625400000|  0%| F|  |TAMS 0x0000000625000000| PB 0x0000000625000000| Untracked |  0
|  91|0x0000000625400000, 0x0000000625400000, 0x0000000625800000|  0%| F|  |TAMS 0x0000000625400000| PB 0x0000000625400000| Untracked |  0
|  92|0x0000000625800000, 0x0000000625800000, 0x0000000625c00000|  0%| F|  |TAMS 0x0000000625800000| PB 0x0000000625800000| Untracked |  0
|  93|0x0000000625c00000, 0x0000000625c00000, 0x0000000626000000|  0%| F|  |TAMS 0x0000000625c00000| PB 0x0000000625c00000| Untracked |  0
|  94|0x0000000626000000, 0x0000000626000000, 0x0000000626400000|  0%| F|  |TAMS 0x0000000626000000| PB 0x0000000626000000| Untracked |  0
|  95|0x0000000626400000, 0x0000000626400000, 0x0000000626800000|  0%| F|  |TAMS 0x0000000626400000| PB 0x0000000626400000| Untracked |  0
|  96|0x0000000626800000, 0x0000000626800000, 0x0000000626c00000|  0%| F|  |TAMS 0x0000000626800000| PB 0x0000000626800000| Untracked |  0
|  97|0x0000000626c00000, 0x0000000626c00000, 0x0000000627000000|  0%| F|  |TAMS 0x0000000626c00000| PB 0x0000000626c00000| Untracked |  0
|  98|0x0000000627000000, 0x0000000627000000, 0x0000000627400000|  0%| F|  |TAMS 0x0000000627000000| PB 0x0000000627000000| Untracked |  0
|  99|0x0000000627400000, 0x0000000627400000, 0x0000000627800000|  0%| F|  |TAMS 0x0000000627400000| PB 0x0000000627400000| Untracked |  0
| 100|0x0000000627800000, 0x0000000627800000, 0x0000000627c00000|  0%| F|  |TAMS 0x0000000627800000| PB 0x0000000627800000| Untracked |  0
| 101|0x0000000627c00000, 0x0000000627c00000, 0x0000000628000000|  0%| F|  |TAMS 0x0000000627c00000| PB 0x0000000627c00000| Untracked |  0
| 102|0x0000000628000000, 0x0000000628000000, 0x0000000628400000|  0%| F|  |TAMS 0x0000000628000000| PB 0x0000000628000000| Untracked |  0
| 103|0x0000000628400000, 0x0000000628400000, 0x0000000628800000|  0%| F|  |TAMS 0x0000000628400000| PB 0x0000000628400000| Untracked |  0
| 104|0x0000000628800000, 0x0000000628800000, 0x0000000628c00000|  0%| F|  |TAMS 0x0000000628800000| PB 0x0000000628800000| Untracked |  0
| 105|0x0000000628c00000, 0x0000000628c00000, 0x0000000629000000|  0%| F|  |TAMS 0x0000000628c00000| PB 0x0000000628c00000| Untracked |  0
| 106|0x0000000629000000, 0x0000000629000000, 0x0000000629400000|  0%| F|  |TAMS 0x0000000629000000| PB 0x0000000629000000| Untracked |  0
| 107|0x0000000629400000, 0x0000000629400000, 0x0000000629800000|  0%| F|  |TAMS 0x0000000629400000| PB 0x0000000629400000| Untracked |  0
| 108|0x0000000629800000, 0x0000000629800000, 0x0000000629c00000|  0%| F|  |TAMS 0x0000000629800000| PB 0x0000000629800000| Untracked |  0
| 109|0x0000000629c00000, 0x0000000629c00000, 0x000000062a000000|  0%| F|  |TAMS 0x0000000629c00000| PB 0x0000000629c00000| Untracked |  0
| 110|0x000000062a000000, 0x000000062a000000, 0x000000062a400000|  0%| F|  |TAMS 0x000000062a000000| PB 0x000000062a000000| Untracked |  0
| 111|0x000000062a400000, 0x000000062a400000, 0x000000062a800000|  0%| F|  |TAMS 0x000000062a400000| PB 0x000000062a400000| Untracked |  0
| 112|0x000000062a800000, 0x000000062a800000, 0x000000062ac00000|  0%| F|  |TAMS 0x000000062a800000| PB 0x000000062a800000| Untracked |  0
| 113|0x000000062ac00000, 0x000000062ac00000, 0x000000062b000000|  0%| F|  |TAMS 0x000000062ac00000| PB 0x000000062ac00000| Untracked |  0
| 114|0x000000062b000000, 0x000000062b000000, 0x000000062b400000|  0%| F|  |TAMS 0x000000062b000000| PB 0x000000062b000000| Untracked |  0
| 115|0x000000062b400000, 0x000000062b400000, 0x000000062b800000|  0%| F|  |TAMS 0x000000062b400000| PB 0x000000062b400000| Untracked |  0
| 116|0x000000062b800000, 0x000000062b9eb8a0, 0x000000062bc00000| 48%| E|  |TAMS 0x000000062b800000| PB 0x000000062b800000| Complete |  0
| 117|0x000000062bc00000, 0x000000062c000000, 0x000000062c000000|100%| E|CS|TAMS 0x000000062bc00000| PB 0x000000062bc00000| Complete |  0
| 118|0x000000062c000000, 0x000000062c400000, 0x000000062c400000|100%| E|CS|TAMS 0x000000062c000000| PB 0x000000062c000000| Complete |  0
| 119|0x000000062c400000, 0x000000062c800000, 0x000000062c800000|100%| E|CS|TAMS 0x000000062c400000| PB 0x000000062c400000| Complete |  0
| 120|0x000000062c800000, 0x000000062cc00000, 0x000000062cc00000|100%| E|CS|TAMS 0x000000062c800000| PB 0x000000062c800000| Complete |  0
| 121|0x000000062cc00000, 0x000000062d000000, 0x000000062d000000|100%| E|CS|TAMS 0x000000062cc00000| PB 0x000000062cc00000| Complete |  0
| 122|0x000000062d000000, 0x000000062d400000, 0x000000062d400000|100%| E|CS|TAMS 0x000000062d000000| PB 0x000000062d000000| Complete |  0
| 123|0x000000062d400000, 0x000000062d800000, 0x000000062d800000|100%| E|CS|TAMS 0x000000062d400000| PB 0x000000062d400000| Complete |  0
| 124|0x000000062d800000, 0x000000062dc00000, 0x000000062dc00000|100%| E|CS|TAMS 0x000000062d800000| PB 0x000000062d800000| Complete |  0
|1989|0x00000007ffc00000, 0x00000007ffd1d1c0, 0x0000000800000000| 27%| O|  |TAMS 0x00000007ffc00000| PB 0x00000007ffc00000| Untracked |  0

Card table byte_map: [0x0000029afad70000,0x0000029afbd00000] _byte_map_base: 0x0000029af7cfc000

Marking Bits: (CMBitMap*) 0x0000029aefbbd240
 Bits: [0x0000029a8f000000, 0x0000029a96c60000)

Polling page: 0x0000029aedd60000

Metaspace:

Usage:
  Non-class:      3.49 MB used.
      Class:    337.58 KB used.
       Both:      3.82 MB used.

Virtual space:
  Non-class space:       64.00 MB reserved,       3.56 MB (  6%) committed,  1 nodes.
      Class space:        1.00 GB reserved,     384.00 KB ( <1%) committed,  1 nodes.
             Both:        1.06 GB reserved,       3.94 MB ( <1%) committed. 

Chunk freelists:
   Non-Class:  11.91 MB
       Class:  15.58 MB
        Both:  27.49 MB

MaxMetaspaceSize: unlimited
CompressedClassSpaceSize: 1.00 GB
Initial GC threshold: 21.00 MB
Current GC threshold: 21.00 MB
CDS: on
 - commit_granule_bytes: 65536.
 - commit_granule_words: 8192.
 - virtual_space_node_default_size: 8388608.
 - enlarge_chunks_in_place: 1.
UseCompressedClassPointers 1, UseCompactObjectHeaders 0
Narrow klass pointer bits 32, Max shift 3
Narrow klass base: 0x0000029a97000000, Narrow klass shift: 0
Encoding Range: [0x0000029a97000000 - 0x0000029b97000000), (4294967296 bytes)
Klass Range:    [0x0000029a97000000 - 0x0000029ad8000000), (1090519040 bytes)
Klass ID Range:  [8 - 1090519033) (1090519025)


Internal statistics:

num_allocs_failed_limit: 0.
num_arena_births: 82.
num_arena_deaths: 0.
num_vsnodes_births: 2.
num_vsnodes_deaths: 0.
num_space_committed: 63.
num_space_uncommitted: 0.
num_chunks_returned_to_freelist: 0.
num_chunks_taken_from_freelist: 87.
num_chunk_merges: 0.
num_chunk_splits: 62.
num_chunks_enlarged: 40.
num_inconsistent_stats: 0.

CodeHeap 'non-profiled nmethods': size=119232Kb used=623Kb max_used=623Kb free=118608Kb
 bounds [0x0000029a87b90000, 0x0000029a87e00000, 0x0000029a8f000000]
CodeHeap 'profiled nmethods': size=119104Kb used=2539Kb max_used=2539Kb free=116565Kb
 bounds [0x0000029a80000000, 0x0000029a80280000, 0x0000029a87450000]
CodeHeap 'non-nmethods': size=7424Kb used=3081Kb max_used=3233Kb free=4342Kb
 bounds [0x0000029a87450000, 0x0000029a87780000, 0x0000029a87b90000]
CodeCache: size=245760Kb, used=6243Kb, max_used=6395Kb, free=239515Kb
 total_blobs=2232, nmethods=1778, adapters=356, full_count=0
Compilation: enabled, stopped_count=0, restarted_count=0

Compilation events (20 events):
Event: 0.378 Thread 0x0000029afeedfdf0 1774       3       jdk.jfr.internal.SettingsManager$InternalSetting::getValues (35 bytes)
Event: 0.378 Thread 0x0000029afed63ad0 1775       3       jdk.jfr.internal.Control::apply (10 bytes)
Event: 0.378 Thread 0x0000029afedec4c0 1776       3       jdk.jfr.internal.Control::findCombine (121 bytes)
Event: 0.378 Thread 0x0000029afed63ad0 nmethod 1775 0x0000029a80275d08 code [0x0000029a80275e40, 0x0000029a80276050]
Event: 0.378 Thread 0x0000029afeedfdf0 nmethod 1774 0x0000029a80276088 code [0x0000029a802761e0, 0x0000029a802766d0]
Event: 0.378 Thread 0x0000029afed63ad0 1777       3       java.lang.StringLatin1::getChar (9 bytes)
Event: 0.378 Thread 0x0000029afed63ad0 nmethod 1777 0x0000029a80276708 code [0x0000029a80276820, 0x0000029a80276940]
Event: 0.378 Thread 0x0000029afeedf460 nmethod 1773 0x0000029a80276a08 code [0x0000029a80276ca0, 0x0000029a80278120]
Event: 0.378 Thread 0x0000029afedec4c0 nmethod 1776 0x0000029a80278208 code [0x0000029a80278420, 0x0000029a80279420]
Event: 0.379 Thread 0x0000029afedec4c0 1778       1       jdk.jfr.internal.periodic.EventTask::getEventType (5 bytes)
Event: 0.379 Thread 0x0000029afedec4c0 nmethod 1778 0x0000029a87c2b008 code [0x0000029a87c2b100, 0x0000029a87c2b1c8]
Event: 0.379 Thread 0x0000029afedec4c0 1779       1       jdk.jfr.internal.periodic.PeriodicTask::getPeriod (5 bytes)
Event: 0.379 Thread 0x0000029afeedfdf0 1780       3       java.util.Comparator$$Lambda/0x0000029a9807b598::compare (10 bytes)
Event: 0.379 Thread 0x0000029afedec4c0 nmethod 1779 0x0000029a87c2b308 code [0x0000029a87c2b400, 0x0000029a87c2b4c8]
Event: 0.379 Thread 0x0000029afed63ad0 1781       3       java.util.Comparator::lambda$comparingLong$6043328a$1 (18 bytes)
Event: 0.379 Thread 0x0000029afeedf460 1782       3       java.lang.invoke.MethodHandle::keepsAlive (20 bytes)
Event: 0.379 Thread 0x0000029afeedfdf0 nmethod 1780 0x0000029a80279488 code [0x0000029a802795e0, 0x0000029a80279a70]
Event: 0.379 Thread 0x0000029afed63ad0 nmethod 1781 0x0000029a80279b08 code [0x0000029a80279c60, 0x0000029a8027a058]
Event: 0.380 Thread 0x0000029afeedf460 nmethod 1782 0x0000029a8027a088 code [0x0000029a8027a220, 0x0000029a8027ab58]
Event: 0.380 Thread 0x0000029adcd335f0 nmethod 1760 0x0000029a87c2b608 code [0x0000029a87c2b720, 0x0000029a87c2bc98]

GC Heap History (0 events):
No events

Dll operation events (8 events):
Event: 0.009 Loaded shared library C:\Program Files\Java\jdk-24\bin\java.dll
Event: 0.023 Loaded shared library C:\Program Files\Java\jdk-24\bin\jsvml.dll
Event: 0.040 Loaded shared library C:\Program Files\Java\jdk-24\bin\net.dll
Event: 0.041 Loaded shared library C:\Program Files\Java\jdk-24\bin\nio.dll
Event: 0.045 Loaded shared library C:\Program Files\Java\jdk-24\bin\zip.dll
Event: 0.158 Loaded shared library C:\Program Files\Java\jdk-24\bin\zip.dll
Event: 0.160 Loaded shared library C:\Program Files\Java\jdk-24\bin\instrument.dll
Event: 0.209 Loaded shared library C:\Program Files\Java\jdk-24\bin\jimage.dll

Deoptimization events (20 events):
Event: 0.338 Thread 0x0000029aefb15560 Uncommon trap: trap_request=0xffffffd6 fr.pc=0x0000029a87c0e298 relative=0x0000000000000738
Event: 0.338 Thread 0x0000029aefb15560 Uncommon trap: reason=array_check action=maybe_recompile pc=0x0000029a87c0e298 method=jdk.internal.classfile.impl.SplitConstantPool.internalAdd(Ljava/lang/classfile/constantpool/PoolEntry;I)Ljava/lang/classfile/constantpool/PoolEntry; @ 46 c2
Event: 0.338 Thread 0x0000029aefb15560 DEOPT PACKING pc=0x0000029a87c0e298 sp=0x000000a1206fccb0
Event: 0.338 Thread 0x0000029aefb15560 DEOPT UNPACKING pc=0x0000029a87573282 sp=0x000000a1206fcc18 mode 2
Event: 0.341 Thread 0x0000029aefb15560 Uncommon trap: trap_request=0xffffff4d fr.pc=0x0000029a87bd72a0 relative=0x0000000000000460
Event: 0.341 Thread 0x0000029aefb15560 Uncommon trap: reason=unstable_if action=reinterpret pc=0x0000029a87bd72a0 method=java.lang.StringLatin1.lastIndexOf([BI[BII)I @ 86 c2
Event: 0.341 Thread 0x0000029aefb15560 DEOPT PACKING pc=0x0000029a87bd72a0 sp=0x000000a1206fdfe0
Event: 0.341 Thread 0x0000029aefb15560 DEOPT UNPACKING pc=0x0000029a87573282 sp=0x000000a1206fde68 mode 2
Event: 0.341 Thread 0x0000029aefb15560 Uncommon trap: trap_request=0xffffff4d fr.pc=0x0000029a87bd348c relative=0x00000000000002ec
Event: 0.341 Thread 0x0000029aefb15560 Uncommon trap: reason=unstable_if action=reinterpret pc=0x0000029a87bd348c method=java.lang.StringLatin1.lastIndexOf([BI[BII)I @ 86 c2
Event: 0.341 Thread 0x0000029aefb15560 DEOPT PACKING pc=0x0000029a87bd348c sp=0x000000a1206fdf50
Event: 0.341 Thread 0x0000029aefb15560 DEOPT UNPACKING pc=0x0000029a87573282 sp=0x000000a1206fde60 mode 2
Event: 0.342 Thread 0x0000029aefb15560 Uncommon trap: trap_request=0xffffff4d fr.pc=0x0000029a87b9fbf8 relative=0x0000000000000158
Event: 0.342 Thread 0x0000029aefb15560 Uncommon trap: reason=unstable_if action=reinterpret pc=0x0000029a87b9fbf8 method=java.lang.StringLatin1.lastIndexOf([BI[BII)I @ 86 c2
Event: 0.342 Thread 0x0000029aefb15560 DEOPT PACKING pc=0x0000029a87b9fbf8 sp=0x000000a1206fded0
Event: 0.342 Thread 0x0000029aefb15560 DEOPT UNPACKING pc=0x0000029a87573282 sp=0x000000a1206fde60 mode 2
Event: 0.350 Thread 0x0000029aefb15560 Uncommon trap: trap_request=0xffffff4d fr.pc=0x0000029a87c01990 relative=0x00000000000000f0
Event: 0.350 Thread 0x0000029aefb15560 Uncommon trap: reason=unstable_if action=reinterpret pc=0x0000029a87c01990 method=java.lang.Long.valueOf(J)Ljava/lang/Long; @ 17 c2
Event: 0.350 Thread 0x0000029aefb15560 DEOPT PACKING pc=0x0000029a87c01990 sp=0x000000a1206fdbe0
Event: 0.350 Thread 0x0000029aefb15560 DEOPT UNPACKING pc=0x0000029a87573282 sp=0x000000a1206fdb78 mode 2

Classes loaded (20 events):
Event: 0.349 Loading class jdk/jfr/internal/MetadataWriter
Event: 0.349 Loading class jdk/jfr/internal/MetadataWriter done
Event: 0.350 Loading class jdk/jfr/internal/MetadataDescriptor$Element
Event: 0.350 Loading class jdk/jfr/internal/MetadataDescriptor$Element done
Event: 0.350 Loading class jdk/jfr/internal/MetadataDescriptor$Attribute
Event: 0.350 Loading class jdk/jfr/internal/MetadataDescriptor$Attribute done
Event: 0.355 Loading class jdk/jfr/internal/consumer/StringParser$Encoding
Event: 0.355 Loading class jdk/jfr/internal/consumer/StringParser$Encoding done
Event: 0.361 Loading class jdk/jfr/internal/consumer/RepositoryFiles
Event: 0.361 Loading class jdk/jfr/internal/consumer/RepositoryFiles done
Event: 0.376 Loading class jdk/jfr/internal/SettingsManager$InternalSetting
Event: 0.376 Loading class jdk/jfr/internal/SettingsManager$InternalSetting done
Event: 0.377 Loading class jdk/jfr/internal/util/Rate
Event: 0.377 Loading class jdk/jfr/internal/util/Rate done
Event: 0.377 Loading class jdk/jfr/internal/util/TimespanUnit
Event: 0.377 Loading class jdk/jfr/internal/util/TimespanUnit done
Event: 0.377 Loading class jdk/jfr/internal/util/ValueParser
Event: 0.377 Loading class jdk/jfr/internal/util/ValueParser done
Event: 0.378 Loading class jdk/jfr/internal/periodic/PeriodicType
Event: 0.378 Loading class jdk/jfr/internal/periodic/PeriodicType done

Classes unloaded (0 events):
No events

Classes redefined (0 events):
No events

Internal exceptions (20 events):
Event: 0.178 Thread 0x0000029aefb15560 Exception <a 'java/lang/NoSuchMethodError'{0x000000062c96fe98}: 'java.lang.Object java.lang.invoke.DirectMethodHandle$Holder.invokeStaticInit(java.lang.Object, java.lang.Object, java.lang.Object)'> (0x000000062c96fe98) 
thrown [s\open\src\hotspot\share\interpreter\linkResolver.cpp, line 805]
Event: 0.182 Thread 0x0000029afed2b180 Exception <a 'java/lang/ClassNotFoundException'{0x000000062c9f2bc0}: jdk/net/ExtendedSocketOptions> (0x000000062c9f2bc0) 
thrown [s\open\src\hotspot\share\classfile\systemDictionary.cpp, line 327]
Event: 0.183 Thread 0x0000029afed2b180 Exception <a 'java/lang/NoSuchMethodError'{0x000000062c9f4648}: 'void java.lang.invoke.DirectMethodHandle$Holder.invokeStatic(java.lang.Object, java.lang.Object)'> (0x000000062c9f4648) 
thrown [s\open\src\hotspot\share\interpreter\linkResolver.cpp, line 805]
Event: 0.227 Thread 0x0000029aefb15560 Exception <a 'sun/nio/fs/WindowsException'{0x000000062c572618}> (0x000000062c572618) 
thrown [s\open\src\hotspot\share\prims\jni.cpp, line 518]
Event: 0.231 Thread 0x0000029aefb15560 Exception <a 'java/lang/NoSuchMethodError'{0x000000062c5a1e58}: 'java.lang.Object java.lang.invoke.DirectMethodHandle$Holder.invokeStatic(java.lang.Object, int, java.lang.Object)'> (0x000000062c5a1e58) 
thrown [s\open\src\hotspot\share\interpreter\linkResolver.cpp, line 805]
Event: 0.233 Thread 0x0000029aefb15560 Implicit null exception at 0x0000029a87bdca56 to 0x0000029a87bdcaf6
Event: 0.233 Thread 0x0000029aefb15560 Implicit null exception at 0x0000029a87bc181d to 0x0000029a87bc189d
Event: 0.240 Thread 0x0000029aefb15560 Exception <a 'java/lang/NoSuchMethodError'{0x000000062c5f1528}: 'void java.lang.invoke.DirectMethodHandle$Holder.invokeStaticInit(java.lang.Object)'> (0x000000062c5f1528) 
thrown [s\open\src\hotspot\share\interpreter\linkResolver.cpp, line 805]
Event: 0.254 Thread 0x0000029aefb15560 Exception <a 'java/lang/NoSuchMethodError'{0x000000062c6be0b0}: 'java.lang.Object java.lang.invoke.DirectMethodHandle$Holder.newInvokeSpecial(java.lang.Object, java.lang.Object, java.lang.Object, java.lang.Object, java.lang.Object)'> (0x000000062c6be0b0) 
thrown [s\open\src\hotspot\share\interpreter\linkResolver.cpp, line 805]
Event: 0.276 Thread 0x0000029aefb15560 Exception <a 'java/lang/NoSuchMethodError'{0x000000062c054ce0}: 'long java.lang.invoke.DirectMethodHandle$Holder.invokeVirtual(java.lang.Object, java.lang.Object)'> (0x000000062c054ce0) 
thrown [s\open\src\hotspot\share\interpreter\linkResolver.cpp, line 805]
Event: 0.277 Thread 0x0000029aefb15560 Exception <a 'java/lang/NoSuchMethodError'{0x000000062c0646e8}: 'int java.lang.invoke.DirectMethodHandle$Holder.invokeStatic(java.lang.Object, java.lang.Object, java.lang.Object, java.lang.Object)'> (0x000000062c0646e8) 
thrown [s\open\src\hotspot\share\interpreter\linkResolver.cpp, line 805]
Event: 0.306 Thread 0x0000029aefb15560 Exception <a 'java/lang/NoSuchMethodError'{0x000000062c2a9ca8}: 'int java.lang.invoke.DirectMethodHandle$Holder.invokeSpecial(java.lang.Object, java.lang.Object, java.lang.Object)'> (0x000000062c2a9ca8) 
thrown [s\open\src\hotspot\share\interpreter\linkResolver.cpp, line 805]
Event: 0.337 Thread 0x0000029aefb15560 Exception <a 'java/lang/NoSuchMethodError'{0x000000062bc7be30}: 'void java.lang.invoke.DirectMethodHandle$Holder.invokeSpecial(java.lang.Object, java.lang.Object, int)'> (0x000000062bc7be30) 
thrown [s\open\src\hotspot\share\interpreter\linkResolver.cpp, line 805]
Event: 0.337 Thread 0x0000029aefb15560 Exception <a 'java/lang/NoSuchMethodError'{0x000000062bc83a50}: 'void java.lang.invoke.Invokers$Holder.invokeExact_MT(java.lang.Object, int, java.lang.Object)'> (0x000000062bc83a50) 
thrown [s\open\src\hotspot\share\interpreter\linkResolver.cpp, line 805]
Event: 0.338 Thread 0x0000029aefb15560 Exception <a 'java/lang/NoSuchMethodError'{0x000000062bc9e300}: 'void java.lang.invoke.DirectMethodHandle$Holder.invokeStatic(java.lang.Object, java.lang.Object, int)'> (0x000000062bc9e300) 
thrown [s\open\src\hotspot\share\interpreter\linkResolver.cpp, line 805]
Event: 0.339 Thread 0x0000029aefb15560 Exception <a 'java/lang/NoSuchMethodError'{0x000000062bcad3f0}: 'java.lang.Object java.lang.invoke.DirectMethodHandle$Holder.newInvokeSpecial(java.lang.Object, java.lang.Object, int)'> (0x000000062bcad3f0) 
thrown [s\open\src\hotspot\share\interpreter\linkResolver.cpp, line 805]
Event: 0.339 Thread 0x0000029afed285a0 Exception <a 'java/lang/NoSuchMethodError'{0x000000062bcf6f68}: 'long java.lang.invoke.DirectMethodHandle$Holder.invokeSpecial(java.lang.Object, java.lang.Object)'> (0x000000062bcf6f68) 
thrown [s\open\src\hotspot\share\interpreter\linkResolver.cpp, line 805]
Event: 0.343 Thread 0x0000029aefb15560 Exception <a 'sun/nio/fs/WindowsException'{0x000000062bce24f0}> (0x000000062bce24f0) 
thrown [s\open\src\hotspot\share\prims\jni.cpp, line 518]
Event: 0.345 Thread 0x0000029aefb15560 Exception <a 'sun/nio/fs/WindowsException'{0x000000062bcef388}> (0x000000062bcef388) 
thrown [s\open\src\hotspot\share\prims\jni.cpp, line 518]
Event: 0.348 Thread 0x0000029aefb15560 Exception <a 'sun/nio/fs/WindowsException'{0x000000062bdf9610}> (0x000000062bdf9610) 
thrown [s\open\src\hotspot\share\prims\jni.cpp, line 518]

VM Operations (16 events):
Event: 0.121 Executing VM operation: HandshakeAllThreads (Deoptimize)
Event: 0.121 Executing VM operation: HandshakeAllThreads (Deoptimize) done
Event: 0.121 Executing VM operation: HandshakeAllThreads (Deoptimize)
Event: 0.121 Executing VM operation: HandshakeAllThreads (Deoptimize) done
Event: 0.122 Executing VM operation: HandshakeAllThreads (Deoptimize)
Event: 0.122 Executing VM operation: HandshakeAllThreads (Deoptimize) done
Event: 0.145 Executing VM operation: HandshakeAllThreads (Deoptimize)
Event: 0.145 Executing VM operation: HandshakeAllThreads (Deoptimize) done
Event: 0.250 Executing VM operation: HandshakeAllThreads (Deoptimize)
Event: 0.250 Executing VM operation: HandshakeAllThreads (Deoptimize) done
Event: 0.340 Executing VM operation: HandshakeAllThreads (Deoptimize)
Event: 0.340 Executing VM operation: HandshakeAllThreads (Deoptimize) done
Event: 0.341 Executing VM operation: HandshakeAllThreads (Deoptimize)
Event: 0.341 Executing VM operation: HandshakeAllThreads (Deoptimize) done
Event: 0.361 Executing VM operation: JFRSafepointClear
Event: 0.361 Executing VM operation: JFRSafepointClear done

Memory protections (0 events):
No events

Nmethod flushes (0 events):
No events

Events (20 events):
Event: 0.021 Thread 0x0000029aefb15560 Thread added: 0x0000029afed134e0
Event: 0.021 Thread 0x0000029aefb15560 Thread added: 0x0000029afed16370
Event: 0.021 Thread 0x0000029aefb15560 Thread added: 0x0000029afed19390
Event: 0.021 Thread 0x0000029aefb15560 Thread added: 0x0000029afed29b90
Event: 0.021 Thread 0x0000029aefb15560 Thread added: 0x0000029afed300a0
Event: 0.021 Thread 0x0000029aefb15560 Thread added: 0x0000029afed63ad0
Event: 0.023 Thread 0x0000029afed63ad0 Thread added: 0x0000029afedec4c0
Event: 0.039 Thread 0x0000029aefb15560 Thread added: 0x0000029afed2aa30
Event: 0.043 Thread 0x0000029afedec4c0 Thread added: 0x0000029afeedf460
Event: 0.043 Thread 0x0000029afedec4c0 Thread added: 0x0000029afeedfdf0
Event: 0.059 Thread 0x0000029afedec4c0 Thread added: 0x0000029adc001070
Event: 0.061 Thread 0x0000029afeedf460 Thread added: 0x0000029adc08d980
Event: 0.064 Thread 0x0000029adc08d980 Thread added: 0x0000029adc092b50
Event: 0.066 Thread 0x0000029afedec4c0 Thread added: 0x0000029adc2311d0
Event: 0.066 Thread 0x0000029afedec4c0 Thread added: 0x0000029adc231960
Event: 0.094 Thread 0x0000029adc231960 Thread added: 0x0000029adcd335f0
Event: 0.094 Thread 0x0000029adc231960 Thread added: 0x0000029adcc487b0
Event: 0.173 Thread 0x0000029aefb15560 Thread added: 0x0000029afed2b180
Event: 0.239 Thread 0x0000029aefb15560 Thread added: 0x0000029afed2b8d0
Event: 0.339 Thread 0x0000029aefb15560 Thread added: 0x0000029afed285a0


Dynamic libraries:
0x00007ff74c770000 - 0x00007ff74c780000 	C:\Program Files\Java\jdk-24\bin\java.exe
0x00007ff862d00000 - 0x00007ff862f66000 	C:\WINDOWS\SYSTEM32\ntdll.dll
0x00007ff862150000 - 0x00007ff862219000 	C:\WINDOWS\System32\KERNEL32.DLL
0x00007ff8600a0000 - 0x00007ff86046c000 	C:\WINDOWS\System32\KERNELBASE.dll
0x00007ff860970000 - 0x00007ff860abb000 	C:\WINDOWS\System32\ucrtbase.dll
0x00007ff85c030000 - 0x00007ff85c04b000 	C:\Program Files\Java\jdk-24\bin\VCRUNTIME140.dll
0x00007ff808840000 - 0x00007ff808856000 	C:\Program Files\Java\jdk-24\bin\jli.dll
0x00007ff861d30000 - 0x00007ff861efa000 	C:\WINDOWS\System32\USER32.dll
0x00007ff860670000 - 0x00007ff860697000 	C:\WINDOWS\System32\win32u.dll
0x00007ff861310000 - 0x00007ff86133b000 	C:\WINDOWS\System32\GDI32.dll
0x00007ff84e1b0000 - 0x00007ff84e44a000 	C:\WINDOWS\WinSxS\amd64_microsoft.windows.common-controls_6595b64144ccf1df_6.0.26100.3912_none_3e07963ce335137e\COMCTL32.dll
0x00007ff860470000 - 0x00007ff8605a2000 	C:\WINDOWS\System32\gdi32full.dll
0x00007ff862c10000 - 0x00007ff862cb9000 	C:\WINDOWS\System32\msvcrt.dll
0x00007ff860740000 - 0x00007ff8607e3000 	C:\WINDOWS\System32\msvcp_win.dll
0x00007ff862470000 - 0x00007ff8624a0000 	C:\WINDOWS\System32\IMM32.DLL
0x00007ff835670000 - 0x00007ff83567c000 	C:\Program Files\Java\jdk-24\bin\vcruntime140_1.dll
0x00007ff8087b0000 - 0x00007ff80883e000 	C:\Program Files\Java\jdk-24\bin\msvcp140.dll
0x00007fff5c010000 - 0x00007fff5cdb2000 	C:\Program Files\Java\jdk-24\bin\server\jvm.dll
0x00007ff861b50000 - 0x00007ff861c02000 	C:\WINDOWS\System32\ADVAPI32.dll
0x00007ff862850000 - 0x00007ff8628f6000 	C:\WINDOWS\System32\sechost.dll
0x00007ff861a30000 - 0x00007ff861b46000 	C:\WINDOWS\System32\RPCRT4.dll
0x00007ff861980000 - 0x00007ff8619f4000 	C:\WINDOWS\System32\WS2_32.dll
0x00007ff85f6d0000 - 0x00007ff85f72e000 	C:\WINDOWS\SYSTEM32\POWRPROF.dll
0x00007ff853b70000 - 0x00007ff853b7b000 	C:\WINDOWS\SYSTEM32\VERSION.dll
0x00007ff854010000 - 0x00007ff854046000 	C:\WINDOWS\SYSTEM32\WINMM.dll
0x00007ff85f3e0000 - 0x00007ff85f3f4000 	C:\WINDOWS\SYSTEM32\UMPDC.dll
0x00007ff85e2e0000 - 0x00007ff85e2fa000 	C:\WINDOWS\SYSTEM32\kernel.appcore.dll
0x00007ff82e590000 - 0x00007ff82e59a000 	C:\Program Files\Java\jdk-24\bin\jimage.dll
0x00007ff85f740000 - 0x00007ff85f981000 	C:\WINDOWS\SYSTEM32\DBGHELP.DLL
0x00007ff8624c0000 - 0x00007ff862844000 	C:\WINDOWS\System32\combase.dll
0x00007ff862b20000 - 0x00007ff862c00000 	C:\WINDOWS\System32\OLEAUT32.dll
0x00007ff85f5c0000 - 0x00007ff85f5f9000 	C:\WINDOWS\SYSTEM32\dbgcore.DLL
0x00007ff8606a0000 - 0x00007ff860739000 	C:\WINDOWS\System32\bcryptPrimitives.dll
0x00007ff82b530000 - 0x00007ff82b53f000 	C:\Program Files\Java\jdk-24\bin\instrument.dll
0x00007ff808790000 - 0x00007ff8087ae000 	C:\Program Files\Java\jdk-24\bin\java.dll
0x00007ff861340000 - 0x00007ff8614df000 	C:\WINDOWS\System32\ole32.dll
0x00007ff860bc0000 - 0x00007ff8612ed000 	C:\WINDOWS\System32\SHELL32.dll
0x00007ff8607f0000 - 0x00007ff860964000 	C:\WINDOWS\System32\wintypes.dll
0x00007ff8066e0000 - 0x00007ff8068d8000 	C:\Users\lukas\AppData\Local\Temp\idea_libasyncProfiler_dll_temp_folder1\libasyncProfiler.dll
0x00007ff85d060000 - 0x00007ff85d8b6000 	C:\WINDOWS\SYSTEM32\windows.storage.dll
0x00007ff860ac0000 - 0x00007ff860baf000 	C:\WINDOWS\System32\SHCORE.dll
0x00007ff861f00000 - 0x00007ff861f69000 	C:\WINDOWS\System32\shlwapi.dll
0x00007ff85fda0000 - 0x00007ff85fdcf000 	C:\WINDOWS\SYSTEM32\profapi.dll
0x00007ff806b00000 - 0x00007ff806bd7000 	C:\Program Files\Java\jdk-24\bin\jsvml.dll
0x00007ff814560000 - 0x00007ff814570000 	C:\Program Files\Java\jdk-24\bin\net.dll
0x00007ff85e7f0000 - 0x00007ff85e85a000 	C:\WINDOWS\system32\mswsock.dll
0x00007ff808770000 - 0x00007ff808786000 	C:\Program Files\Java\jdk-24\bin\nio.dll
0x00007ff808750000 - 0x00007ff808767000 	C:\Program Files\Java\jdk-24\bin\zip.dll

JVMTI agents:
C:\Program Files\JetBrains\IntelliJ IDEA 2025.1\lib\idea_rt.jar path:C:\Program Files\Java\jdk-24\bin\instrument.dll, loaded, initialized, instrumentlib options:64022
C:\Users\lukas\AppData\Local\Temp\idea_libasyncProfiler_dll_temp_folder1\libasyncProfiler.dll path:C:\Users\lukas\AppData\Local\Temp\idea_libasyncProfiler_dll_temp_folder1\libasyncProfiler.dll, loaded, initialized, options:start,jfr,event=wall,interval=10ms,jfrsync=profile,cstack=no,file=C:\Users\lukas\IdeaSnapshots\Main_2025_06_09_173018.jfr,dbghelppath=C:\Users\lukas\AppData\Local\Temp\idea_dbghelp_dll_temp_folder\dbghelp.dll,log=C:\Users\lukas\AppData\Local\Temp\Main_2025_06_09_173018.jfr.log.txt,logLevel=DEBUG

dbghelp: loaded successfully - version: 4.0.5 - missing functions: none
symbol engine: initialized successfully - sym options: 0x614 - pdb path: .;C:\Program Files\Java\jdk-24\bin;C:\WINDOWS\SYSTEM32;C:\WINDOWS\WinSxS\amd64_microsoft.windows.common-controls_6595b64144ccf1df_6.0.26100.3912_none_3e07963ce335137e;C:\Program Files\Java\jdk-24\bin\server;C:\Users\lukas\AppData\Local\Temp\idea_libasyncProfiler_dll_temp_folder1

VM Arguments:
jvm_args: -javaagent:C:\Program Files\JetBrains\IntelliJ IDEA 2025.1\lib\idea_rt.jar=64022 -agentpath:C:\Users\lukas\AppData\Local\Temp\idea_libasyncProfiler_dll_temp_folder1\libasyncProfiler.dll=start,jfr,event=wall,interval=10ms,jfrsync=profile,cstack=no,file=C:\Users\lukas\IdeaSnapshots\Main_2025_06_09_173018.jfr,dbghelppath=C:\Users\lukas\AppData\Local\Temp\idea_dbghelp_dll_temp_folder\dbghelp.dll,log=C:\Users\lukas\AppData\Local\Temp\Main_2025_06_09_173018.jfr.log.txt,logLevel=DEBUG -Dfile.encoding=UTF-8 -Dsun.stdout.encoding=UTF-8 -Dsun.stderr.encoding=UTF-8 --module-path=C:\Users\lukas\.m2\repository\com\github\almasb\fxgl\17.3\fxgl-17.3.jar;C:\Users\lukas\.m2\repository\net\synedra\validatorfx\0.5.0\validatorfx-0.5.0.jar;C:\Users\lukas\.m2\repository\org\kordamp\ikonli\ikonli-core\12.3.1\ikonli-core-12.3.1.jar;C:\Users\lukas\.m2\repository\com\gluonhq\attach\lifecycle\4.0.17\lifecycle-4.0.17.jar;C:\Users\lukas\.m2\repository\org\openjfx\javafx-swing\17.0.6\javafx-swing-17.0.6-win.jar;C:\Users\lukas\.m2\repository\org\kordamp\bootstrapfx\bootstrapfx-core\0.4.0\bootstrapfx-core-0.4.0.jar;C:\Users\lukas\.m2\repository\org\controlsfx\controlsfx\11.2.1\controlsfx-11.2.1.jar;C:\Users\lukas\.m2\repository\eu\hansolo\toolboxfx\21.0.3\toolboxfx-21.0.3.jar;C:\Users\lukas\.m2\repository\org\openjfx\javafx-graphics\24.0.1\javafx-graphics-24.0.1-win.jar;C:\Users\lukas\.m2\repository\eu\hansolo\fx\heatmap\21.0.3\heatmap-21.0.3.jar;C:\Users\lukas\.m2\repository\org\openjfx\javafx-media\17.0.6\javafx-media-17.0.6-win.jar;C:\Users\lukas\.m2\repository\com\gluonhq\attach\util\4.0.17\util-4.0.17.jar;C:\Users\lukas\.m2\repository\org\openjfx\javafx-base\24.0.1\javafx-base-24.0.1-win.jar;C:\Users\lukas\.m2\repository\com\gluonhq\attach\storage\4.0.17\storage-4.0.17.jar;C:\Users\lukas\.m2\repository\io\github\mkpaz\atlantafx-base\2.0.1\atlantafx-base-2.0.1.jar;C:\Users\lukas\.m2\repository\com\fasterxml\jackson\core\jackson-annotations\2.14.2\jackson-annotations-2.14.2.jar;C:\Users\lukas\.m2\repository\com\github\almasb\fxgl-gameplay\17.3\fxgl-gameplay-17.3.jar;C:\Users\lukas\.m2\repository\org\openjfx\javafx-fxml\17.0.6\javafx-fxml-17.0.6-win.jar;C:\Users\lukas\.m2\repository\eu\hansolo\fx\countries\21.0.3\countries-21.0.3.jar;C:\Users\lukas\.m2\repository\org\openjfx\javafx-controls\24.0.1\javafx-controls-24.0.1-win.jar;C:\Users\lukas\.m2\repository\com\dlsc\formsfx\formsfx-core\11.6.0\formsfx-core-11.6.0.jar;C:\Users\lukas\.m2\repository\org\openjfx\javafx-web\17.0.6\javafx-web-17.0.6-win.jar;C:\Users\lukas\.m2\repository\com\github\al-Djdk.module.main=com.cosmic.snakegamecraft 
java_command: com.cosmic.snakegamecraft/com.cosmic.snakegamecraft.Main
java_class_path (initial): C:\Users\lukas\.m2\repository\org\openjfx\javafx-controls\24.0.1\javafx-controls-24.0.1.jar;C:\Users\lukas\.m2\repository\org\openjfx\javafx-graphics\24.0.1\javafx-graphics-24.0.1.jar;C:\Users\lukas\.m2\repository\org\openjfx\javafx-base\24.0.1\javafx-base-24.0.1.jar;C:\Users\lukas\.m2\repository\org\openjfx\javafx-fxml\17.0.6\javafx-fxml-17.0.6.jar;C:\Users\lukas\.m2\repository\org\openjfx\javafx-web\17.0.6\javafx-web-17.0.6.jar;C:\Users\lukas\.m2\repository\org\openjfx\javafx-swing\17.0.6\javafx-swing-17.0.6.jar;C:\Users\lukas\.m2\repository\org\openjfx\javafx-media\17.0.6\javafx-media-17.0.6.jar;C:\Users\lukas\.m2\repository\org\jetbrains\kotlin\kotlin-stdlib-common\1.8.10\kotlin-stdlib-common-1.8.10.jar
Launcher Type: SUN_STANDARD

[Global flags]
     intx CICompilerCount                          = 12                                        {product} {ergonomic}
     uint ConcGCThreads                            = 3                                         {product} {ergonomic}
     bool FlightRecorder                           = true                                      {product} {management}
     uint G1ConcRefinementThreads                  = 13                                        {product} {ergonomic}
   size_t G1HeapRegionSize                         = 4194304                                   {product} {ergonomic}
   size_t InitialHeapSize                          = 524288000                                 {product} {ergonomic}
   size_t MarkStackSize                            = 4194304                                   {product} {ergonomic}
   size_t MarkStackSizeMax                         = 536870912                                 {product} {ergonomic}
   size_t MaxHeapSize                              = 8346664960                                {product} {ergonomic}
   size_t MaxNewSize                               = 5007998976                                {product} {ergonomic}
   size_t MinHeapDeltaBytes                        = 4194304                                   {product} {ergonomic}
   size_t MinHeapSize                              = 8388608                                   {product} {ergonomic}
    uintx NonNMethodCodeHeapSize                   = 7602176                                {pd product} {ergonomic}
    uintx NonProfiledCodeHeapSize                  = 122093568                              {pd product} {ergonomic}
    uintx ProfiledCodeHeapSize                     = 121962496                              {pd product} {ergonomic}
    uintx ReservedCodeCacheSize                    = 251658240                              {pd product} {ergonomic}
     bool SegmentedCodeCache                       = true                                      {product} {ergonomic}
   size_t SoftMaxHeapSize                          = 8346664960                             {manageable} {ergonomic}
     bool UseCompressedOops                        = true                           {product lp64_product} {ergonomic}
     bool UseG1GC                                  = true                                      {product} {ergonomic}
     bool UseLargePagesIndividualAllocation        = false                                  {pd product} {ergonomic}

Logging:
Log output configuration:
 #0: stdout all=warning uptime,level,tags foldmultilines=false
 #1: stderr all=off uptime,level,tags foldmultilines=false

Environment Variables:
PATH=C:\Program Files\Common Files\Oracle\Java\javapath;C:\Program Files (x86)\Common Files\Oracle\Java\java8path;C:\Program Files (x86)\Common Files\Oracle\Java\javapath;C:\WINDOWS\system32;C:\WINDOWS;C:\WINDOWS\System32\Wbem;C:\WINDOWS\System32\WindowsPowerShell\v1.0\;C:\WINDOWS\System32\OpenSSH\;C:\Program Files\Git\cmd;C:\Program Files\Docker\Docker\resources\bin;C:\Program Files\dotnet\;C:\Program Files\nodejs\;C:\Users\lukas\scoop\apps\maven\current\bin;C:\Users\lukas\scoop\shims;C:\Program Files\Common Files\Oracle\Java\javapath;C:\Program Files (x86)\Common Files\Oracle\Java\java8path;C:\Program Files (x86)\Common Files\Oracle\Java\javapath;C:\WINDOWS\system32;C:\WINDOWS;C:\WINDOWS\System32\Wbem;C:\WINDOWS\System32\WindowsPowerShell\v1.0\;C:\WINDOWS\System32\OpenSSH\;C:\Program Files\Git\cmd;C:\Program Files\Docker\Docker\resources\bin;C:\Program Files\dotnet\;C:\Users\lukas\AppData\Local\Microsoft\WindowsApps;C:\Program Files\JetBrains\PyCharm 2024.3.5\bin;C:\Users\lukas\AppData\Local\Programs\Microsoft VS Code\bin;C:\Users\lukas\\scoop\\apps\\maven\\current\\bin;C:\Users\lukas\AppData\Roaming\npm
USERNAME=lukas
OS=Windows_NT
PROCESSOR_IDENTIFIER=AMD64 Family 25 Model 97 Stepping 2, AuthenticAMD
TMP=C:\Users\lukas\AppData\Local\Temp
TEMP=C:\Users\lukas\AppData\Local\Temp




Periodic native trim disabled

---------------  S Y S T E M  ---------------

OS:
 Windows 11 , 64 bit Build 26100 (10.0.26100.3912)
OS uptime: 0 days 23:12 hours
Hyper-V role detected

CPU: total 16 (initial active 16) (16 cores per cpu, 2 threads per core) family 25 model 97 stepping 2 microcode 0xa601209, cx8, cmov, fxsr, ht, mmx, 3dnowpref, sse, sse2, sse3, ssse3, sse4a, sse4.1, sse4.2, popcnt, lzcnt, tsc, tscinvbit, avx, avx2, aes, erms, clmul, bmi1, bmi2, adx, avx512f, avx512dq, avx512cd, avx512bw, avx512vl, sha, fma, vzeroupper, avx512_vpopcntdq, avx512_vpclmulqdq, avx512_vaes, avx512_vnni, clflush, clflushopt, avx512_vbmi2, avx512_vbmi, hv, rdtscp, rdpid, fsrm, gfni, avx512_bitalg, f16c, cet_ss, avx512_ifma
Processor Information for the first 16 processors :
  Max Mhz: 4201, Current Mhz: 4201, Mhz Limit: 4201

Memory: 4k page, system-wide physical 31831M (14558M free)
TotalPageFile size 51287M (AvailPageFile size 22330M)
current process WorkingSet (physical memory assigned to process): 134M, peak: 134M
current process commit charge ("private bytes"): 691M, peak: 691M

vm_info: Java HotSpot(TM) 64-Bit Server VM (24.0.1+9-30) for windows-amd64 JRE (24.0.1+9-30), built on 2025-03-05T07:23:45Z with MS VC++ 17.6 (VS2022)

END.
